Archive member included to satisfy reference by file (symbol)

C:/Users/Jacob/Desktop/H60/DWM1001/Source_Code/DWM1001_on_board_package/DWM1001_on_board_package_R2.0/dwm/examples/dwm_Listener/../../lib/libdwm.a(ble-server.o)
                              C:/Users/Jacob/Desktop/H60/DWM1001/Source_Code/DWM1001_on_board_package/DWM1001_on_board_package_R2.0/dwm/examples/dwm_Listener/../../lib/dwm.o (ble_add_shell_cmds)
C:/Users/Jacob/Desktop/H60/DWM1001/Source_Code/DWM1001_on_board_package/DWM1001_on_board_package_R2.0/dwm/examples/dwm_Listener/../../lib/libdwm.a(ble_srv_common.o)
                              C:/Users/Jacob/Desktop/H60/DWM1001/Source_Code/DWM1001_on_board_package/DWM1001_on_board_package_R2.0/dwm/examples/dwm_Listener/../../lib/libdwm.a(ble-server.o) (ble_srv_is_notification_enabled)
C:/Users/Jacob/Desktop/H60/DWM1001/Source_Code/DWM1001_on_board_package/DWM1001_on_board_package_R2.0/dwm/examples/dwm_Listener/../../lib/libdwm.a(dw1000.o)
                              C:/Users/Jacob/Desktop/H60/DWM1001/Source_Code/DWM1001_on_board_package/DWM1001_on_board_package_R2.0/dwm/examples/dwm_Listener/../../lib/libdwm.a(ble-server.o) (dw_rand)
C:/Users/Jacob/Desktop/H60/DWM1001/Source_Code/DWM1001_on_board_package/DWM1001_on_board_package_R2.0/dwm/examples/dwm_Listener/../../lib/libdwm.a(dwm-math.o)
                              C:/Users/Jacob/Desktop/H60/DWM1001/Source_Code/DWM1001_on_board_package/DWM1001_on_board_package_R2.0/dwm/examples/dwm_Listener/../../lib/libdwm.a(dw1000.o) (flog10)
C:/Users/Jacob/Desktop/H60/DWM1001/Source_Code/DWM1001_on_board_package/DWM1001_on_board_package_R2.0/dwm/examples/dwm_Listener/../../lib/libdwm.a(dwm.o)
                              C:/Users/Jacob/Desktop/H60/DWM1001/Source_Code/DWM1001_on_board_package/DWM1001_on_board_package_R2.0/dwm/examples/dwm_Listener/output/compiler/dwm-simple.o (dwm_systime_us_get)
C:/Users/Jacob/Desktop/H60/DWM1001/Source_Code/DWM1001_on_board_package/DWM1001_on_board_package_R2.0/dwm/examples/dwm_Listener/../../lib/libdwm.a(env-tlv.o)
                              C:/Users/Jacob/Desktop/H60/DWM1001/Source_Code/DWM1001_on_board_package/DWM1001_on_board_package_R2.0/dwm/examples/dwm_Listener/../../lib/dwm.o (env_load)
C:/Users/Jacob/Desktop/H60/DWM1001/Source_Code/DWM1001_on_board_package/DWM1001_on_board_package_R2.0/dwm/examples/dwm_Listener/../../lib/libdwm.a(fwup.o)
                              C:/Users/Jacob/Desktop/H60/DWM1001/Source_Code/DWM1001_on_board_package/DWM1001_on_board_package_R2.0/dwm/examples/dwm_Listener/../../lib/libdwm.a(ble-server.o) (fwup_rcvr_in_progress)
C:/Users/Jacob/Desktop/H60/DWM1001/Source_Code/DWM1001_on_board_package/DWM1001_on_board_package_R2.0/dwm/examples/dwm_Listener/../../lib/libdwm.a(hal.o)
                              C:/Users/Jacob/Desktop/H60/DWM1001/Source_Code/DWM1001_on_board_package/DWM1001_on_board_package_R2.0/dwm/examples/dwm_Listener/../../lib/libdwm.a(dwm.o) (hal_factory_reset)
C:/Users/Jacob/Desktop/H60/DWM1001/Source_Code/DWM1001_on_board_package/DWM1001_on_board_package_R2.0/dwm/examples/dwm_Listener/../../lib/libdwm.a(nrf_drv_rng.o)
                              C:/Users/Jacob/Desktop/H60/DWM1001/Source_Code/DWM1001_on_board_package/DWM1001_on_board_package_R2.0/dwm/examples/dwm_Listener/../../lib/libdwm.a(hal.o) (nrf_drv_rng_init)
C:/Users/Jacob/Desktop/H60/DWM1001/Source_Code/DWM1001_on_board_package/DWM1001_on_board_package_R2.0/dwm/examples/dwm_Listener/../../lib/libdwm.a(pm.o)
                              C:/Users/Jacob/Desktop/H60/DWM1001/Source_Code/DWM1001_on_board_package/DWM1001_on_board_package_R2.0/dwm/examples/dwm_Listener/../../lib/libdwm.a(ble-server.o) (pm_sched_signal)
C:/Users/Jacob/Desktop/H60/DWM1001/Source_Code/DWM1001_on_board_package/DWM1001_on_board_package_R2.0/dwm/examples/dwm_Listener/../../lib/libdwm.a(process-api.o)
                              C:/Users/Jacob/Desktop/H60/DWM1001/Source_Code/DWM1001_on_board_package/DWM1001_on_board_package_R2.0/dwm/examples/dwm_Listener/../../lib/dwm.o (api_thread_start)
C:/Users/Jacob/Desktop/H60/DWM1001/Source_Code/DWM1001_on_board_package/DWM1001_on_board_package_R2.0/dwm/examples/dwm_Listener/../../lib/libdwm.a(process-ble.o)
                              C:/Users/Jacob/Desktop/H60/DWM1001/Source_Code/DWM1001_on_board_package/DWM1001_on_board_package_R2.0/dwm/examples/dwm_Listener/../../lib/libdwm.a(ble-server.o) (ble_server_evt_put)
C:/Users/Jacob/Desktop/H60/DWM1001/Source_Code/DWM1001_on_board_package/DWM1001_on_board_package_R2.0/dwm/examples/dwm_Listener/../../lib/libdwm.a(process-le.o)
                              C:/Users/Jacob/Desktop/H60/DWM1001/Source_Code/DWM1001_on_board_package/DWM1001_on_board_package_R2.0/dwm/examples/dwm_Listener/../../lib/dwm.o (le_init)
C:/Users/Jacob/Desktop/H60/DWM1001/Source_Code/DWM1001_on_board_package/DWM1001_on_board_package_R2.0/dwm/examples/dwm_Listener/../../lib/libdwm.a(process-pm.o)
[...]
Memory Configuration

Name             Origin             Length             Attributes
sram             0x200035e0         0x0000ba20
flash            0x00044000         0x0003c000
*default*        0x00000000         0xffffffff

Linker script and memory map

LOAD C:/Users/Jacob/Desktop/H60/DWM1001/Source_Code/DWM1001_on_board_package/DWM1001_on_board_package_R2.0/dwm/examples/dwm_Listener/../../lib\vectors.o
LOAD C:/Users/Jacob/Desktop/H60/DWM1001/Source_Code/DWM1001_on_board_package/DWM1001_on_board_package_R2.0/dwm/examples/dwm_Listener/output/compiler/dwm-simple.o
LOAD C:/Users/Jacob/Desktop/H60/DWM1001/Source_Code/DWM1001_on_board_package/DWM1001_on_board_package_R2.0/dwm/examples/dwm_Listener/output/compiler/hal.o
LOAD C:/Users/Jacob/Desktop/H60/DWM1001/Source_Code/DWM1001_on_board_package/DWM1001_on_board_package_R2.0/dwm/examples/dwm_Listener/output/compiler/hal_gpio.o
LOAD C:/Users/Jacob/Desktop/H60/DWM1001/Source_Code/DWM1001_on_board_package/DWM1001_on_board_package_R2.0/dwm/examples/dwm_Listener/output/compiler/hal_log.o
LOAD C:/Users/Jacob/Desktop/H60/DWM1001/Source_Code/DWM1001_on_board_package/DWM1001_on_board_package_R2.0/dwm/examples/dwm_Listener/output/compiler/test.o
LOAD C:/Users/Jacob/Desktop/H60/DWM1001/Source_Code/DWM1001_on_board_package/DWM1001_on_board_package_R2.0/dwm/examples/dwm_Listener/output/compiler/test_util.o
LOAD C:/Users/Jacob/Desktop/H60/DWM1001/Source_Code/DWM1001_on_board_package/DWM1001_on_board_package_R2.0/dwm/examples/dwm_Listener/../../lib/dwm.o
LOAD C:/Users/Jacob/Desktop/H60/DWM1001/Source_Code/DWM1001_on_board_package/DWM1001_on_board_package_R2.0/dwm/examples/dwm_Listener/../../lib/libdwm.a
LOAD c:/program files (x86)/gnu tools arm embedded/5.4 2016q3/bin/../lib/gcc/arm-none-eabi/5.4.1/../../../../arm-none-eabi/lib/armv7e-m/fpu\libm.a
LOAD c:/program files (x86)/gnu tools arm embedded/5.4 2016q3/bin/../lib/gcc/arm-none-eabi/5.4.1/armv7e-m/fpu\libgcc.a
LOAD c:/program files (x86)/gnu tools arm embedded/5.4 2016q3/bin/../lib/gcc/arm-none-eabi/5.4.1/../../../../arm-none-eabi/lib/armv7e-m/fpu\libc.a
LOAD c:/program files (x86)/gnu tools arm embedded/5.4 2016q3/bin/../lib/gcc/arm-none-eabi/5.4.1/../../../../arm-none-eabi/lib/armv7e-m/fpu\libnosys.a
LOAD C:/Users/Jacob/Desktop/H60/DWM1001/Source_Code/DWM1001_on_board_package/DWM1001_on_board_package_R2.0/dwm/examples/dwm_Listener/../../lib\extras.o
START GROUP
LOAD C:/Users/Jacob/Desktop/H60/DWM1001/Source_Code/DWM1001_on_board_package/DWM1001_on_board_package_R2.0/dwm/examples/dwm_Listener/../../lib\libtarget.a
LOAD c:/program files (x86)/gnu tools arm embedded/5.4 2016q3/bin/../lib/gcc/arm-none-eabi/5.4.1/armv7e-m/fpu\libgcc.a
LOAD c:/program files (x86)/gnu tools arm embedded/5.4 2016q3/bin/../lib/gcc/arm-none-eabi/5.4.1/../../../../arm-none-eabi/lib/armv7e-m/fpu\libsupc++.a
END GROUP

.debug_aranges  0x00000000       0x30
 *(.debug_aranges)
 .debug_aranges
                0x00000000       0x30 C:/Users/Jacob/Desktop/H60/DWM1001/Source_Code/DWM1001_on_board_package/DWM1001_on_board_package_R2.0/dwm/examples/dwm_Listener/output/compiler/dwm-simple.o

.debug_pubnames
 *(.debug_pubnames)

.debug_info     0x00000000      0x5a0
 *(.debug_info)
 .debug_info    0x00000000      0x5a0 C:/Users/Jacob/Desktop/H60/DWM1001/Source_Code/DWM1001_on_board_package/DWM1001_on_board_package_R2.0/dwm/examples/dwm_Listener/output/compiler/dwm-simple.o

.debug_abbrev   0x00000000      0x1a8
 *(.debug_abbrev)
 .debug_abbrev  0x00000000      0x1a8 C:/Users/Jacob/Desktop/H60/DWM1001/Source_Code/DWM1001_on_board_package/DWM1001_on_board_package_R2.0/dwm/examples/dwm_Listener/output/compiler/dwm-simple.o

.debug_line     0x00000000      0x1ce
 *(.debug_line)
 .debug_line    0x00000000      0x1ce C:/Users/Jacob/Desktop/H60/DWM1001/Source_Code/DWM1001_on_board_package/DWM1001_on_board_package_R2.0/dwm/examples/dwm_Listener/output/compiler/dwm-simple.o

.debug_frame    0x00000000     0x17ec
 *(.debug_frame)
 .debug_frame   0x00000000       0x7c C:/Users/Jacob/Desktop/H60/DWM1001/Source_Code/DWM1001_on_board_package/DWM1001_on_board_package_R2.0/dwm/examples/dwm_Listener/output/compiler/dwm-simple.o
 .debug_frame   0x0000007c       0x30 c:/program files (x86)/gnu tools arm embedded/5.4 2016q3/bin/../lib/gcc/arm-none-eabi/5.4.1/../../../../arm-none-eabi/lib/armv7e-m/fpu\libm.a(lib_a-s_ceil.o)
 .debug_frame   0x000000ac       0x30 c:/program files (x86)/gnu tools arm embedded/5.4 2016q3/bin/../lib/gcc/arm-none-eabi/5.4.1/../../../../arm-none-eabi/lib/armv7e-m/fpu\libm.a(lib_a-s_floor.o)
 .debug_frame   0x000000dc       0x58 c:/program files (x86)/gnu tools arm embedded/5.4 2016q3/bin/../lib/gcc/arm-none-eabi/5.4.1/../../../../arm-none-eabi/lib/armv7e-m/fpu\libm.a(lib_a-w_sqrt.o)
 .debug_frame   0x00000134       0x30 c:/program files (x86)/gnu tools arm embedded/5.4 2016q3/bin/../lib/gcc/arm-none-eabi/5.4.1/../../../../arm-none-eabi/lib/armv7e-m/fpu\libm.a(lib_a-e_sqrt.o)
 .debug_frame   0x00000164       0x20 c:/program files (x86)/gnu tools arm embedded/5.4 2016q3/bin/../lib/gcc/arm-none-eabi/5.4.1/../../../../arm-none-eabi/lib/armv7e-m/fpu\libm.a(lib_a-s_matherr.o)
 .debug_frame   0x00000184       0x44 c:/program files (x86)/gnu tools arm embedded/5.4 2016q3/bin/../lib/gcc/arm-none-eabi/5.4.1/armv7e-m/fpu\libgcc.a(_aeabi_ldivmod.o)
 .debug_frame   0x000001c8       0x2c c:/program files (x86)/gnu tools arm embedded/5.4 2016q3/bin/../lib/gcc/arm-none-eabi/5.4.1/armv7e-m/fpu\libgcc.a(_aeabi_uldivmod.o)
 .debug_frame   0x000001f4       0x2c c:/program files (x86)/gnu tools arm embedded/5.4 2016q3/bin/../lib/gcc/arm-none-eabi/5.4.1/armv7e-m/fpu\libgcc.a(_fixunssfdi.o)
 .debug_frame   0x00000220       0x2c c:/program files (x86)/gnu tools arm embedded/5.4 2016q3/bin/../lib/gcc/arm-none-eabi/5.4.1/armv7e-m/fpu\libgcc.a(_fixunsdfdi.o)
 .debug_frame   0x0000024c       0x34 c:/program files (x86)/gnu tools arm embedded/5.4 2016q3/bin/../lib/gcc/arm-none-eabi/5.4.1/armv7e-m/fpu\libgcc.a(_udivmoddi4.o)
 .debug_frame   0x00000280       0x30 c:/program files (x86)/gnu tools arm embedded/5.4 2016q3/bin/../lib/gcc/arm-none-eabi/5.4.1/../../../../arm-none-eabi/lib/armv7e-m/fpu\libc.a(lib_a-atoi.o)
 .debug_frame   0x000002b0       0x20 c:/program files (x86)/gnu tools arm embedded/5.4 2016q3/bin/../lib/gcc/arm-none-eabi/5.4.1/../../../../arm-none-eabi/lib/armv7e-m/fpu\libc.a(lib_a-calloc.o)
 .debug_frame   0x000002d0       0x28 c:/program files (x86)/gnu tools arm embedded/5.4 2016q3/bin/../lib/gcc/arm-none-eabi/5.4.1/../../../../arm-none-eabi/lib/armv7e-m/fpu\libc.a(lib_a-callocr.o)
 .debug_frame   0x000002f8       0x20 c:/program files (x86)/gnu tools arm embedded/5.4 2016q3/bin/../lib/gcc/arm-none-eabi/5.4.1/../../../../arm-none-eabi/lib/armv7e-m/fpu\libc.a(lib_a-errno.o)
 .debug_frame   0x00000318       0x44 c:/program files (x86)/gnu tools arm embedded/5.4 2016q3/bin/../lib/gcc/arm-none-eabi/5.4.1/../../../../arm-none-eabi/lib/armv7e-m/fpu\libc.a(lib_a-fclose.o)
 .debug_frame   0x0000035c       0x6c c:/program files (x86)/gnu tools arm embedded/5.4 2016q3/bin/../lib/gcc/arm-none-eabi/5.4.1/../../../../arm-none-eabi/lib/armv7e-m/fpu\libc.a(lib_a-fflush.o)
 .debug_frame   0x000003c8      0x124 c:/program files (x86)/gnu tools arm embedded/5.4 2016q3/bin/../lib/gcc/arm-none-eabi/5.4.1/../../../../arm-none-eabi/lib/armv7e-m/fpu\libc.a(lib_a-findfp.o)
 .debug_frame   0x000004ec       0x74 c:/program files (x86)/gnu tools arm embedded/5.4 2016q3/bin/../lib/gcc/arm-none-eabi/5.4.1/../../../../arm-none-eabi/lib/armv7e-m/fpu\libc.a(lib_a-freer.o)
 .debug_frame   0x00000560       0x2c c:/program files (x86)/gnu tools arm embedded/5.4 2016q3/bin/../lib/gcc/arm-none-eabi/5.4.1/../../../../arm-none-eabi/lib/armv7e-m/fpu\libc.a(lib_a-fstatr.o)
 .debug_frame   0x0000058c       0x54 c:/program files (x86)/gnu tools arm embedded/5.4 2016q3/bin/../lib/gcc/arm-none-eabi/5.4.1/../../../../arm-none-eabi/lib/armv7e-m/fpu\libc.a(lib_a-fwalk.o)
 .debug_frame   0x000005e0       0x68 c:/program files (x86)/gnu tools arm embedded/5.4 2016q3/bin/../lib/gcc/arm-none-eabi/5.4.1/../../../../arm-none-eabi/lib/armv7e-m/fpu\libc.a(lib_a-makebuf.o)
 .debug_frame   0x00000648       0x30 c:/program files (x86)/gnu tools arm embedded/5.4 2016q3/bin/../lib/gcc/arm-none-eabi/5.4.1/../../../../arm-none-eabi/lib/armv7e-m/fpu\libc.a(lib_a-malloc.o)
 .debug_frame   0x00000678       0x58 c:/program files (x86)/gnu tools arm embedded/5.4 2016q3/bin/../lib/gcc/arm-none-eabi/5.4.1/../../../../arm-none-eabi/lib/armv7e-m/fpu\libc.a(lib_a-mallocr.o)
 .debug_frame   0x000006d0       0x38 c:/program files (x86)/gnu tools arm embedded/5.4 2016q3/bin/../lib/gcc/arm-none-eabi/5.4.1/../../../../arm-none-eabi/lib/armv7e-m/fpu\libc.a(lib_a-memcmp.o)
 .debug_frame   0x00000708       0x34 c:/program files (x86)/gnu tools arm embedded/5.4 2016q3/bin/../lib/gcc/arm-none-eabi/5.4.1/../../../../arm-none-eabi/lib/armv7e-m/fpu\libc.a(lib_a-memset.o)
 .debug_frame   0x0000073c       0x30 c:/program files (x86)/gnu tools arm embedded/5.4 2016q3/bin/../lib/gcc/arm-none-eabi/5.4.1/../../../../arm-none-eabi/lib/armv7e-m/fpu\libc.a(lib_a-mlock.o)
 .debug_frame   0x0000076c       0x80 c:/program files (x86)/gnu tools arm embedded/5.4 2016q3/bin/../lib/gcc/arm-none-eabi/5.4.1/../../../../arm-none-eabi/lib/armv7e-m/fpu\libc.a(lib_a-mstats.o)
 .debug_frame   0x000007ec       0x74 c:/program files (x86)/gnu tools arm embedded/5.4 2016q3/bin/../lib/gcc/arm-none-eabi/5.4.1/../../../../arm-none-eabi/lib/armv7e-m/fpu\libc.a(lib_a-printf.o)
 .debug_frame   0x00000860       0x30 c:/program files (x86)/gnu tools arm embedded/5.4 2016q3/bin/../lib/gcc/arm-none-eabi/5.4.1/../../../../arm-none-eabi/lib/armv7e-m/fpu\libc.a(lib_a-putchar.o)
 .debug_frame   0x00000890       0x48 c:/program files (x86)/gnu tools arm embedded/5.4 2016q3/bin/../lib/gcc/arm-none-eabi/5.4.1/../../../../arm-none-eabi/lib/armv7e-m/fpu\libc.a(lib_a-puts.o)
 .debug_frame   0x000008d8       0x58 c:/program files (x86)/gnu tools arm embedded/5.4 2016q3/bin/../lib/gcc/arm-none-eabi/5.4.1/../../../../arm-none-eabi/lib/armv7e-m/fpu\libc.a(lib_a-reent.o)
 .debug_frame   0x00000930       0x2c c:/program files (x86)/gnu tools arm embedded/5.4 2016q3/bin/../lib/gcc/arm-none-eabi/5.4.1/../../../../arm-none-eabi/lib/armv7e-m/fpu\libc.a(lib_a-sbrkr.o)
 .debug_frame   0x0000095c       0xd0 c:/program files (x86)/gnu tools arm embedded/5.4 2016q3/bin/../lib/gcc/arm-none-eabi/5.4.1/../../../../arm-none-eabi/lib/armv7e-m/fpu\libc.a(lib_a-snprintf.o)
 .debug_frame   0x00000a2c       0x88 c:/program files (x86)/gnu tools arm embedded/5.4 2016q3/bin/../lib/gcc/arm-none-eabi/5.4.1/../../../../arm-none-eabi/lib/armv7e-m/fpu\libc.a(lib_a-stdio.o)
 .debug_frame   0x00000ab4       0x68 c:/program files (x86)/gnu tools arm embedded/5.4 2016q3/bin/../lib/gcc/arm-none-eabi/5.4.1/../../../../arm-none-eabi/lib/armv7e-m/fpu\libc.a(lib_a-strcmp.o)
 .debug_frame   0x00000b1c       0x54 c:/program files (x86)/gnu tools arm embedded/5.4 2016q3/bin/../lib/gcc/arm-none-eabi/5.4.1/../../../../arm-none-eabi/lib/armv7e-m/fpu\libc.a(lib_a-strncmp.o)
 .debug_frame   0x00000b70       0x30 c:/program files (x86)/gnu tools arm embedded/5.4 2016q3/bin/../lib/gcc/arm-none-eabi/5.4.1/../../../../arm-none-eabi/lib/armv7e-m/fpu\libc.a(lib_a-strnlen.o)
 .debug_frame   0x00000ba0       0x20 c:/program files (x86)/gnu tools arm embedded/5.4 2016q3/bin/../lib/gcc/arm-none-eabi/5.4.1/../../../../arm-none-eabi/lib/armv7e-m/fpu\libc.a(lib_a-strtok.o)
 .debug_frame   0x00000bc0       0x48 c:/program files (x86)/gnu tools arm embedded/5.4 2016q3/bin/../lib/gcc/arm-none-eabi/5.4.1/../../../../arm-none-eabi/lib/armv7e-m/fpu\libc.a(lib_a-strtok_r.o)
 .debug_frame   0x00000c08       0x98 c:/program files (x86)/gnu tools arm embedded/5.4 2016q3/bin/../lib/gcc/arm-none-eabi/5.4.1/../../../../arm-none-eabi/lib/armv7e-m/fpu\libc.a(lib_a-strtol.o)
 .debug_frame   0x00000ca0       0x98 c:/program files (x86)/gnu tools arm embedded/5.4 2016q3/bin/../lib/gcc/arm-none-eabi/5.4.1/../../../../arm-none-eabi/lib/armv7e-m/fpu\libc.a(lib_a-strtoul.o)
 .debug_frame   0x00000d38       0x44 c:/program files (x86)/gnu tools arm embedded/5.4 2016q3/bin/../lib/gcc/arm-none-eabi/5.4.1/../../../../arm-none-eabi/lib/armv7e-m/fpu\libc.a(lib_a-svfprintf.o)
 .debug_frame   0x00000d7c       0x88 c:/program files (x86)/gnu tools arm embedded/5.4 2016q3/bin/../lib/gcc/arm-none-eabi/5.4.1/../../../../arm-none-eabi/lib/armv7e-m/fpu\libc.a(lib_a-vfprintf.o)
 .debug_frame   0x00000e04       0x2c c:/program files (x86)/gnu tools arm embedded/5.4 2016q3/bin/../lib/gcc/arm-none-eabi/5.4.1/../../../../arm-none-eabi/lib/armv7e-m/fpu\libc.a(lib_a-writer.o)
 .debug_frame   0x00000e30       0x2c c:/program files (x86)/gnu tools arm embedded/5.4 2016q3/bin/../lib/gcc/arm-none-eabi/5.4.1/../../../../arm-none-eabi/lib/armv7e-m/fpu\libc.a(lib_a-wsetup.o)
 .debug_frame   0x00000e5c       0x2c c:/program files (x86)/gnu tools arm embedded/5.4 2016q3/bin/../lib/gcc/arm-none-eabi/5.4.1/../../../../arm-none-eabi/lib/armv7e-m/fpu\libc.a(lib_a-closer.o)
 .debug_frame   0x00000e88       0x88 c:/program files (x86)/gnu tools arm embedded/5.4 2016q3/bin/../lib/gcc/arm-none-eabi/5.4.1/../../../../arm-none-eabi/lib/armv7e-m/fpu\libc.a(lib_a-dtoa.o)
 .debug_frame   0x00000f10       0x68 c:/program files (x86)/gnu tools arm embedded/5.4 2016q3/bin/../lib/gcc/arm-none-eabi/5.4.1/../../../../arm-none-eabi/lib/armv7e-m/fpu\libc.a(lib_a-fvwrite.o)
 .debug_frame   0x00000f78       0x2c c:/program files (x86)/gnu tools arm embedded/5.4 2016q3/bin/../lib/gcc/arm-none-eabi/5.4.1/../../../../arm-none-eabi/lib/armv7e-m/fpu\libc.a(lib_a-isattyr.o)
 .debug_frame   0x00000fa4       0x84 c:/program files (x86)/gnu tools arm embedded/5.4 2016q3/bin/../lib/gcc/arm-none-eabi/5.4.1/../../../../arm-none-eabi/lib/armv7e-m/fpu\libc.a(lib_a-locale.o)
 .debug_frame   0x00001028       0x40 c:/program files (x86)/gnu tools arm embedded/5.4 2016q3/bin/../lib/gcc/arm-none-eabi/5.4.1/../../../../arm-none-eabi/lib/armv7e-m/fpu\libc.a(lib_a-localeconv.o)
 .debug_frame   0x00001068       0x2c c:/program files (x86)/gnu tools arm embedded/5.4 2016q3/bin/../lib/gcc/arm-none-eabi/5.4.1/../../../../arm-none-eabi/lib/armv7e-m/fpu\libc.a(lib_a-lseekr.o)
 .debug_frame   0x00001094       0x50 c:/program files (x86)/gnu tools arm embedded/5.4 2016q3/bin/../lib/gcc/arm-none-eabi/5.4.1/../../../../arm-none-eabi/lib/armv7e-m/fpu\libc.a(lib_a-mallinfor.o)
 .debug_frame   0x000010e4       0x4c c:/program files (x86)/gnu tools arm embedded/5.4 2016q3/bin/../lib/gcc/arm-none-eabi/5.4.1/../../../../arm-none-eabi/lib/armv7e-m/fpu\libc.a(lib_a-mbtowc_r.o)
 .debug_frame   0x00001130       0x30 c:/program files (x86)/gnu tools arm embedded/5.4 2016q3/bin/../lib/gcc/arm-none-eabi/5.4.1/../../../../arm-none-eabi/lib/armv7e-m/fpu\libc.a(lib_a-memmove.o)
 .debug_frame   0x00001160      0x264 c:/program files (x86)/gnu tools arm embedded/5.4 2016q3/bin/../lib/gcc/arm-none-eabi/5.4.1/../../../../arm-none-eabi/lib/armv7e-m/fpu\libc.a(lib_a-mprec.o)
 .debug_frame   0x000013c4       0x58 c:/program files (x86)/gnu tools arm embedded/5.4 2016q3/bin/../lib/gcc/arm-none-eabi/5.4.1/../../../../arm-none-eabi/lib/armv7e-m/fpu\libc.a(lib_a-putc.o)
 .debug_frame   0x0000141c       0x2c c:/program files (x86)/gnu tools arm embedded/5.4 2016q3/bin/../lib/gcc/arm-none-eabi/5.4.1/../../../../arm-none-eabi/lib/armv7e-m/fpu\libc.a(lib_a-readr.o)
 .debug_frame   0x00001448       0x60 c:/program files (x86)/gnu tools arm embedded/5.4 2016q3/bin/../lib/gcc/arm-none-eabi/5.4.1/../../../../arm-none-eabi/lib/armv7e-m/fpu\libc.a(lib_a-reallocr.o)
 .debug_frame   0x000014a8       0x78 c:/program files (x86)/gnu tools arm embedded/5.4 2016q3/bin/../lib/gcc/arm-none-eabi/5.4.1/../../../../arm-none-eabi/lib/armv7e-m/fpu\libc.a(lib_a-svfiprintf.o)
 .debug_frame   0x00001520       0xc8 c:/program files (x86)/gnu tools arm embedded/5.4 2016q3/bin/../lib/gcc/arm-none-eabi/5.4.1/../../../../arm-none-eabi/lib/armv7e-m/fpu\libc.a(lib_a-vfiprintf.o)
 .debug_frame   0x000015e8       0x40 c:/program files (x86)/gnu tools arm embedded/5.4 2016q3/bin/../lib/gcc/arm-none-eabi/5.4.1/../../../../arm-none-eabi/lib/armv7e-m/fpu\libc.a(lib_a-wbuf.o)
 .debug_frame   0x00001628       0x3c c:/program files (x86)/gnu tools arm embedded/5.4 2016q3/bin/../lib/gcc/arm-none-eabi/5.4.1/../../../../arm-none-eabi/lib/armv7e-m/fpu\libc.a(lib_a-wctomb_r.o)
 .debug_frame   0x00001664       0x8c c:/program files (x86)/gnu tools arm embedded/5.4 2016q3/bin/../lib/gcc/arm-none-eabi/5.4.1/../../../../arm-none-eabi/lib/armv7e-m/fpu\libc.a(lib_a-fputwc.o)
 .debug_frame   0x000016f0       0x5c c:/program files (x86)/gnu tools arm embedded/5.4 2016q3/bin/../lib/gcc/arm-none-eabi/5.4.1/../../../../arm-none-eabi/lib/armv7e-m/fpu\libc.a(lib_a-wcrtomb.o)
 .debug_frame   0x0000174c       0x20 c:/program files (x86)/gnu tools arm embedded/5.4 2016q3/bin/../lib/gcc/arm-none-eabi/5.4.1/../../../../arm-none-eabi/lib/armv7e-m/fpu\libnosys.a(close.o)
 .debug_frame   0x0000176c       0x20 c:/program files (x86)/gnu tools arm embedded/5.4 2016q3/bin/../lib/gcc/arm-none-eabi/5.4.1/../../../../arm-none-eabi/lib/armv7e-m/fpu\libnosys.a(fstat.o)
 .debug_frame   0x0000178c       0x20 c:/program files (x86)/gnu tools arm embedded/5.4 2016q3/bin/../lib/gcc/arm-none-eabi/5.4.1/../../../../arm-none-eabi/lib/armv7e-m/fpu\libnosys.a(isatty.o)
 .debug_frame   0x000017ac       0x20 c:/program files (x86)/gnu tools arm embedded/5.4 2016q3/bin/../lib/gcc/arm-none-eabi/5.4.1/../../../../arm-none-eabi/lib/armv7e-m/fpu\libnosys.a(lseek.o)
 .debug_frame   0x000017cc       0x20 c:/program files (x86)/gnu tools arm embedded/5.4 2016q3/bin/../lib/gcc/arm-none-eabi/5.4.1/../../../../arm-none-eabi/lib/armv7e-m/fpu\libsupc++.a(atexit_arm.o)

.debug_str      0x00000000      0x507
 *(.debug_str)
 .debug_str     0x00000000      0x507 C:/Users/Jacob/Desktop/H60/DWM1001/Source_Code/DWM1001_on_board_package/DWM1001_on_board_package_R2.0/dwm/examples/dwm_Listener/output/compiler/dwm-simple.o
                                0x57a (size before relaxing)

.debug_loc
 *(.debug_loc)

.debug_macinfo
 *(.debug_macinfo)

.note.arm.ident
 *(.note.arm.ident)

/DISCARD/
 *(.fini_array*)

.rom_vectors    0x00044000        0x8
                0x00044000                __rom_vectors_vma = ABSOLUTE (.)
                0x00044000                . = .
 *(.vectors)
 .vectors       0x00044000        0x8 C:/Users/Jacob/Desktop/H60/DWM1001/Source_Code/DWM1001_on_board_package/DWM1001_on_board_package_R2.0/dwm/examples/dwm_Listener/../../lib\vectors.o
                0x00044000                __rom_vectors_lma = LOADADDR (.rom_vectors)

.rel.text
 *(.rel.text)
 *(.rel.text.*)
 *(.rel.gnu.linkonce.t*)

.rela.text
 *(.rela.text)
 *(.rela.text.*)
 *(.rela.gnu.linkonce.t*)

.rel.data
 *(.rel.data)
 *(.rel.data.*)
 *(.rel.gnu.linkonce.d*)

.rela.data
 *(.rela.data)
 *(.rela.data.*)
 *(.rela.gnu.linkonce.d*)

.rel.rodata
 *(.rel.rodata)
 *(.rel.rodata.*)
 *(.rel.gnu.linkonce.r*)

.rela.rodata
 *(.rela.rodata)
 *(.rela.rodata.*)
 *(.rela.gnu.linkonce.r*)

.rel.got
 *(.rel.got)

.rela.got
 *(.rela.got)

.rel.ctors
 *(.rel.ctors)

.rela.ctors
 *(.rela.ctors)

.rel.dtors
 *(.rel.dtors)

.rela.dtors
 *(.rela.dtors)

.rel.init
 *(.rel.init)

.rela.init
 *(.rela.init)

.rel.fini
 *(.rel.fini)

.rela.fini
 *(.rela.fini)

.rel.bss
 *(.rel.bss)

.rela.bss
 *(.rela.bss)

.rel.plt
 *(.rel.plt)

.rela.plt
 *(.rela.plt)

.rel.dyn        0x00044008        0x0
 *(.rel.dyn)
 .rel.iplt      0x00044008        0x0 C:/Users/Jacob/Desktop/H60/DWM1001/Source_Code/DWM1001_on_board_package/DWM1001_on_board_package_R2.0/dwm/examples/dwm_Listener/../../lib\vectors.o

.ARM.extab      0x00044008        0x0
                [!provide]                PROVIDE (__stext, ABSOLUTE (.))
                0x00044008                _stext = ABSOLUTE (.)
                0x00044008                . = .
 *(.ARM.extab* .gnu.linkonce.armextab.*)
                0x00044008                . = ALIGN (0x8)
                0x00044008                __exidx_start = ABSOLUTE (.)

.ARM.exidx      0x00044008        0x8
 *(.ARM.exidx* .gnu.linkonce.armexidx.*)
 .ARM.exidx     0x00044008        0x8 c:/program files (x86)/gnu tools arm embedded/5.4 2016q3/bin/../lib/gcc/arm-none-eabi/5.4.1/armv7e-m/fpu\libgcc.a(_udivmoddi4.o)
 .ARM.exidx.text.__aeabi_atexit
                0x00044010        0x0 c:/program files (x86)/gnu tools arm embedded/5.4 2016q3/bin/../lib/gcc/arm-none-eabi/5.4.1/../../../../arm-none-eabi/lib/armv7e-m/fpu\libsupc++.a(atexit_arm.o)
                                  0x8 (size before relaxing)
                0x00044010                . = .
                0x00044010                __exidx_end = ABSOLUTE (.)

.text           0x00044010    0x2cd14
 *(.text*)
 .text          0x00044010       0xec C:/Users/Jacob/Desktop/H60/DWM1001/Source_Code/DWM1001_on_board_package/DWM1001_on_board_package_R2.0/dwm/examples/dwm_Listener/../../lib\vectors.o
                0x00044010                reset_vector
                0x0004401c                hal_switch_state_vsr
                0x0004403c                hal_default_exception_vsr
                0x0004406e                hal_default_interrupt_vsr
                0x00044082                hal_pendable_svc_vsr
                0x000440a8                hal_interrupt_end_done
                0x000440ac                hal_interrupt_end_vsr
                0x000440ba                hal_call_dsrs_vsr
                0x000440be                hal_default_svc_vsr
                0x000440cc                hal_usagefault_exception_vsr
                0x000440f4                hal_boot_jump_asm
 .text.on_dwm_evt
                0x000440fc      0x1a0 C:/Users/Jacob/Desktop/H60/DWM1001/Source_Code/DWM1001_on_board_package/DWM1001_on_board_package_R2.0/dwm/examples/dwm_Listener/output/compiler/dwm-simple.o
                0x000440fc                on_dwm_evt
 .text.app_thread_entry
                0x0004429c       0xf0 C:/Users/Jacob/Desktop/H60/DWM1001/Source_Code/DWM1001_on_board_package/DWM1001_on_board_package_R2.0/dwm/examples/dwm_Listener/output/compiler/dwm-simple.o
                0x0004429c                app_thread_entry
 .text.dwm_user_start
                0x0004438c       0x5c C:/Users/Jacob/Desktop/H60/DWM1001/Source_Code/DWM1001_on_board_package/DWM1001_on_board_package_R2.0/dwm/examples/dwm_Listener/output/compiler/dwm-simple.o
                0x0004438c                dwm_user_start
 .text.user_thread_create
                0x000443e8       0x84 C:/Users/Jacob/Desktop/H60/DWM1001/Source_Code/DWM1001_on_board_package/DWM1001_on_board_package_R2.0/dwm/examples/dwm_Listener/../../lib/dwm.o
                0x000443e8                user_thread_create
 .text.user_thread_resume
                0x0004446c       0x38 C:/Users/Jacob/Desktop/H60/DWM1001/Source_Code/DWM1001_on_board_package/DWM1001_on_board_package_R2.0/dwm/examples/dwm_Listener/../../lib/dwm.o
                0x0004446c                user_thread_resume
 .text.dwm_shell_add_commands
                0x000444a4       0x6c C:/Users/Jacob/Desktop/H60/DWM1001/Source_Code/DWM1001_on_board_package/DWM1001_on_board_package_R2.0/dwm/examples/dwm_Listener/../../lib/dwm.o
                0x000444a4                dwm_shell_add_commands
 .text.cyg_user_start
                0x00044510      0x13c C:/Users/Jacob/Desktop/H60/DWM1001/Source_Code/DWM1001_on_board_package/DWM1001_on_board_package_R2.0/dwm/examples/dwm_Listener/../../lib/dwm.o
                0x00044510                cyg_user_start
 .text.sd_ble_gap_addr_set
                0x0004464c        0x4 C:/Users/Jacob/Desktop/H60/DWM1001/Source_Code/DWM1001_on_board_package/DWM1001_on_board_package_R2.0/dwm/examples/dwm_Listener/../../lib/libdwm.a(ble-server.o)
 .text.sd_ble_gap_addr_get
                0x00044650        0x4 C:/Users/Jacob/Desktop/H60/DWM1001/Source_Code/DWM1001_on_board_package/DWM1001_on_board_package_R2.0/dwm/examples/dwm_Listener/../../lib/libdwm.a(ble-server.o)
 .text.sd_ble_gap_disconnect
                0x00044654        0x4 C:/Users/Jacob/Desktop/H60/DWM1001/Source_Code/DWM1001_on_board_package/DWM1001_on_board_package_R2.0/dwm/examples/dwm_Listener/../../lib/libdwm.a(ble-server.o)
 .text.sd_ble_gap_device_name_set
                0x00044658        0x4 C:/Users/Jacob/Desktop/H60/DWM1001/Source_Code/DWM1001_on_board_package/DWM1001_on_board_package_R2.0/dwm/examples/dwm_Listener/../../lib/libdwm.a(ble-server.o)
 .text.sd_ble_gatts_service_add
                0x0004465c        0x4 C:/Users/Jacob/Desktop/H60/DWM1001/Source_Code/DWM1001_on_board_package/DWM1001_on_board_package_R2.0/dwm/examples/dwm_Listener/../../lib/libdwm.a(ble-server.o)
 .text.sd_ble_gatts_characteristic_add
                0x00044660        0x4 C:/Users/Jacob/Desktop/H60/DWM1001/Source_Code/DWM1001_on_board_package/DWM1001_on_board_package_R2.0/dwm/examples/dwm_Listener/../../lib/libdwm.a(ble-server.o)
 .text.sd_ble_gatts_value_set
                0x00044664        0x4 C:/Users/Jacob/Desktop/H60/DWM1001/Source_Code/DWM1001_on_board_package/DWM1001_on_board_package_R2.0/dwm/examples/dwm_Listener/../../lib/libdwm.a(ble-server.o)
 .text.sd_ble_gatts_value_get
                0x00044668        0x4 C:/Users/Jacob/Desktop/H60/DWM1001/Source_Code/DWM1001_on_board_package/DWM1001_on_board_package_R2.0/dwm/examples/dwm_Listener/../../lib/libdwm.a(ble-server.o)
 .text.sd_ble_gatts_hvx
                0x0004466c        0x4 C:/Users/Jacob/Desktop/H60/DWM1001/Source_Code/DWM1001_on_board_package/DWM1001_on_board_package_R2.0/dwm/examples/dwm_Listener/../../lib/libdwm.a(ble-server.o)
 .text.sd_ble_gatts_exchange_mtu_reply
                0x00044670        0x4 C:/Users/Jacob/Desktop/H60/DWM1001/Source_Code/DWM1001_on_board_package/DWM1001_on_board_package_R2.0/dwm/examples/dwm_Listener/../../lib/libdwm.a(ble-server.o)
 .text.sd_ble_tx_packet_count_get
                0x00044674        0x4 C:/Users/Jacob/Desktop/H60/DWM1001/Source_Code/DWM1001_on_board_package/DWM1001_on_board_package_R2.0/dwm/examples/dwm_Listener/../../lib/libdwm.a(ble-server.o)
 .text.sd_ble_uuid_vs_add
                0x00044678        0x4 C:/Users/Jacob/Desktop/H60/DWM1001/Source_Code/DWM1001_on_board_package/DWM1001_on_board_package_R2.0/dwm/examples/dwm_Listener/../../lib/libdwm.a(ble-server.o)
 .text.NVIC_SystemReset
                0x0004467c       0x24 C:/Users/Jacob/Desktop/H60/DWM1001/Source_Code/DWM1001_on_board_package/DWM1001_on_board_package_R2.0/dwm/examples/dwm_Listener/../../lib/libdwm.a(ble-server.o)
 .text.sd_clock_hfclk_release
                0x000446a0        0x4 C:/Users/Jacob/Desktop/H60/DWM1001/Source_Code/DWM1001_on_board_package/DWM1001_on_board_package_R2.0/dwm/examples/dwm_Listener/../../lib/libdwm.a(ble-server.o)
 .text.sd_clock_hfclk_is_running
                0x000446a4        0x4 C:/Users/Jacob/Desktop/H60/DWM1001/Source_Code/DWM1001_on_board_package/DWM1001_on_board_package_R2.0/dwm/examples/dwm_Listener/../../lib/libdwm.a(ble-server.o)
 .text.sd_softdevice_disable
                0x000446a8        0x4 C:/Users/Jacob/Desktop/H60/DWM1001/Source_Code/DWM1001_on_board_package/DWM1001_on_board_package_R2.0/dwm/examples/dwm_Listener/../../lib/libdwm.a(ble-server.o)
 .text.conn_params_error_handler
                0x000446ac        0x2 C:/Users/Jacob/Desktop/H60/DWM1001/Source_Code/DWM1001_on_board_package/DWM1001_on_board_package_R2.0/dwm/examples/dwm_Listener/../../lib/libdwm.a(ble-server.o)
 *fill*         0x000446ae        0x2 
 .text.opt_flag_set
                0x000446b0       0x18 C:/Users/Jacob/Desktop/H60/DWM1001/Source_Code/DWM1001_on_board_package/DWM1001_on_board_package_R2.0/dwm/examples/dwm_Listener/../../lib/libdwm.a(ble-server.o)
 .text.opt_flag_clear
                0x000446c8       0x18 C:/Users/Jacob/Desktop/H60/DWM1001/Source_Code/DWM1001_on_board_package/DWM1001_on_board_package_R2.0/dwm/examples/dwm_Listener/../../lib/libdwm.a(ble-server.o)
 .text.ch_read  0x000446e0       0x24 C:/Users/Jacob/Desktop/H60/DWM1001/Source_Code/DWM1001_on_board_package/DWM1001_on_board_package_R2.0/dwm/examples/dwm_Listener/../../lib/libdwm.a(ble-server.o)
 .text.ch_write
                0x00044704       0x16 C:/Users/Jacob/Desktop/H60/DWM1001/Source_Code/DWM1001_on_board_package/DWM1001_on_board_package_R2.0/dwm/examples/dwm_Listener/../../lib/libdwm.a(ble-server.o)
 *fill*         0x0004471a        0x2 
 .text._ble_mac_stat_set
                0x0004471c       0x40 C:/Users/Jacob/Desktop/H60/DWM1001/Source_Code/DWM1001_on_board_package/DWM1001_on_board_package_R2.0/dwm/examples/dwm_Listener/../../lib/libdwm.a(ble-server.o)
 .text.advertising_counter_inc
                0x0004475c       0x30 C:/Users/Jacob/Desktop/H60/DWM1001/Source_Code/DWM1001_on_board_package/DWM1001_on_board_package_R2.0/dwm/examples/dwm_Listener/../../lib/libdwm.a(ble-server.o)
 .text._ble_pan_id_set
                0x0004478c       0x38 C:/Users/Jacob/Desktop/H60/DWM1001/Source_Code/DWM1001_on_board_package/DWM1001_on_board_package_R2.0/dwm/examples/dwm_Listener/../../lib/libdwm.a(ble-server.o)
 .text.ble_pm_suspend
                0x000447c4       0x38 C:/Users/Jacob/Desktop/H60/DWM1001/Source_Code/DWM1001_on_board_package/DWM1001_on_board_package_R2.0/dwm/examples/dwm_Listener/../../lib/libdwm.a(ble-server.o)
 .text.on_advertising_evt
                0x000447fc        0x8 C:/Users/Jacob/Desktop/H60/DWM1001/Source_Code/DWM1001_on_board_package/DWM1001_on_board_package_R2.0/dwm/examples/dwm_Listener/../../lib/libdwm.a(ble-server.o)
 .text._ble_addr_set
                0x00044804       0x18 C:/Users/Jacob/Desktop/H60/DWM1001/Source_Code/DWM1001_on_board_package/DWM1001_on_board_package_R2.0/dwm/examples/dwm_Listener/../../lib/libdwm.a(ble-server.o)
 .text._add_shell_cmds
                0x0004481c       0x10 C:/Users/Jacob/Desktop/H60/DWM1001/Source_Code/DWM1001_on_board_package/DWM1001_on_board_package_R2.0/dwm/examples/dwm_Listener/../../lib/libdwm.a(ble-server.o)
 .text.uwbmac_cb
                0x0004482c       0xc8 C:/Users/Jacob/Desktop/H60/DWM1001/Source_Code/DWM1001_on_board_package/DWM1001_on_board_package_R2.0/dwm/examples/dwm_Listener/../../lib/libdwm.a(ble-server.o)
 .text.ch_notify
                0x000448f4       0x44 C:/Users/Jacob/Desktop/H60/DWM1001/Source_Code/DWM1001_on_board_package/DWM1001_on_board_package_R2.0/dwm/examples/dwm_Listener/../../lib/libdwm.a(ble-server.o)
 .text.fwup_resp_notify
                0x00044938       0x50 C:/Users/Jacob/Desktop/H60/DWM1001/Source_Code/DWM1001_on_board_package/DWM1001_on_board_package_R2.0/dwm/examples/dwm_Listener/../../lib/libdwm.a(ble-server.o)
 .text.encode_dist.part.1
                0x00044988       0x62 C:/Users/Jacob/Desktop/H60/DWM1001/Source_Code/DWM1001_on_board_package/DWM1001_on_board_package_R2.0/dwm/examples/dwm_Listener/../../lib/libdwm.a(ble-server.o)
 *fill*         0x000449ea        0x2 
 .text._ble_proxy_set
                0x000449ec       0x90 C:/Users/Jacob/Desktop/H60/DWM1001/Source_Code/DWM1001_on_board_package/DWM1001_on_board_package_R2.0/dwm/examples/dwm_Listener/../../lib/libdwm.a(ble-server.o)
                0x000449ec                _ble_proxy_set
 .text._ble_label_set
                0x00044a7c       0x30 C:/Users/Jacob/Desktop/H60/DWM1001/Source_Code/DWM1001_on_board_package/DWM1001_on_board_package_R2.0/dwm/examples/dwm_Listener/../../lib/libdwm.a(ble-server.o)
                0x00044a7c                _ble_label_set
 .text._ble_ur_set
                0x00044aac       0x50 C:/Users/Jacob/Desktop/H60/DWM1001/Source_Code/DWM1001_on_board_package/DWM1001_on_board_package_R2.0/dwm/examples/dwm_Listener/../../lib/libdwm.a(ble-server.o)
 .text.on_conn_params_evt
                0x00044afc       0x68 C:/Users/Jacob/Desktop/H60/DWM1001/Source_Code/DWM1001_on_board_package/DWM1001_on_board_package_R2.0/dwm/examples/dwm_Listener/../../lib/libdwm.a(ble-server.o)
 .text._ble_an_list_set
                0x00044b64       0x58 C:/Users/Jacob/Desktop/H60/DWM1001/Source_Code/DWM1001_on_board_package/DWM1001_on_board_package_R2.0/dwm/examples/dwm_Listener/../../lib/libdwm.a(ble-server.o)
 .text._ble_mac_cl_info_set
                0x00044bbc       0x48 C:/Users/Jacob/Desktop/H60/DWM1001/Source_Code/DWM1001_on_board_package/DWM1001_on_board_package_R2.0/dwm/examples/dwm_Listener/../../lib/libdwm.a(ble-server.o)
 .text._ble_addr_get
                0x00044c04       0x48 C:/Users/Jacob/Desktop/H60/DWM1001/Source_Code/DWM1001_on_board_package/DWM1001_on_board_package_R2.0/dwm/examples/dwm_Listener/../../lib/libdwm.a(ble-server.o)
 .text._ble_stop
                0x00044c4c       0x20 C:/Users/Jacob/Desktop/H60/DWM1001/Source_Code/DWM1001_on_board_package/DWM1001_on_board_package_R2.0/dwm/examples/dwm_Listener/../../lib/libdwm.a(ble-server.o)
 .text.ble_register_wakeup_button
                0x00044c6c       0x28 C:/Users/Jacob/Desktop/H60/DWM1001/Source_Code/DWM1001_on_board_package/DWM1001_on_board_package_R2.0/dwm/examples/dwm_Listener/../../lib/libdwm.a(ble-server.o)
 .text._ble_start
                0x00044c94       0x4a C:/Users/Jacob/Desktop/H60/DWM1001/Source_Code/DWM1001_on_board_package/DWM1001_on_board_package_R2.0/dwm/examples/dwm_Listener/../../lib/libdwm.a(ble-server.o)
 .text.ch_uuid_vs_add.isra.22
                0x00044cde       0xee C:/Users/Jacob/Desktop/H60/DWM1001/Source_Code/DWM1001_on_board_package/DWM1001_on_board_package_R2.0/dwm/examples/dwm_Listener/../../lib/libdwm.a(ble-server.o)
 .text.on_advertising_error
                0x00044dcc        0x2 C:/Users/Jacob/Desktop/H60/DWM1001/Source_Code/DWM1001_on_board_package/DWM1001_on_board_package_R2.0/dwm/examples/dwm_Listener/../../lib/libdwm.a(ble-server.o)
 .text.gpio_ble_wakeup_intr
                0x00044dce       0x1e C:/Users/Jacob/Desktop/H60/DWM1001/Source_Code/DWM1001_on_board_package/DWM1001_on_board_package_R2.0/dwm/examples/dwm_Listener/../../lib/libdwm.a(ble-server.o)
 .text.ble_uuid128_service_get
                0x00044dec        0x8 C:/Users/Jacob/Desktop/H60/DWM1001/Source_Code/DWM1001_on_board_package/DWM1001_on_board_package_R2.0/dwm/examples/dwm_Listener/../../lib/libdwm.a(ble-server.o)
                0x00044dec                ble_uuid128_service_get
 .text.ble_adv_is_enabled
                0x00044df4        0xc C:/Users/Jacob/Desktop/H60/DWM1001/Source_Code/DWM1001_on_board_package/DWM1001_on_board_package_R2.0/dwm/examples/dwm_Listener/../../lib/libdwm.a(ble-server.o)
                0x00044df4                ble_adv_is_enabled
 .text.ble_add_shell_cmds
                0x00044e00       0x10 C:/Users/Jacob/Desktop/H60/DWM1001/Source_Code/DWM1001_on_board_package/DWM1001_on_board_package_R2.0/dwm/examples/dwm_Listener/../../lib/libdwm.a(ble-server.o)
                0x00044e00                ble_add_shell_cmds
 .text.ble_start
                0x00044e10       0x10 C:/Users/Jacob/Desktop/H60/DWM1001/Source_Code/DWM1001_on_board_package/DWM1001_on_board_package_R2.0/dwm/examples/dwm_Listener/../../lib/libdwm.a(ble-server.o)
                0x00044e10                ble_start
 .text.ble_stop
                0x00044e20       0x10 C:/Users/Jacob/Desktop/H60/DWM1001/Source_Code/DWM1001_on_board_package/DWM1001_on_board_package_R2.0/dwm/examples/dwm_Listener/../../lib/libdwm.a(ble-server.o)
                0x00044e20                ble_stop
 .text.ble_req_stop
                0x00044e30       0x10 C:/Users/Jacob/Desktop/H60/DWM1001/Source_Code/DWM1001_on_board_package/DWM1001_on_board_package_R2.0/dwm/examples/dwm_Listener/../../lib/libdwm.a(ble-server.o)
                0x00044e30                ble_req_stop
 .text.ble_stop_is_needed
                0x00044e40        0xc C:/Users/Jacob/Desktop/H60/DWM1001/Source_Code/DWM1001_on_board_package/DWM1001_on_board_package_R2.0/dwm/examples/dwm_Listener/../../lib/libdwm.a(ble-server.o)
                0x00044e40                ble_stop_is_needed
 .text.ble_autosuspend_disable
                0x00044e4c        0xc C:/Users/Jacob/Desktop/H60/DWM1001/Source_Code/DWM1001_on_board_package/DWM1001_on_board_package_R2.0/dwm/examples/dwm_Listener/../../lib/libdwm.a(ble-server.o)
                0x00044e4c                ble_autosuspend_disable
 .text.ble_autosuspend_enable
                0x00044e58        0xc C:/Users/Jacob/Desktop/H60/DWM1001/Source_Code/DWM1001_on_board_package/DWM1001_on_board_package_R2.0/dwm/examples/dwm_Listener/../../lib/libdwm.a(ble-server.o)
                0x00044e58                ble_autosuspend_enable
 .text.ble_pos_dist_set
                0x00044e64      0x15c C:/Users/Jacob/Desktop/H60/DWM1001/Source_Code/DWM1001_on_board_package/DWM1001_on_board_package_R2.0/dwm/examples/dwm_Listener/../../lib/libdwm.a(ble-server.o)
                0x00044e64                ble_pos_dist_set
 .text.ble_label_set
                0x00044fc0       0x10 C:/Users/Jacob/Desktop/H60/DWM1001/Source_Code/DWM1001_on_board_package/DWM1001_on_board_package_R2.0/dwm/examples/dwm_Listener/../../lib/libdwm.a(ble-server.o)
                0x00044fc0                ble_label_set
 .text.ble_ur_set
                0x00044fd0       0x10 C:/Users/Jacob/Desktop/H60/DWM1001/Source_Code/DWM1001_on_board_package/DWM1001_on_board_package_R2.0/dwm/examples/dwm_Listener/../../lib/libdwm.a(ble-server.o)
                0x00044fd0                ble_ur_set
 .text.ble_pan_id_set
                0x00044fe0       0x10 C:/Users/Jacob/Desktop/H60/DWM1001/Source_Code/DWM1001_on_board_package/DWM1001_on_board_package_R2.0/dwm/examples/dwm_Listener/../../lib/libdwm.a(ble-server.o)
                0x00044fe0                ble_pan_id_set
 .text.ble_addr_set
                0x00044ff0       0x14 C:/Users/Jacob/Desktop/H60/DWM1001/Source_Code/DWM1001_on_board_package/DWM1001_on_board_package_R2.0/dwm/examples/dwm_Listener/../../lib/libdwm.a(ble-server.o)
                0x00044ff0                ble_addr_set
 .text.ble_addr_get
                0x00045004       0x14 C:/Users/Jacob/Desktop/H60/DWM1001/Source_Code/DWM1001_on_board_package/DWM1001_on_board_package_R2.0/dwm/examples/dwm_Listener/../../lib/libdwm.a(ble-server.o)
                0x00045004                ble_addr_get
 .text._ble_sys_info
                0x00045018       0x90 C:/Users/Jacob/Desktop/H60/DWM1001/Source_Code/DWM1001_on_board_package/DWM1001_on_board_package_R2.0/dwm/examples/dwm_Listener/../../lib/libdwm.a(ble-server.o)
 .text.ble_an_list_set
                0x000450a8       0x10 C:/Users/Jacob/Desktop/H60/DWM1001/Source_Code/DWM1001_on_board_package/DWM1001_on_board_package_R2.0/dwm/examples/dwm_Listener/../../lib/libdwm.a(ble-server.o)
                0x000450a8                ble_an_list_set
 .text.ble_mac_cl_info_set
                0x000450b8       0x10 C:/Users/Jacob/Desktop/H60/DWM1001/Source_Code/DWM1001_on_board_package/DWM1001_on_board_package_R2.0/dwm/examples/dwm_Listener/../../lib/libdwm.a(ble-server.o)
                0x000450b8                ble_mac_cl_info_set
 .text.ble_mac_stat_set
                0x000450c8       0x10 C:/Users/Jacob/Desktop/H60/DWM1001/Source_Code/DWM1001_on_board_package/DWM1001_on_board_package_R2.0/dwm/examples/dwm_Listener/../../lib/libdwm.a(ble-server.o)
                0x000450c8                ble_mac_stat_set
 .text.ble_proxy_set
                0x000450d8       0x14 C:/Users/Jacob/Desktop/H60/DWM1001/Source_Code/DWM1001_on_board_package/DWM1001_on_board_package_R2.0/dwm/examples/dwm_Listener/../../lib/libdwm.a(ble-server.o)
                0x000450d8                ble_proxy_set
 .text.ble_advertising_enable
                0x000450ec       0x60 C:/Users/Jacob/Desktop/H60/DWM1001/Source_Code/DWM1001_on_board_package/DWM1001_on_board_package_R2.0/dwm/examples/dwm_Listener/../../lib/libdwm.a(ble-server.o)
                0x000450ec                ble_advertising_enable
 .text.ble_server_on_ble_evt
                0x0004514c      0x9a4 C:/Users/Jacob/Desktop/H60/DWM1001/Source_Code/DWM1001_on_board_package/DWM1001_on_board_package_R2.0/dwm/examples/dwm_Listener/../../lib/libdwm.a(ble-server.o)
                0x0004514c                ble_server_on_ble_evt
 .text.ble_sys_info
                0x00045af0       0x10 C:/Users/Jacob/Desktop/H60/DWM1001/Source_Code/DWM1001_on_board_package/DWM1001_on_board_package_R2.0/dwm/examples/dwm_Listener/../../lib/libdwm.a(ble-server.o)
                0x00045af0                ble_sys_info
 .text.ble_compile
                0x00045b00       0xc0 C:/Users/Jacob/Desktop/H60/DWM1001/Source_Code/DWM1001_on_board_package/DWM1001_on_board_package_R2.0/dwm/examples/dwm_Listener/../../lib/libdwm.a(ble-server.o)
                0x00045b00                ble_compile
 .text.ble_server_init
                0x00045bc0      0x690 C:/Users/Jacob/Desktop/H60/DWM1001/Source_Code/DWM1001_on_board_package/DWM1001_on_board_package_R2.0/dwm/examples/dwm_Listener/../../lib/libdwm.a(ble-server.o)
                0x00045bc0                ble_server_init
 .text.ble_server_uninit
                0x00046250       0x2c C:/Users/Jacob/Desktop/H60/DWM1001/Source_Code/DWM1001_on_board_package/DWM1001_on_board_package_R2.0/dwm/examples/dwm_Listener/../../lib/libdwm.a(ble-server.o)
                0x00046250                ble_server_uninit
 .text.ble_srv_is_notification_enabled
                0x0004627c        0x8 C:/Users/Jacob/Desktop/H60/DWM1001/Source_Code/DWM1001_on_board_package/DWM1001_on_board_package_R2.0/dwm/examples/dwm_Listener/../../lib/libdwm.a(ble_srv_common.o)
                0x0004627c                ble_srv_is_notification_enabled
 *fill*         0x00046284        0x4 
 .text.dw_usec_to_devt
                0x00046288       0x20 C:/Users/Jacob/Desktop/H60/DWM1001/Source_Code/DWM1001_on_board_package/DWM1001_on_board_package_R2.0/dwm/examples/dwm_Listener/../../lib/libdwm.a(dw1000.o)
                0x00046288                dw_usec_to_devt
 .text.dw_read_sys_time
                0x000462a8       0x40 C:/Users/Jacob/Desktop/H60/DWM1001/Source_Code/DWM1001_on_board_package/DWM1001_on_board_package_R2.0/dwm/examples/dwm_Listener/../../lib/libdwm.a(dw1000.o)
                0x000462a8                dw_read_sys_time
 .text.dw_rand  0x000462e8       0x18 C:/Users/Jacob/Desktop/H60/DWM1001/Source_Code/DWM1001_on_board_package/DWM1001_on_board_package_R2.0/dwm/examples/dwm_Listener/../../lib/libdwm.a(dw1000.o)
                0x000462e8                dw_rand
 .text.dw_near_timeout
                0x00046300       0x50 C:/Users/Jacob/Desktop/H60/DWM1001/Source_Code/DWM1001_on_board_package/DWM1001_on_board_package_R2.0/dwm/examples/dwm_Listener/../../lib/libdwm.a(dw1000.o)
                0x00046300                dw_near_timeout
 .text.dw_tx_reset
                0x00046350       0x3a C:/Users/Jacob/Desktop/H60/DWM1001/Source_Code/DWM1001_on_board_package/DWM1001_on_board_package_R2.0/dwm/examples/dwm_Listener/../../lib/libdwm.a(dw1000.o)
                0x00046350                dw_tx_reset
 .text.dw_buf_write
                0x0004638a       0xd4 C:/Users/Jacob/Desktop/H60/DWM1001/Source_Code/DWM1001_on_board_package/DWM1001_on_board_package_R2.0/dwm/examples/dwm_Listener/../../lib/libdwm.a(dw1000.o)
                0x0004638a                dw_buf_write
 .text.dw_buf_start
                0x0004645e       0x90 C:/Users/Jacob/Desktop/H60/DWM1001/Source_Code/DWM1001_on_board_package/DWM1001_on_board_package_R2.0/dwm/examples/dwm_Listener/../../lib/libdwm.a(dw1000.o)
                0x0004645e                dw_buf_start
 .text.dw_buf_await_send
                0x000464ee       0x54 C:/Users/Jacob/Desktop/H60/DWM1001/Source_Code/DWM1001_on_board_package/DWM1001_on_board_package_R2.0/dwm/examples/dwm_Listener/../../lib/libdwm.a(dw1000.o)
                0x000464ee                dw_buf_await_send
 .text.dw_buf_send
                0x00046542       0x1e C:/Users/Jacob/Desktop/H60/DWM1001/Source_Code/DWM1001_on_board_package/DWM1001_on_board_package_R2.0/dwm/examples/dwm_Listener/../../lib/libdwm.a(dw1000.o)
                0x00046542                dw_buf_send
 .text.dw_rx_on
                0x00046560       0x20 C:/Users/Jacob/Desktop/H60/DWM1001/Source_Code/DWM1001_on_board_package/DWM1001_on_board_package_R2.0/dwm/examples/dwm_Listener/../../lib/libdwm.a(dw1000.o)
                0x00046560                dw_rx_on
 .text.dw_rxto_on
                0x00046580       0x40 C:/Users/Jacob/Desktop/H60/DWM1001/Source_Code/DWM1001_on_board_package/DWM1001_on_board_package_R2.0/dwm/examples/dwm_Listener/../../lib/libdwm.a(dw1000.o)
                0x00046580                dw_rxto_on
 .text.dw_get_preamble_len
                0x000465c0       0x18 C:/Users/Jacob/Desktop/H60/DWM1001/Source_Code/DWM1001_on_board_package/DWM1001_on_board_package_R2.0/dwm/examples/dwm_Listener/../../lib/libdwm.a(dw1000.o)
                0x000465c0                dw_get_preamble_len
 .text.dw_get_frame_len
                0x000465d8      0x124 C:/Users/Jacob/Desktop/H60/DWM1001/Source_Code/DWM1001_on_board_package/DWM1001_on_board_package_R2.0/dwm/examples/dwm_Listener/../../lib/libdwm.a(dw1000.o)
                0x000465d8                dw_get_frame_len
 *fill*         0x000466fc        0x4 
 .text.dw_get_qf
                0x00046700      0x16c C:/Users/Jacob/Desktop/H60/DWM1001/Source_Code/DWM1001_on_board_package/DWM1001_on_board_package_R2.0/dwm/examples/dwm_Listener/../../lib/libdwm.a(dw1000.o)
                0x00046700                dw_get_qf
 *fill*         0x0004686c        0x4 
 .text.dw_get_rssi
                0x00046870       0xb8 C:/Users/Jacob/Desktop/H60/DWM1001/Source_Code/DWM1001_on_board_package/DWM1001_on_board_package_R2.0/dwm/examples/dwm_Listener/../../lib/libdwm.a(dw1000.o)
                0x00046870                dw_get_rssi
 .text.dw_set_ch_cfg
                0x00046928        0xa C:/Users/Jacob/Desktop/H60/DWM1001/Source_Code/DWM1001_on_board_package/DWM1001_on_board_package_R2.0/dwm/examples/dwm_Listener/../../lib/libdwm.a(dw1000.o)
                0x00046928                dw_set_ch_cfg
 .text.dw_set_tx_cfg
                0x00046932       0x1a C:/Users/Jacob/Desktop/H60/DWM1001/Source_Code/DWM1001_on_board_package/DWM1001_on_board_package_R2.0/dwm/examples/dwm_Listener/../../lib/libdwm.a(dw1000.o)
                0x00046932                dw_set_tx_cfg
 .text.dw_set_ant_tx_delay
                0x0004694c        0x8 C:/Users/Jacob/Desktop/H60/DWM1001/Source_Code/DWM1001_on_board_package/DWM1001_on_board_package_R2.0/dwm/examples/dwm_Listener/../../lib/libdwm.a(dw1000.o)
                0x0004694c                dw_set_ant_tx_delay
 .text.dw_get_temp
                0x00046954       0x36 C:/Users/Jacob/Desktop/H60/DWM1001/Source_Code/DWM1001_on_board_package/DWM1001_on_board_package_R2.0/dwm/examples/dwm_Listener/../../lib/libdwm.a(dw1000.o)
                0x00046954                dw_get_temp
 .text.dw_rsl_workaround
                0x0004698a       0x1c C:/Users/Jacob/Desktop/H60/DWM1001/Source_Code/DWM1001_on_board_package/DWM1001_on_board_package_R2.0/dwm/examples/dwm_Listener/../../lib/libdwm.a(dw1000.o)
                0x0004698a                dw_rsl_workaround
 *fill*         0x000469a6        0x2 
 .text.dw_bw_txpwr_comp
                0x000469a8      0x1f8 C:/Users/Jacob/Desktop/H60/DWM1001/Source_Code/DWM1001_on_board_package/DWM1001_on_board_package_R2.0/dwm/examples/dwm_Listener/../../lib/libdwm.a(dw1000.o)
                0x000469a8                dw_bw_txpwr_comp
 .text.dw_tx_cb
                0x00046ba0       0x7c C:/Users/Jacob/Desktop/H60/DWM1001/Source_Code/DWM1001_on_board_package/DWM1001_on_board_package_R2.0/dwm/examples/dwm_Listener/../../lib/libdwm.a(dw1000.o)
                0x00046ba0                dw_tx_cb
 .text.dw_rx_cb
                0x00046c1c      0x18a C:/Users/Jacob/Desktop/H60/DWM1001/Source_Code/DWM1001_on_board_package/DWM1001_on_board_package_R2.0/dwm/examples/dwm_Listener/../../lib/libdwm.a(dw1000.o)
                0x00046c1c                dw_rx_cb
 .text.dw_sleep
                0x00046da6       0x54 C:/Users/Jacob/Desktop/H60/DWM1001/Source_Code/DWM1001_on_board_package/DWM1001_on_board_package_R2.0/dwm/examples/dwm_Listener/../../lib/libdwm.a(dw1000.o)
                0x00046da6                dw_sleep
 .text.dw_rxdata_read
                0x00046dfa       0x10 C:/Users/Jacob/Desktop/H60/DWM1001/Source_Code/DWM1001_on_board_package/DWM1001_on_board_package_R2.0/dwm/examples/dwm_Listener/../../lib/libdwm.a(dw1000.o)
                0x00046dfa                dw_rxdata_read
 *fill*         0x00046e0a        0x2 
 .text.dw_init  0x00046e0c       0xac C:/Users/Jacob/Desktop/H60/DWM1001/Source_Code/DWM1001_on_board_package/DWM1001_on_board_package_R2.0/dwm/examples/dwm_Listener/../../lib/libdwm.a(dw1000.o)
                0x00046e0c                dw_init
 .text.dw_set_src_addr
                0x00046eb8       0x7a C:/Users/Jacob/Desktop/H60/DWM1001/Source_Code/DWM1001_on_board_package/DWM1001_on_board_package_R2.0/dwm/examples/dwm_Listener/../../lib/libdwm.a(dw1000.o)
                0x00046eb8                dw_set_src_addr
 .text.dw_get_src_addr
                0x00046f32        0xc C:/Users/Jacob/Desktop/H60/DWM1001/Source_Code/DWM1001_on_board_package/DWM1001_on_board_package_R2.0/dwm/examples/dwm_Listener/../../lib/libdwm.a(dw1000.o)
                0x00046f32                dw_get_src_addr
 .text.dw_get_event
                0x00046f3e       0x70 C:/Users/Jacob/Desktop/H60/DWM1001/Source_Code/DWM1001_on_board_package/DWM1001_on_board_package_R2.0/dwm/examples/dwm_Listener/../../lib/libdwm.a(dw1000.o)
                0x00046f3e                dw_get_event
 *fill*         0x00046fae        0x2 
 .text.uwb_get_if
                0x00046fb0       0x10 C:/Users/Jacob/Desktop/H60/DWM1001/Source_Code/DWM1001_on_board_package/DWM1001_on_board_package_R2.0/dwm/examples/dwm_Listener/../../lib/libdwm.a(dw1000.o)
                0x00046fb0                uwb_get_if
 .text.dw1000_init
                0x00046fc0       0xd8 C:/Users/Jacob/Desktop/H60/DWM1001/Source_Code/DWM1001_on_board_package/DWM1001_on_board_package_R2.0/dwm/examples/dwm_Listener/../../lib/libdwm.a(dw1000.o)
                0x00046fc0                dw1000_init
 .text.dw_dump_cfg
                0x00047098      0x278 C:/Users/Jacob/Desktop/H60/DWM1001/Source_Code/DWM1001_on_board_package/DWM1001_on_board_package_R2.0/dwm/examples/dwm_Listener/../../lib/libdwm.a(dw1000.o)
                0x00047098                dw_dump_cfg
 .text.uwb_sys_info
                0x00047310      0x100 C:/Users/Jacob/Desktop/H60/DWM1001/Source_Code/DWM1001_on_board_package/DWM1001_on_board_package_R2.0/dwm/examples/dwm_Listener/../../lib/libdwm.a(dw1000.o)
                0x00047310                uwb_sys_info
 .text.fact     0x00047410       0x12 C:/Users/Jacob/Desktop/H60/DWM1001/Source_Code/DWM1001_on_board_package/DWM1001_on_board_package_R2.0/dwm/examples/dwm_Listener/../../lib/libdwm.a(dwm-math.o)
                0x00047410                fact
 *fill*         0x00047422        0x2 
 .text.flog10   0x00047424       0x28 C:/Users/Jacob/Desktop/H60/DWM1001/Source_Code/DWM1001_on_board_package/DWM1001_on_board_package_R2.0/dwm/examples/dwm_Listener/../../lib/libdwm.a(dwm-math.o)
                0x00047424                flog10
 .text.get_dist
                0x0004744c       0xc4 C:/Users/Jacob/Desktop/H60/DWM1001/Source_Code/DWM1001_on_board_package/DWM1001_on_board_package_R2.0/dwm/examples/dwm_Listener/../../lib/libdwm.a(dwm-math.o)
                0x0004744c                get_dist
 .text.dwm_pm_init
                0x00047510       0x34 C:/Users/Jacob/Desktop/H60/DWM1001/Source_Code/DWM1001_on_board_package/DWM1001_on_board_package_R2.0/dwm/examples/dwm_Listener/../../lib/libdwm.a(dwm.o)
 .text.uwbmac_cb
                0x00047544      0x204 C:/Users/Jacob/Desktop/H60/DWM1001/Source_Code/DWM1001_on_board_package/DWM1001_on_board_package_R2.0/dwm/examples/dwm_Listener/../../lib/libdwm.a(dwm.o)
 .text.dwm_pm_lock
                0x00047748       0x20 C:/Users/Jacob/Desktop/H60/DWM1001/Source_Code/DWM1001_on_board_package/DWM1001_on_board_package_R2.0/dwm/examples/dwm_Listener/../../lib/libdwm.a(dwm.o)
 .text.dwm_systime_us_get
                0x00047768        0x8 C:/Users/Jacob/Desktop/H60/DWM1001/Source_Code/DWM1001_on_board_package/DWM1001_on_board_package_R2.0/dwm/examples/dwm_Listener/../../lib/libdwm.a(dwm.o)
                0x00047768                dwm_systime_us_get
 .text.dwm_thread_create
                0x00047770       0x20 C:/Users/Jacob/Desktop/H60/DWM1001/Source_Code/DWM1001_on_board_package/DWM1001_on_board_package_R2.0/dwm/examples/dwm_Listener/../../lib/libdwm.a(dwm.o)
                0x00047770                dwm_thread_create
 .text.dwm_thread_resume
                0x00047790       0x10 C:/Users/Jacob/Desktop/H60/DWM1001/Source_Code/DWM1001_on_board_package/DWM1001_on_board_package_R2.0/dwm/examples/dwm_Listener/../../lib/libdwm.a(dwm.o)
                0x00047790                dwm_thread_resume
 .text.dwm_reset
                0x000477a0       0x24 C:/Users/Jacob/Desktop/H60/DWM1001/Source_Code/DWM1001_on_board_package/DWM1001_on_board_package_R2.0/dwm/examples/dwm_Listener/../../lib/libdwm.a(dwm.o)
                0x000477a0                dwm_reset
 .text.dwm_cfg_anchor_set
                0x000477c4       0x52 C:/Users/Jacob/Desktop/H60/DWM1001/Source_Code/DWM1001_on_board_package/DWM1001_on_board_package_R2.0/dwm/examples/dwm_Listener/../../lib/libdwm.a(dwm.o)
                0x000477c4                dwm_cfg_anchor_set
 .text.dwm_cfg_tag_set
                0x00047816       0x66 C:/Users/Jacob/Desktop/H60/DWM1001/Source_Code/DWM1001_on_board_package/DWM1001_on_board_package_R2.0/dwm/examples/dwm_Listener/../../lib/libdwm.a(dwm.o)
                0x00047816                dwm_cfg_tag_set
 .text.dwm_stnry_cfg_set
                0x0004787c       0x1c C:/Users/Jacob/Desktop/H60/DWM1001/Source_Code/DWM1001_on_board_package/DWM1001_on_board_package_R2.0/dwm/examples/dwm_Listener/../../lib/libdwm.a(dwm.o)
                0x0004787c                dwm_stnry_cfg_set
 .text.dwm_pos_set
                0x00047898       0x2e C:/Users/Jacob/Desktop/H60/DWM1001/Source_Code/DWM1001_on_board_package/DWM1001_on_board_package_R2.0/dwm/examples/dwm_Listener/../../lib/libdwm.a(dwm.o)
                0x00047898                dwm_pos_set
 .text.dwm_pos_get
                0x000478c6       0x36 C:/Users/Jacob/Desktop/H60/DWM1001/Source_Code/DWM1001_on_board_package/DWM1001_on_board_package_R2.0/dwm/examples/dwm_Listener/../../lib/libdwm.a(dwm.o)
                0x000478c6                dwm_pos_get
 .text.dwm_upd_rate_set
                0x000478fc       0x20 C:/Users/Jacob/Desktop/H60/DWM1001/Source_Code/DWM1001_on_board_package/DWM1001_on_board_package_R2.0/dwm/examples/dwm_Listener/../../lib/libdwm.a(dwm.o)
                0x000478fc                dwm_upd_rate_set
 .text.dwm_upd_rate_get
                0x0004791c       0x34 C:/Users/Jacob/Desktop/H60/DWM1001/Source_Code/DWM1001_on_board_package/DWM1001_on_board_package_R2.0/dwm/examples/dwm_Listener/../../lib/libdwm.a(dwm.o)
                0x0004791c                dwm_upd_rate_get
 .text.dwm_panid_set
                0x00047950       0x22 C:/Users/Jacob/Desktop/H60/DWM1001/Source_Code/DWM1001_on_board_package/DWM1001_on_board_package_R2.0/dwm/examples/dwm_Listener/../../lib/libdwm.a(dwm.o)
                0x00047950                dwm_panid_set
 .text.dwm_nvm_usr_data_get
                0x00047972       0x2c C:/Users/Jacob/Desktop/H60/DWM1001/Source_Code/DWM1001_on_board_package/DWM1001_on_board_package_R2.0/dwm/examples/dwm_Listener/../../lib/libdwm.a(dwm.o)
                0x00047972                dwm_nvm_usr_data_get
 .text.dwm_nvm_usr_data_set
                0x0004799e       0x22 C:/Users/Jacob/Desktop/H60/DWM1001/Source_Code/DWM1001_on_board_package/DWM1001_on_board_package_R2.0/dwm/examples/dwm_Listener/../../lib/libdwm.a(dwm.o)
                0x0004799e                dwm_nvm_usr_data_set
 .text.dwm_evt_listener_register
                0x000479c0       0x20 C:/Users/Jacob/Desktop/H60/DWM1001/Source_Code/DWM1001_on_board_package/DWM1001_on_board_package_R2.0/dwm/examples/dwm_Listener/../../lib/libdwm.a(dwm.o)
                0x000479c0                dwm_evt_listener_register
 .text.dwm_evt_wait
                0x000479e0       0x78 C:/Users/Jacob/Desktop/H60/DWM1001/Source_Code/DWM1001_on_board_package/DWM1001_on_board_package_R2.0/dwm/examples/dwm_Listener/../../lib/libdwm.a(dwm.o)
                0x000479e0                dwm_evt_wait
 .text.dwm_ble_compile
                0x00047a58        0x4 C:/Users/Jacob/Desktop/H60/DWM1001/Source_Code/DWM1001_on_board_package/DWM1001_on_board_package_R2.0/dwm/examples/dwm_Listener/../../lib/libdwm.a(dwm.o)
                0x00047a58                dwm_ble_compile
 .text.dwm_le_compile
                0x00047a5c        0x4 C:/Users/Jacob/Desktop/H60/DWM1001/Source_Code/DWM1001_on_board_package/DWM1001_on_board_package_R2.0/dwm/examples/dwm_Listener/../../lib/libdwm.a(dwm.o)
                0x00047a5c                dwm_le_compile
 .text.dwm_serial_spi_compile
                0x00047a60        0x4 C:/Users/Jacob/Desktop/H60/DWM1001/Source_Code/DWM1001_on_board_package/DWM1001_on_board_package_R2.0/dwm/examples/dwm_Listener/../../lib/libdwm.a(dwm.o)
                0x00047a60                dwm_serial_spi_compile
 .text.dwm_shell_compile
                0x00047a64        0x4 C:/Users/Jacob/Desktop/H60/DWM1001/Source_Code/DWM1001_on_board_package/DWM1001_on_board_package_R2.0/dwm/examples/dwm_Listener/../../lib/libdwm.a(dwm.o)
                0x00047a64                dwm_shell_compile
 .text.env_get_end
                0x00047a68       0x28 C:/Users/Jacob/Desktop/H60/DWM1001/Source_Code/DWM1001_on_board_package/DWM1001_on_board_package_R2.0/dwm/examples/dwm_Listener/../../lib/libdwm.a(env-tlv.o)
 .text.env_save
                0x00047a90       0x60 C:/Users/Jacob/Desktop/H60/DWM1001/Source_Code/DWM1001_on_board_package/DWM1001_on_board_package_R2.0/dwm/examples/dwm_Listener/../../lib/libdwm.a(env-tlv.o)
                0x00047a90                env_save
 .text.env_load
                0x00047af0       0xe4 C:/Users/Jacob/Desktop/H60/DWM1001/Source_Code/DWM1001_on_board_package/DWM1001_on_board_package_R2.0/dwm/examples/dwm_Listener/../../lib/libdwm.a(env-tlv.o)
                0x00047af0                env_load
 .text.env_clear
                0x00047bd4       0x48 C:/Users/Jacob/Desktop/H60/DWM1001/Source_Code/DWM1001_on_board_package/DWM1001_on_board_package_R2.0/dwm/examples/dwm_Listener/../../lib/libdwm.a(env-tlv.o)
                0x00047bd4                env_clear
 .text.env_get  0x00047c1c       0x30 C:/Users/Jacob/Desktop/H60/DWM1001/Source_Code/DWM1001_on_board_package/DWM1001_on_board_package_R2.0/dwm/examples/dwm_Listener/../../lib/libdwm.a(env-tlv.o)
                0x00047c1c                env_get
 .text.env_set  0x00047c4c       0xa8 C:/Users/Jacob/Desktop/H60/DWM1001/Source_Code/DWM1001_on_board_package/DWM1001_on_board_package_R2.0/dwm/examples/dwm_Listener/../../lib/libdwm.a(env-tlv.o)
                0x00047c4c                env_set
 .text.fwup_reset
                0x00047cf4        0x8 C:/Users/Jacob/Desktop/H60/DWM1001/Source_Code/DWM1001_on_board_package/DWM1001_on_board_package_R2.0/dwm/examples/dwm_Listener/../../lib/libdwm.a(fwup.o)
                0x00047cf4                fwup_reset
 .text.fwup_sndr_init
                0x00047cfc       0x6a C:/Users/Jacob/Desktop/H60/DWM1001/Source_Code/DWM1001_on_board_package/DWM1001_on_board_package_R2.0/dwm/examples/dwm_Listener/../../lib/libdwm.a(fwup.o)
                0x00047cfc                fwup_sndr_init
 .text.fwup_rcvr_in_progress
                0x00047d66       0x1a C:/Users/Jacob/Desktop/H60/DWM1001/Source_Code/DWM1001_on_board_package/DWM1001_on_board_package_R2.0/dwm/examples/dwm_Listener/../../lib/libdwm.a(fwup.o)
                0x00047d66                fwup_rcvr_in_progress
 .text.fwup_rcvr_stop
                0x00047d80       0x16 C:/Users/Jacob/Desktop/H60/DWM1001/Source_Code/DWM1001_on_board_package/DWM1001_on_board_package_R2.0/dwm/examples/dwm_Listener/../../lib/libdwm.a(fwup.o)
                0x00047d80                fwup_rcvr_stop
 .text.fwup_rcvr_start
                0x00047d96       0x4c C:/Users/Jacob/Desktop/H60/DWM1001/Source_Code/DWM1001_on_board_package/DWM1001_on_board_package_R2.0/dwm/examples/dwm_Listener/../../lib/libdwm.a(fwup.o)
                0x00047d96                fwup_rcvr_start
 .text.fwup_rcvr_rxbuf_space
                0x00047de2       0x12 C:/Users/Jacob/Desktop/H60/DWM1001/Source_Code/DWM1001_on_board_package/DWM1001_on_board_package_R2.0/dwm/examples/dwm_Listener/../../lib/libdwm.a(fwup.o)
                0x00047de2                fwup_rcvr_rxbuf_space
 .text.fwup_rcvr_data_handler
                0x00047df4       0x60 C:/Users/Jacob/Desktop/H60/DWM1001/Source_Code/DWM1001_on_board_package/DWM1001_on_board_package_R2.0/dwm/examples/dwm_Listener/../../lib/libdwm.a(fwup.o)
                0x00047df4                fwup_rcvr_data_handler
 .text.fwup_rcvr_data_write
                0x00047e54      0x160 C:/Users/Jacob/Desktop/H60/DWM1001/Source_Code/DWM1001_on_board_package/DWM1001_on_board_package_R2.0/dwm/examples/dwm_Listener/../../lib/libdwm.a(fwup.o)
                0x00047e54                fwup_rcvr_data_write
 .text.fwup_rcvr_is_finished
                0x00047fb4       0x36 C:/Users/Jacob/Desktop/H60/DWM1001/Source_Code/DWM1001_on_board_package/DWM1001_on_board_package_R2.0/dwm/examples/dwm_Listener/../../lib/libdwm.a(fwup.o)
                0x00047fb4                fwup_rcvr_is_finished
 .text.nrf_gpio_pins_toggle
                0x00047fea       0x18 C:/Users/Jacob/Desktop/H60/DWM1001/Source_Code/DWM1001_on_board_package/DWM1001_on_board_package_R2.0/dwm/examples/dwm_Listener/../../lib/libdwm.a(hal.o)
 .text.sd_rand_application_bytes_available_get
                0x00048002        0x4 C:/Users/Jacob/Desktop/H60/DWM1001/Source_Code/DWM1001_on_board_package/DWM1001_on_board_package_R2.0/dwm/examples/dwm_Listener/../../lib/libdwm.a(hal.o)
 .text.sd_rand_application_vector_get
                0x00048006        0x4 C:/Users/Jacob/Desktop/H60/DWM1001/Source_Code/DWM1001_on_board_package/DWM1001_on_board_package_R2.0/dwm/examples/dwm_Listener/../../lib/libdwm.a(hal.o)
 .text.sd_clock_hfclk_request
                0x0004800a        0x4 C:/Users/Jacob/Desktop/H60/DWM1001/Source_Code/DWM1001_on_board_package/DWM1001_on_board_package_R2.0/dwm/examples/dwm_Listener/../../lib/libdwm.a(hal.o)
 .text.sd_clock_hfclk_release
                0x0004800e        0x4 C:/Users/Jacob/Desktop/H60/DWM1001/Source_Code/DWM1001_on_board_package/DWM1001_on_board_package_R2.0/dwm/examples/dwm_Listener/../../lib/libdwm.a(hal.o)
 .text.sd_app_evt_wait
                0x00048012        0x4 C:/Users/Jacob/Desktop/H60/DWM1001/Source_Code/DWM1001_on_board_package/DWM1001_on_board_package_R2.0/dwm/examples/dwm_Listener/../../lib/libdwm.a(hal.o)
 .text.sd_ecb_block_encrypt
                0x00048016        0x4 C:/Users/Jacob/Desktop/H60/DWM1001/Source_Code/DWM1001_on_board_package/DWM1001_on_board_package_R2.0/dwm/examples/dwm_Listener/../../lib/libdwm.a(hal.o)
 .text.sd_temp_get
                0x0004801a        0x4 C:/Users/Jacob/Desktop/H60/DWM1001/Source_Code/DWM1001_on_board_package/DWM1001_on_board_package_R2.0/dwm/examples/dwm_Listener/../../lib/libdwm.a(hal.o)
 .text._led_dummy
                0x0004801e        0x2 C:/Users/Jacob/Desktop/H60/DWM1001/Source_Code/DWM1001_on_board_package/DWM1001_on_board_package_R2.0/dwm/examples/dwm_Listener/../../lib/libdwm.a(hal.o)
 .text._led_orange_on
                0x00048020        0xe C:/Users/Jacob/Desktop/H60/DWM1001/Source_Code/DWM1001_on_board_package/DWM1001_on_board_package_R2.0/dwm/examples/dwm_Listener/../../lib/libdwm.a(hal.o)
 .text._led_orange_off
                0x0004802e        0xe C:/Users/Jacob/Desktop/H60/DWM1001/Source_Code/DWM1001_on_board_package/DWM1001_on_board_package_R2.0/dwm/examples/dwm_Listener/../../lib/libdwm.a(hal.o)
 .text._led_orange_toggle
                0x0004803c        0x8 C:/Users/Jacob/Desktop/H60/DWM1001/Source_Code/DWM1001_on_board_package/DWM1001_on_board_package_R2.0/dwm/examples/dwm_Listener/../../lib/libdwm.a(hal.o)
 .text._led_red_on
                0x00048044        0xe C:/Users/Jacob/Desktop/H60/DWM1001/Source_Code/DWM1001_on_board_package/DWM1001_on_board_package_R2.0/dwm/examples/dwm_Listener/../../lib/libdwm.a(hal.o)
 .text._led_red_off
                0x00048052        0xe C:/Users/Jacob/Desktop/H60/DWM1001/Source_Code/DWM1001_on_board_package/DWM1001_on_board_package_R2.0/dwm/examples/dwm_Listener/../../lib/libdwm.a(hal.o)
 .text._led_red_toggle
                0x00048060        0x8 C:/Users/Jacob/Desktop/H60/DWM1001/Source_Code/DWM1001_on_board_package/DWM1001_on_board_package_R2.0/dwm/examples/dwm_Listener/../../lib/libdwm.a(hal.o)
 .text._led_green_on
                0x00048068        0xe C:/Users/Jacob/Desktop/H60/DWM1001/Source_Code/DWM1001_on_board_package/DWM1001_on_board_package_R2.0/dwm/examples/dwm_Listener/../../lib/libdwm.a(hal.o)
 .text._led_green_off
                0x00048076        0xe C:/Users/Jacob/Desktop/H60/DWM1001/Source_Code/DWM1001_on_board_package/DWM1001_on_board_package_R2.0/dwm/examples/dwm_Listener/../../lib/libdwm.a(hal.o)
 .text._led_green_toggle
                0x00048084        0x8 C:/Users/Jacob/Desktop/H60/DWM1001/Source_Code/DWM1001_on_board_package/DWM1001_on_board_package_R2.0/dwm/examples/dwm_Listener/../../lib/libdwm.a(hal.o)
 .text.wdt_handler
                0x0004808c        0x2 C:/Users/Jacob/Desktop/H60/DWM1001/Source_Code/DWM1001_on_board_package/DWM1001_on_board_package_R2.0/dwm/examples/dwm_Listener/../../lib/libdwm.a(hal.o)
 *fill*         0x0004808e        0x2 
 .text.hal_factory_reset
                0x00048090       0x30 C:/Users/Jacob/Desktop/H60/DWM1001/Source_Code/DWM1001_on_board_package/DWM1001_on_board_package_R2.0/dwm/examples/dwm_Listener/../../lib/libdwm.a(hal.o)
                0x00048090                hal_factory_reset
 .text.is_user_app_pin
                0x000480c0       0x5c C:/Users/Jacob/Desktop/H60/DWM1001/Source_Code/DWM1001_on_board_package/DWM1001_on_board_package_R2.0/dwm/examples/dwm_Listener/../../lib/libdwm.a(hal.o)
                0x000480c0                is_user_app_pin
 .text.hal_sd_enabled
                0x0004811c        0x8 C:/Users/Jacob/Desktop/H60/DWM1001/Source_Code/DWM1001_on_board_package/DWM1001_on_board_package_R2.0/dwm/examples/dwm_Listener/../../lib/libdwm.a(hal.o)
                0x0004811c                hal_sd_enabled
 .text.hal_flash_erase
                0x00048124       0x14 C:/Users/Jacob/Desktop/H60/DWM1001/Source_Code/DWM1001_on_board_package/DWM1001_on_board_package_R2.0/dwm/examples/dwm_Listener/../../lib/libdwm.a(hal.o)
                0x00048124                hal_flash_erase
 .text.hal_flash_write_page
                0x00048138        0x6 C:/Users/Jacob/Desktop/H60/DWM1001/Source_Code/DWM1001_on_board_package/DWM1001_on_board_package_R2.0/dwm/examples/dwm_Listener/../../lib/libdwm.a(hal.o)
                0x00048138                hal_flash_write_page
 .text.hal_fw_get_chksum
                0x0004813e       0x42 C:/Users/Jacob/Desktop/H60/DWM1001/Source_Code/DWM1001_on_board_package/DWM1001_on_board_package_R2.0/dwm/examples/dwm_Listener/../../lib/libdwm.a(hal.o)
                0x0004813e                hal_fw_get_chksum
 .text.hal_fw_is_compat
                0x00048180       0x10 C:/Users/Jacob/Desktop/H60/DWM1001/Source_Code/DWM1001_on_board_package/DWM1001_on_board_package_R2.0/dwm/examples/dwm_Listener/../../lib/libdwm.a(hal.o)
                0x00048180                hal_fw_is_compat
 .text.hal_time_hfclk_start
                0x00048190       0x1a C:/Users/Jacob/Desktop/H60/DWM1001/Source_Code/DWM1001_on_board_package/DWM1001_on_board_package_R2.0/dwm/examples/dwm_Listener/../../lib/libdwm.a(hal.o)
                0x00048190                hal_time_hfclk_start
 .text.hal_time_hfclk_stop
                0x000481aa       0x1c C:/Users/Jacob/Desktop/H60/DWM1001/Source_Code/DWM1001_on_board_package/DWM1001_on_board_package_R2.0/dwm/examples/dwm_Listener/../../lib/libdwm.a(hal.o)
                0x000481aa                hal_time_hfclk_stop
 *fill*         0x000481c6        0x2 
 .text.hal_wdt_app_init
                0x000481c8       0x10 C:/Users/Jacob/Desktop/H60/DWM1001/Source_Code/DWM1001_on_board_package/DWM1001_on_board_package_R2.0/dwm/examples/dwm_Listener/../../lib/libdwm.a(hal.o)
                0x000481c8                hal_wdt_app_init
 .text.hal_wdt_app_reset
                0x000481d8        0x4 C:/Users/Jacob/Desktop/H60/DWM1001/Source_Code/DWM1001_on_board_package/DWM1001_on_board_package_R2.0/dwm/examples/dwm_Listener/../../lib/libdwm.a(hal.o)
                0x000481d8                hal_wdt_app_reset
 .text.hal_temp_get
                0x000481dc       0x80 C:/Users/Jacob/Desktop/H60/DWM1001/Source_Code/DWM1001_on_board_package/DWM1001_on_board_package_R2.0/dwm/examples/dwm_Listener/../../lib/libdwm.a(hal.o)
                0x000481dc                hal_temp_get
 .text.hal_sleep
                0x0004825c       0xe4 C:/Users/Jacob/Desktop/H60/DWM1001/Source_Code/DWM1001_on_board_package/DWM1001_on_board_package_R2.0/dwm/examples/dwm_Listener/../../lib/libdwm.a(hal.o)
                0x0004825c                hal_sleep
 .text.hal_uptime
                0x00048340       0x20 C:/Users/Jacob/Desktop/H60/DWM1001/Source_Code/DWM1001_on_board_package/DWM1001_on_board_package_R2.0/dwm/examples/dwm_Listener/../../lib/libdwm.a(hal.o)
                0x00048340                hal_uptime
 .text.hal_print_ps
                0x00048360       0x80 C:/Users/Jacob/Desktop/H60/DWM1001/Source_Code/DWM1001_on_board_package/DWM1001_on_board_package_R2.0/dwm/examples/dwm_Listener/../../lib/libdwm.a(hal.o)
                0x00048360                hal_print_ps
 .text.hal_print_free
                0x000483e0       0x50 C:/Users/Jacob/Desktop/H60/DWM1001/Source_Code/DWM1001_on_board_package/DWM1001_on_board_package_R2.0/dwm/examples/dwm_Listener/../../lib/libdwm.a(hal.o)
                0x000483e0                hal_print_free
 .text.hal_print_uptime
                0x00048430       0xbc C:/Users/Jacob/Desktop/H60/DWM1001/Source_Code/DWM1001_on_board_package/DWM1001_on_board_package_R2.0/dwm/examples/dwm_Listener/../../lib/libdwm.a(hal.o)
                0x00048430                hal_print_uptime
 .text.hal_print_sys_info
                0x000484ec      0x130 C:/Users/Jacob/Desktop/H60/DWM1001/Source_Code/DWM1001_on_board_package/DWM1001_on_board_package_R2.0/dwm/examples/dwm_Listener/../../lib/libdwm.a(hal.o)
                0x000484ec                hal_print_sys_info
 .text.hal_critical_region_enter
                0x0004861c       0x58 C:/Users/Jacob/Desktop/H60/DWM1001/Source_Code/DWM1001_on_board_package/DWM1001_on_board_package_R2.0/dwm/examples/dwm_Listener/../../lib/libdwm.a(hal.o)
                0x0004861c                hal_critical_region_enter
 .text.hal_critical_region_exit
                0x00048674       0x38 C:/Users/Jacob/Desktop/H60/DWM1001/Source_Code/DWM1001_on_board_package/DWM1001_on_board_package_R2.0/dwm/examples/dwm_Listener/../../lib/libdwm.a(hal.o)
                0x00048674                hal_critical_region_exit
 .text.leds_enable
                0x000486ac       0xbc C:/Users/Jacob/Desktop/H60/DWM1001/Source_Code/DWM1001_on_board_package/DWM1001_on_board_package_R2.0/dwm/examples/dwm_Listener/../../lib/libdwm.a(hal.o)
                0x000486ac                leds_enable
 .text.leds_disable
                0x00048768       0x74 C:/Users/Jacob/Desktop/H60/DWM1001/Source_Code/DWM1001_on_board_package/DWM1001_on_board_package_R2.0/dwm/examples/dwm_Listener/../../lib/libdwm.a(hal.o)
                0x00048768                leds_disable
 .text.hal_crypto_rng_get
                0x000487dc       0xa8 C:/Users/Jacob/Desktop/H60/DWM1001/Source_Code/DWM1001_on_board_package/DWM1001_on_board_package_R2.0/dwm/examples/dwm_Listener/../../lib/libdwm.a(hal.o)
                0x000487dc                hal_crypto_rng_get
 .text.hal_crypto_set_key
                0x00048884       0x60 C:/Users/Jacob/Desktop/H60/DWM1001/Source_Code/DWM1001_on_board_package/DWM1001_on_board_package_R2.0/dwm/examples/dwm_Listener/../../lib/libdwm.a(hal.o)
                0x00048884                hal_crypto_set_key
 .text.hal_crypto_mac_get
                0x000488e4      0x128 C:/Users/Jacob/Desktop/H60/DWM1001/Source_Code/DWM1001_on_board_package/DWM1001_on_board_package_R2.0/dwm/examples/dwm_Listener/../../lib/libdwm.a(hal.o)
                0x000488e4                hal_crypto_mac_get
 .text.hal_crypto_crypt
                0x00048a0c       0xc8 C:/Users/Jacob/Desktop/H60/DWM1001/Source_Code/DWM1001_on_board_package/DWM1001_on_board_package_R2.0/dwm/examples/dwm_Listener/../../lib/libdwm.a(hal.o)
                0x00048a0c                hal_crypto_crypt
 .text._read    0x00048ad4        0x8 C:/Users/Jacob/Desktop/H60/DWM1001/Source_Code/DWM1001_on_board_package/DWM1001_on_board_package_R2.0/dwm/examples/dwm_Listener/../../lib/libdwm.a(hal.o)
                0x00048ad4                _read
 .text._write   0x00048adc       0x2a C:/Users/Jacob/Desktop/H60/DWM1001/Source_Code/DWM1001_on_board_package/DWM1001_on_board_package_R2.0/dwm/examples/dwm_Listener/../../lib/libdwm.a(hal.o)
                0x00048adc                _write
 *fill*         0x00048b06        0x2 
 .text._sbrk    0x00048b08       0x2c C:/Users/Jacob/Desktop/H60/DWM1001/Source_Code/DWM1001_on_board_package/DWM1001_on_board_package_R2.0/dwm/examples/dwm_Listener/../../lib/libdwm.a(hal.o)
                0x00048b08                _sbrk
 .text.rng_isr  0x00048b34       0x14 C:/Users/Jacob/Desktop/H60/DWM1001/Source_Code/DWM1001_on_board_package/DWM1001_on_board_package_R2.0/dwm/examples/dwm_Listener/../../lib/libdwm.a(nrf_drv_rng.o)
 .text.rng_start
                0x00048b48       0x38 C:/Users/Jacob/Desktop/H60/DWM1001/Source_Code/DWM1001_on_board_package/DWM1001_on_board_package_R2.0/dwm/examples/dwm_Listener/../../lib/libdwm.a(nrf_drv_rng.o)
 .text.nrf_drv_rng_init
                0x00048b80       0x98 C:/Users/Jacob/Desktop/H60/DWM1001/Source_Code/DWM1001_on_board_package/DWM1001_on_board_package_R2.0/dwm/examples/dwm_Listener/../../lib/libdwm.a(nrf_drv_rng.o)
                0x00048b80                nrf_drv_rng_init
 .text.nrf_drv_rng_bytes_available
                0x00048c18       0x14 C:/Users/Jacob/Desktop/H60/DWM1001/Source_Code/DWM1001_on_board_package/DWM1001_on_board_package_R2.0/dwm/examples/dwm_Listener/../../lib/libdwm.a(nrf_drv_rng.o)
                0x00048c18                nrf_drv_rng_bytes_available
 .text.nrf_drv_rng_rand
                0x00048c2c       0x3c C:/Users/Jacob/Desktop/H60/DWM1001/Source_Code/DWM1001_on_board_package/DWM1001_on_board_package_R2.0/dwm/examples/dwm_Listener/../../lib/libdwm.a(nrf_drv_rng.o)
                0x00048c2c                nrf_drv_rng_rand
 .text.RNG_IRQHandler
                0x00048c68       0x54 C:/Users/Jacob/Desktop/H60/DWM1001/Source_Code/DWM1001_on_board_package/DWM1001_on_board_package_R2.0/dwm/examples/dwm_Listener/../../lib/libdwm.a(nrf_drv_rng.o)
                0x00048c68                RNG_IRQHandler
 .text.rng_dsr  0x00048cbc       0x10 C:/Users/Jacob/Desktop/H60/DWM1001/Source_Code/DWM1001_on_board_package/DWM1001_on_board_package_R2.0/dwm/examples/dwm_Listener/../../lib/libdwm.a(nrf_drv_rng.o)
 .text.pm_can_sleep
                0x00048ccc       0x44 C:/Users/Jacob/Desktop/H60/DWM1001/Source_Code/DWM1001_on_board_package/DWM1001_on_board_package_R2.0/dwm/examples/dwm_Listener/../../lib/libdwm.a(pm.o)
                0x00048ccc                pm_can_sleep
 .text.pm_task_get_next
                0x00048d10       0x54 C:/Users/Jacob/Desktop/H60/DWM1001/Source_Code/DWM1001_on_board_package/DWM1001_on_board_package_R2.0/dwm/examples/dwm_Listener/../../lib/libdwm.a(pm.o)
                0x00048d10                pm_task_get_next
 .text.pm_sched_signal
                0x00048d64        0xc C:/Users/Jacob/Desktop/H60/DWM1001/Source_Code/DWM1001_on_board_package/DWM1001_on_board_package_R2.0/dwm/examples/dwm_Listener/../../lib/libdwm.a(pm.o)
                0x00048d64                pm_sched_signal
 .text.pm_sched_wait
                0x00048d70        0xc C:/Users/Jacob/Desktop/H60/DWM1001/Source_Code/DWM1001_on_board_package/DWM1001_on_board_package_R2.0/dwm/examples/dwm_Listener/../../lib/libdwm.a(pm.o)
                0x00048d70                pm_sched_wait
 .text.pm_task_lock
                0x00048d7c       0x26 C:/Users/Jacob/Desktop/H60/DWM1001/Source_Code/DWM1001_on_board_package/DWM1001_on_board_package_R2.0/dwm/examples/dwm_Listener/../../lib/libdwm.a(pm.o)
                0x00048d7c                pm_task_lock
 .text.pm_task_unlock
                0x00048da2       0x2c C:/Users/Jacob/Desktop/H60/DWM1001/Source_Code/DWM1001_on_board_package/DWM1001_on_board_package_R2.0/dwm/examples/dwm_Listener/../../lib/libdwm.a(pm.o)
                0x00048da2                pm_task_unlock
 *fill*         0x00048dce        0x2 
 .text.pm_task_unlock_set_alarm
                0x00048dd0       0x98 C:/Users/Jacob/Desktop/H60/DWM1001/Source_Code/DWM1001_on_board_package/DWM1001_on_board_package_R2.0/dwm/examples/dwm_Listener/../../lib/libdwm.a(pm.o)
                0x00048dd0                pm_task_unlock_set_alarm
 .text.pm_task_wakeup
                0x00048e68        0x4 C:/Users/Jacob/Desktop/H60/DWM1001/Source_Code/DWM1001_on_board_package/DWM1001_on_board_package_R2.0/dwm/examples/dwm_Listener/../../lib/libdwm.a(pm.o)
                0x00048e68                pm_task_wakeup
 .text.pm_task_alloc
                0x00048e6c       0x64 C:/Users/Jacob/Desktop/H60/DWM1001/Source_Code/DWM1001_on_board_package/DWM1001_on_board_package_R2.0/dwm/examples/dwm_Listener/../../lib/libdwm.a(pm.o)
                0x00048e6c                pm_task_alloc
 .text.pm_task_free
                0x00048ed0       0x58 C:/Users/Jacob/Desktop/H60/DWM1001/Source_Code/DWM1001_on_board_package/DWM1001_on_board_package_R2.0/dwm/examples/dwm_Listener/../../lib/libdwm.a(pm.o)
                0x00048ed0                pm_task_free
 .text.pm_init  0x00048f28       0x54 C:/Users/Jacob/Desktop/H60/DWM1001/Source_Code/DWM1001_on_board_package/DWM1001_on_board_package_R2.0/dwm/examples/dwm_Listener/../../lib/libdwm.a(pm.o)
                0x00048f28                pm_init
 .text.pm_dump  0x00048f7c       0x84 C:/Users/Jacob/Desktop/H60/DWM1001/Source_Code/DWM1001_on_board_package/DWM1001_on_board_package_R2.0/dwm/examples/dwm_Listener/../../lib/libdwm.a(pm.o)
                0x00048f7c                pm_dump
 .text.api_thread_start
                0x00049000       0x10 C:/Users/Jacob/Desktop/H60/DWM1001/Source_Code/DWM1001_on_board_package/DWM1001_on_board_package_R2.0/dwm/examples/dwm_Listener/../../lib/libdwm.a(process-api.o)
                0x00049000                api_thread_start
 .text.api_thread_init
                0x00049010       0x3c C:/Users/Jacob/Desktop/H60/DWM1001/Source_Code/DWM1001_on_board_package/DWM1001_on_board_package_R2.0/dwm/examples/dwm_Listener/../../lib/libdwm.a(process-api.o)
                0x00049010                api_thread_init
 .text.ble_thread_entry
                0x0004904c       0x78 C:/Users/Jacob/Desktop/H60/DWM1001/Source_Code/DWM1001_on_board_package/DWM1001_on_board_package_R2.0/dwm/examples/dwm_Listener/../../lib/libdwm.a(process-ble.o)
 .text.ble_server_evt_put
                0x000490c4       0x1c C:/Users/Jacob/Desktop/H60/DWM1001/Source_Code/DWM1001_on_board_package/DWM1001_on_board_package_R2.0/dwm/examples/dwm_Listener/../../lib/libdwm.a(process-ble.o)
                0x000490c4                ble_server_evt_put
 .text.ble_server_thread_start
                0x000490e0       0x10 C:/Users/Jacob/Desktop/H60/DWM1001/Source_Code/DWM1001_on_board_package/DWM1001_on_board_package_R2.0/dwm/examples/dwm_Listener/../../lib/libdwm.a(process-ble.o)
                0x000490e0                ble_server_thread_start
 .text.ble_server_thread_stop
                0x000490f0       0x38 C:/Users/Jacob/Desktop/H60/DWM1001/Source_Code/DWM1001_on_board_package/DWM1001_on_board_package_R2.0/dwm/examples/dwm_Listener/../../lib/libdwm.a(process-ble.o)
                0x000490f0                ble_server_thread_stop
 .text.ble_server_thread_init
                0x00049128       0x4c C:/Users/Jacob/Desktop/H60/DWM1001/Source_Code/DWM1001_on_board_package/DWM1001_on_board_package_R2.0/dwm/examples/dwm_Listener/../../lib/libdwm.a(process-ble.o)
                0x00049128                ble_server_thread_init
 .text.ble_init_ready
                0x00049174        0xc C:/Users/Jacob/Desktop/H60/DWM1001/Source_Code/DWM1001_on_board_package/DWM1001_on_board_package_R2.0/dwm/examples/dwm_Listener/../../lib/libdwm.a(process-ble.o)
                0x00049174                ble_init_ready
 .text.le_print_disable
                0x00049180       0x10 C:/Users/Jacob/Desktop/H60/DWM1001/Source_Code/DWM1001_on_board_package/DWM1001_on_board_package_R2.0/dwm/examples/dwm_Listener/../../lib/libdwm.a(process-le.o)
 .text.nole_thread_entry
                0x00049190      0x2a8 C:/Users/Jacob/Desktop/H60/DWM1001/Source_Code/DWM1001_on_board_package/DWM1001_on_board_package_R2.0/dwm/examples/dwm_Listener/../../lib/libdwm.a(process-le.o)
 .text.le_thread_entry
                0x00049438      0x48c C:/Users/Jacob/Desktop/H60/DWM1001/Source_Code/DWM1001_on_board_package/DWM1001_on_board_package_R2.0/dwm/examples/dwm_Listener/../../lib/libdwm.a(process-le.o)
 .text.le_post_loc_data
                0x000498c4       0x60 C:/Users/Jacob/Desktop/H60/DWM1001/Source_Code/DWM1001_on_board_package/DWM1001_on_board_package_R2.0/dwm/examples/dwm_Listener/../../lib/libdwm.a(process-le.o)
                0x000498c4                le_post_loc_data
 .text.le_init  0x00049924       0x7c C:/Users/Jacob/Desktop/H60/DWM1001/Source_Code/DWM1001_on_board_package/DWM1001_on_board_package_R2.0/dwm/examples/dwm_Listener/../../lib/libdwm.a(process-le.o)
                0x00049924                le_init
 .text.le_start
                0x000499a0       0x18 C:/Users/Jacob/Desktop/H60/DWM1001/Source_Code/DWM1001_on_board_package/DWM1001_on_board_package_R2.0/dwm/examples/dwm_Listener/../../lib/libdwm.a(process-le.o)
                0x000499a0                le_start
 .text.le_post_meas
                0x000499b8       0x78 C:/Users/Jacob/Desktop/H60/DWM1001/Source_Code/DWM1001_on_board_package/DWM1001_on_board_package_R2.0/dwm/examples/dwm_Listener/../../lib/libdwm.a(process-le.o)
                0x000499b8                le_post_meas
 .text.le_pos_get
                0x00049a30       0x64 C:/Users/Jacob/Desktop/H60/DWM1001/Source_Code/DWM1001_on_board_package/DWM1001_on_board_package_R2.0/dwm/examples/dwm_Listener/../../lib/libdwm.a(process-le.o)
                0x00049a30                le_pos_get
 .text.le_loc_get
                0x00049a94      0x104 C:/Users/Jacob/Desktop/H60/DWM1001/Source_Code/DWM1001_on_board_package/DWM1001_on_board_package_R2.0/dwm/examples/dwm_Listener/../../lib/libdwm.a(process-le.o)
                0x00049a94                le_loc_get
 .text.le_loc_print_toggle
                0x00049b98       0x28 C:/Users/Jacob/Desktop/H60/DWM1001/Source_Code/DWM1001_on_board_package/DWM1001_on_board_package_R2.0/dwm/examples/dwm_Listener/../../lib/libdwm.a(process-le.o)
                0x00049b98                le_loc_print_toggle
 .text.le_loc_ts_print_toggle
                0x00049bc0       0x24 C:/Users/Jacob/Desktop/H60/DWM1001/Source_Code/DWM1001_on_board_package/DWM1001_on_board_package_R2.0/dwm/examples/dwm_Listener/../../lib/libdwm.a(process-le.o)
                0x00049bc0                le_loc_ts_print_toggle
 .text.le_loc_csv_print_toggle
                0x00049be4       0x28 C:/Users/Jacob/Desktop/H60/DWM1001/Source_Code/DWM1001_on_board_package/DWM1001_on_board_package_R2.0/dwm/examples/dwm_Listener/../../lib/libdwm.a(process-le.o)
                0x00049be4                le_loc_csv_print_toggle
 .text.le_loc_csv_ts_print_toggle
                0x00049c0c       0x28 C:/Users/Jacob/Desktop/H60/DWM1001/Source_Code/DWM1001_on_board_package/DWM1001_on_board_package_R2.0/dwm/examples/dwm_Listener/../../lib/libdwm.a(process-le.o)
                0x00049c0c                le_loc_csv_ts_print_toggle
 .text.le_pos_csv_print_toggle
                0x00049c34       0x24 C:/Users/Jacob/Desktop/H60/DWM1001/Source_Code/DWM1001_on_board_package/DWM1001_on_board_package_R2.0/dwm/examples/dwm_Listener/../../lib/libdwm.a(process-le.o)
                0x00049c34                le_pos_csv_print_toggle
 .text.le_compile
                0x00049c58       0x18 C:/Users/Jacob/Desktop/H60/DWM1001/Source_Code/DWM1001_on_board_package/DWM1001_on_board_package_R2.0/dwm/examples/dwm_Listener/../../lib/libdwm.a(process-le.o)
                0x00049c58                le_compile
 .text.pm_thread_entry
                0x00049c70       0x98 C:/Users/Jacob/Desktop/H60/DWM1001/Source_Code/DWM1001_on_board_package/DWM1001_on_board_package_R2.0/dwm/examples/dwm_Listener/../../lib/libdwm.a(process-pm.o)
 .text.hal_pm_init
                0x00049d08       0x70 C:/Users/Jacob/Desktop/H60/DWM1001/Source_Code/DWM1001_on_board_package/DWM1001_on_board_package_R2.0/dwm/examples/dwm_Listener/../../lib/libdwm.a(process-pm.o)
                0x00049d08                hal_pm_init
 .text.hal_pm_start
                0x00049d78        0xc C:/Users/Jacob/Desktop/H60/DWM1001/Source_Code/DWM1001_on_board_package/DWM1001_on_board_package_R2.0/dwm/examples/dwm_Listener/../../lib/libdwm.a(process-pm.o)
                0x00049d78                hal_pm_start
 .text.uwb0_recover.part.0
                0x00049d84       0x1c C:/Users/Jacob/Desktop/H60/DWM1001/Source_Code/DWM1001_on_board_package/DWM1001_on_board_package_R2.0/dwm/examples/dwm_Listener/../../lib/libdwm.a(process-svc.o)
 .text.svc_thread_entry
                0x00049da0      0x2b0 C:/Users/Jacob/Desktop/H60/DWM1001/Source_Code/DWM1001_on_board_package/DWM1001_on_board_package_R2.0/dwm/examples/dwm_Listener/../../lib/libdwm.a(process-svc.o)
 .text.svc_init
                0x0004a050       0x3c C:/Users/Jacob/Desktop/H60/DWM1001/Source_Code/DWM1001_on_board_package/DWM1001_on_board_package_R2.0/dwm/examples/dwm_Listener/../../lib/libdwm.a(process-svc.o)
                0x0004a050                svc_init
 .text.svc_start
                0x0004a08c        0xc C:/Users/Jacob/Desktop/H60/DWM1001/Source_Code/DWM1001_on_board_package/DWM1001_on_board_package_R2.0/dwm/examples/dwm_Listener/../../lib/libdwm.a(process-svc.o)
                0x0004a08c                svc_start
 .text.svc_post_event
                0x0004a098       0x64 C:/Users/Jacob/Desktop/H60/DWM1001/Source_Code/DWM1001_on_board_package/DWM1001_on_board_package_R2.0/dwm/examples/dwm_Listener/../../lib/libdwm.a(process-svc.o)
                0x0004a098                svc_post_event
 .text.svc_suspend
                0x0004a0fc       0x30 C:/Users/Jacob/Desktop/H60/DWM1001/Source_Code/DWM1001_on_board_package/DWM1001_on_board_package_R2.0/dwm/examples/dwm_Listener/../../lib/libdwm.a(process-svc.o)
                0x0004a0fc                svc_suspend
 .text.svc_resume
                0x0004a12c       0x28 C:/Users/Jacob/Desktop/H60/DWM1001/Source_Code/DWM1001_on_board_package/DWM1001_on_board_package_R2.0/dwm/examples/dwm_Listener/../../lib/libdwm.a(process-svc.o)
                0x0004a12c                svc_resume
 .text.uwbmac_wkr_thread_entry
                0x0004a154       0x1c C:/Users/Jacob/Desktop/H60/DWM1001/Source_Code/DWM1001_on_board_package/DWM1001_on_board_package_R2.0/dwm/examples/dwm_Listener/../../lib/libdwm.a(process-uwbmac.o)
 .text.uwbmac_thread_entry
                0x0004a170      0x12c C:/Users/Jacob/Desktop/H60/DWM1001/Source_Code/DWM1001_on_board_package/DWM1001_on_board_package_R2.0/dwm/examples/dwm_Listener/../../lib/libdwm.a(process-uwbmac.o)
 .text.uwbmac_init
                0x0004a29c       0x6c C:/Users/Jacob/Desktop/H60/DWM1001/Source_Code/DWM1001_on_board_package/DWM1001_on_board_package_R2.0/dwm/examples/dwm_Listener/../../lib/libdwm.a(process-uwbmac.o)
                0x0004a29c                uwbmac_init
 .text.uwbmac_start
                0x0004a308       0x18 C:/Users/Jacob/Desktop/H60/DWM1001/Source_Code/DWM1001_on_board_package/DWM1001_on_board_package_R2.0/dwm/examples/dwm_Listener/../../lib/libdwm.a(process-uwbmac.o)
                0x0004a308                uwbmac_start
 .text.dw_intr  0x0004a320        0xc C:/Users/Jacob/Desktop/H60/DWM1001/Source_Code/DWM1001_on_board_package/DWM1001_on_board_package_R2.0/dwm/examples/dwm_Listener/../../lib/libdwm.a(process-uwb.o)
                0x0004a320                dw_intr
 .text.uwb_init_uwb0
                0x0004a32c      0x42c C:/Users/Jacob/Desktop/H60/DWM1001/Source_Code/DWM1001_on_board_package/DWM1001_on_board_package_R2.0/dwm/examples/dwm_Listener/../../lib/libdwm.a(process-uwb.o)
                0x0004a32c                uwb_init_uwb0
 .text.uwb_thread_entry
                0x0004a758       0xac C:/Users/Jacob/Desktop/H60/DWM1001/Source_Code/DWM1001_on_board_package/DWM1001_on_board_package_R2.0/dwm/examples/dwm_Listener/../../lib/libdwm.a(process-uwb.o)
 .text.uwb_init
                0x0004a804       0x3c C:/Users/Jacob/Desktop/H60/DWM1001/Source_Code/DWM1001_on_board_package/DWM1001_on_board_package_R2.0/dwm/examples/dwm_Listener/../../lib/libdwm.a(process-uwb.o)
                0x0004a804                uwb_init
 .text.uwb_start
                0x0004a840        0xc C:/Users/Jacob/Desktop/H60/DWM1001/Source_Code/DWM1001_on_board_package/DWM1001_on_board_package_R2.0/dwm/examples/dwm_Listener/../../lib/libdwm.a(process-uwb.o)
                0x0004a840                uwb_start
 .text.uwb_init_ready_await
                0x0004a84c       0x18 C:/Users/Jacob/Desktop/H60/DWM1001/Source_Code/DWM1001_on_board_package/DWM1001_on_board_package_R2.0/dwm/examples/dwm_Listener/../../lib/libdwm.a(process-uwb.o)
                0x0004a84c                uwb_init_ready_await
 .text.uart_timeout_handler
                0x0004a864       0x10 C:/Users/Jacob/Desktop/H60/DWM1001/Source_Code/DWM1001_on_board_package/DWM1001_on_board_package_R2.0/dwm/examples/dwm_Listener/../../lib/libdwm.a(serial.o)
 .text.uart_init
                0x0004a874       0x10 C:/Users/Jacob/Desktop/H60/DWM1001/Source_Code/DWM1001_on_board_package/DWM1001_on_board_package_R2.0/dwm/examples/dwm_Listener/../../lib/libdwm.a(serial.o)
 .text.spis_gpio_set
                0x0004a884       0x20 C:/Users/Jacob/Desktop/H60/DWM1001/Source_Code/DWM1001_on_board_package/DWM1001_on_board_package_R2.0/dwm/examples/dwm_Listener/../../lib/libdwm.a(serial.o)
 .text.spis_init
                0x0004a8a4       0x10 C:/Users/Jacob/Desktop/H60/DWM1001/Source_Code/DWM1001_on_board_package/DWM1001_on_board_package_R2.0/dwm/examples/dwm_Listener/../../lib/libdwm.a(serial.o)
 .text.pm_serial_suspend
                0x0004a8b4       0x58 C:/Users/Jacob/Desktop/H60/DWM1001/Source_Code/DWM1001_on_board_package/DWM1001_on_board_package_R2.0/dwm/examples/dwm_Listener/../../lib/libdwm.a(serial.o)
 .text.gpio_wakeup_intr
                0x0004a90c        0xc C:/Users/Jacob/Desktop/H60/DWM1001/Source_Code/DWM1001_on_board_package/DWM1001_on_board_package_R2.0/dwm/examples/dwm_Listener/../../lib/libdwm.a(serial.o)
 .text._serial_status_change_ntfy
                0x0004a918       0x3c C:/Users/Jacob/Desktop/H60/DWM1001/Source_Code/DWM1001_on_board_package/DWM1001_on_board_package_R2.0/dwm/examples/dwm_Listener/../../lib/libdwm.a(serial.o)
 .text._serial_start
                0x0004a954       0x1c C:/Users/Jacob/Desktop/H60/DWM1001/Source_Code/DWM1001_on_board_package/DWM1001_on_board_package_R2.0/dwm/examples/dwm_Listener/../../lib/libdwm.a(serial.o)
 .text._on_spis_evt
                0x0004a970       0x78 C:/Users/Jacob/Desktop/H60/DWM1001/Source_Code/DWM1001_on_board_package/DWM1001_on_board_package_R2.0/dwm/examples/dwm_Listener/../../lib/libdwm.a(serial.o)
 .text.spis_api_cb
                0x0004a9e8       0x60 C:/Users/Jacob/Desktop/H60/DWM1001/Source_Code/DWM1001_on_board_package/DWM1001_on_board_package_R2.0/dwm/examples/dwm_Listener/../../lib/libdwm.a(serial.o)
 .text._spis_init
                0x0004aa48       0x2c C:/Users/Jacob/Desktop/H60/DWM1001/Source_Code/DWM1001_on_board_package/DWM1001_on_board_package_R2.0/dwm/examples/dwm_Listener/../../lib/libdwm.a(serial.o)
 .text._serial_sleep
                0x0004aa74       0x1c C:/Users/Jacob/Desktop/H60/DWM1001/Source_Code/DWM1001_on_board_package/DWM1001_on_board_package_R2.0/dwm/examples/dwm_Listener/../../lib/libdwm.a(serial.o)
 .text.spis_event_handler
                0x0004aa90      0x1d0 C:/Users/Jacob/Desktop/H60/DWM1001/Source_Code/DWM1001_on_board_package/DWM1001_on_board_package_R2.0/dwm/examples/dwm_Listener/../../lib/libdwm.a(serial.o)
 .text.serial_sleep
                0x0004ac60       0x10 C:/Users/Jacob/Desktop/H60/DWM1001/Source_Code/DWM1001_on_board_package/DWM1001_on_board_package_R2.0/dwm/examples/dwm_Listener/../../lib/libdwm.a(serial.o)
                0x0004ac60                serial_sleep
 .text.serial_uart_reinit
                0x0004ac70       0x10 C:/Users/Jacob/Desktop/H60/DWM1001/Source_Code/DWM1001_on_board_package/DWM1001_on_board_package_R2.0/dwm/examples/dwm_Listener/../../lib/libdwm.a(serial.o)
                0x0004ac70                serial_uart_reinit
 .text.serial_status_change_ntfy
                0x0004ac80       0x10 C:/Users/Jacob/Desktop/H60/DWM1001/Source_Code/DWM1001_on_board_package/DWM1001_on_board_package_R2.0/dwm/examples/dwm_Listener/../../lib/libdwm.a(serial.o)
                0x0004ac80                serial_status_change_ntfy
 .text.serial_thread_entry
                0x0004ac90      0x168 C:/Users/Jacob/Desktop/H60/DWM1001/Source_Code/DWM1001_on_board_package/DWM1001_on_board_package_R2.0/dwm/examples/dwm_Listener/../../lib/libdwm.a(serial.o)