Archive member included to satisfy reference by file (symbol)

C:/Users/Jacob/Desktop/H60/DWM1001/Source_Code/DWM1001_on_board_package/DWM1001_on_board_package_R2.0/dwm/examples/dwm_Tag/../../lib/libdwm.a(ble-server.o)
                              C:/Users/Jacob/Desktop/H60/DWM1001/Source_Code/DWM1001_on_board_package/DWM1001_on_board_package_R2.0/dwm/examples/dwm_Tag/../../lib/dwm.o (ble_add_shell_cmds)
C:/Users/Jacob/Desktop/H60/DWM1001/Source_Code/DWM1001_on_board_package/DWM1001_on_board_package_R2.0/dwm/examples/dwm_Tag/../../lib/libdwm.a(ble_srv_common.o)
                              C:/Users/Jacob/Desktop/H60/DWM1001/Source_Code/DWM1001_on_board_package/DWM1001_on_board_package_R2.0/dwm/examples/dwm_Tag/../../lib/libdwm.a(ble-server.o) (ble_srv_is_notification_enabled)
C:/Users/Jacob/Desktop/H60/DWM1001/Source_Code/DWM1001_on_board_package/DWM1001_on_board_package_R2.0/dwm/examples/dwm_Tag/../../lib/libdwm.a(dw1000.o)
                              C:/Users/Jacob/Desktop/H60/DWM1001/Source_Code/DWM1001_on_board_package/DWM1001_on_board_package_R2.0/dwm/examples/dwm_Tag/../../lib/libdwm.a(ble-server.o) (dw_rand)
C:/Users/Jacob/Desktop/H60/DWM1001/Source_Code/DWM1001_on_board_package/DWM1001_on_board_package_R2.0/dwm/examples/dwm_Tag/../../lib/libdwm.a(dwm-math.o)
                              C:/Users/Jacob/Desktop/H60/DWM1001/Source_Code/DWM1001_on_board_package/DWM1001_on_board_package_R2.0/dwm/examples/dwm_Tag/../../lib/libdwm.a(dw1000.o) (flog10)
C:/Users/Jacob/Desktop/H60/DWM1001/Source_Code/DWM1001_on_board_package/DWM1001_on_board_package_R2.0/dwm/examples/dwm_Tag/../../lib/libdwm.a(dwm.o)
                              C:/Users/Jacob/Desktop/H60/DWM1001/Source_Code/DWM1001_on_board_package/DWM1001_on_board_package_R2.0/dwm/examples/dwm_Tag/output/compiler/dwm-simple.o (dwm_systime_us_get)
C:/Users/Jacob/Desktop/H60/DWM1001/Source_Code/DWM1001_on_board_package/DWM1001_on_board_package_R2.0/dwm/examples/dwm_Tag/../../lib/libdwm.a(env-tlv.o)
                              C:/Users/Jacob/Desktop/H60/DWM1001/Source_Code/DWM1001_on_board_package/DWM1001_on_board_package_R2.0/dwm/examples/dwm_Tag/../../lib/dwm.o (env_load)
C:/Users/Jacob/Desktop/H60/DWM1001/Source_Code/DWM1001_on_board_package/DWM1001_on_board_package_R2.0/dwm/examples/dwm_Tag/../../lib/libdwm.a(fwup.o)
                              C:/Users/Jacob/Desktop/H60/DWM1001/Source_Code/DWM1001_on_board_package/DWM1001_on_board_package_R2.0/dwm/examples/dwm_Tag/../../lib/libdwm.a(ble-server.o) (fwup_rcvr_in_progress)
C:/Users/Jacob/Desktop/H60/DWM1001/Source_Code/DWM1001_on_board_package/DWM1001_on_board_package_R2.0/dwm/examples/dwm_Tag/../../lib/libdwm.a(hal.o)
                              C:/Users/Jacob/Desktop/H60/DWM1001/Source_Code/DWM1001_on_board_package/DWM1001_on_board_package_R2.0/dwm/examples/dwm_Tag/../../lib/libdwm.a(dwm.o) (hal_factory_reset)
C:/Users/Jacob/Desktop/H60/DWM1001/Source_Code/DWM1001_on_board_package/DWM1001_on_board_package_R2.0/dwm/examples/dwm_Tag/../../lib/libdwm.a(nrf_drv_rng.o)
                              C:/Users/Jacob/Desktop/H60/DWM1001/Source_Code/DWM1001_on_board_package/DWM1001_on_board_package_R2.0/dwm/examples/dwm_Tag/../../lib/libdwm.a(hal.o) (nrf_drv_rng_init)
C:/Users/Jacob/Desktop/H60/DWM1001/Source_Code/DWM1001_on_board_package/DWM1001_on_board_package_R2.0/dwm/examples/dwm_Tag/../../lib/libdwm.a(pm.o)
                              C:/Users/Jacob/Desktop/H60/DWM1001/Source_Code/DWM1001_on_board_package/DWM1001_on_board_package_R2.0/dwm/examples/dwm_Tag/../../lib/libdwm.a(ble-server.o) (pm_sched_signal)
C:/Users/Jacob/Desktop/H60/DWM1001/Source_Code/DWM1001_on_board_package/DWM1001_on_board_package_R2.0/dwm/examples/dwm_Tag/../../lib/libdwm.a(process-api.o)
                              C:/Users/Jacob/Desktop/H60/DWM1001/Source_Code/DWM1001_on_board_package/DWM1001_on_board_package_R2.0/dwm/examples/dwm_Tag/../../lib/dwm.o (api_thread_start)
C:/Users/Jacob/Desktop/H60/DWM1001/Source_Code/DWM1001_on_board_package/DWM1001_on_board_package_R2.0/dwm/examples/dwm_Tag/../../lib/libdwm.a(process-ble.o)
                              C:/Users/Jacob/Desktop/H60/DWM1001/Source_Code/DWM1001_on_board_package/DWM1001_on_board_package_R2.0/dwm/examples/dwm_Tag/../../lib/libdwm.a(ble-server.o) (ble_server_evt_put)
C:/Users/Jacob/Desktop/H60/DWM1001/Source_Code/DWM1001_on_board_package/DWM1001_on_board_package_R2.0/dwm/examples/dwm_Tag/../../lib/libdwm.a(process-le.o)
                              C:/Users/Jacob/Desktop/H60/DWM1001/Source_Code/DWM1001_on_board_package/DWM1001_on_board_package_R2.0/dwm/examples/dwm_Tag/../../lib/dwm.o (le_init)
C:/Users/Jacob/Desktop/H60/DWM1001/Source_Code/DWM1001_on_board_package/DWM1001_on_board_package_R2.0/dwm/examples/dwm_Tag/../../lib/libdwm.a(process-pm.o)
                              C:/Users/Jacob/Desktop/H60/DWM1001/Source_Code/DWM1001_on_board_package/DWM1001_on_board_package_R2.0/dwm/examples/dwm_Tag/../../lib/dwm.o (hal_pm_init)
[...]
Memory Configuration

Name             Origin             Length             Attributes
sram             0x200035e0         0x0000ba20
flash            0x00044000         0x0003c000
*default*        0x00000000         0xffffffff

Linker script and memory map

LOAD C:/Users/Jacob/Desktop/H60/DWM1001/Source_Code/DWM1001_on_board_package/DWM1001_on_board_package_R2.0/dwm/examples/dwm_Tag/../../lib\vectors.o
LOAD C:/Users/Jacob/Desktop/H60/DWM1001/Source_Code/DWM1001_on_board_package/DWM1001_on_board_package_R2.0/dwm/examples/dwm_Tag/output/compiler/dwm-simple.o
LOAD C:/Users/Jacob/Desktop/H60/DWM1001/Source_Code/DWM1001_on_board_package/DWM1001_on_board_package_R2.0/dwm/examples/dwm_Tag/output/compiler/hal.o
LOAD C:/Users/Jacob/Desktop/H60/DWM1001/Source_Code/DWM1001_on_board_package/DWM1001_on_board_package_R2.0/dwm/examples/dwm_Tag/output/compiler/hal_gpio.o
LOAD C:/Users/Jacob/Desktop/H60/DWM1001/Source_Code/DWM1001_on_board_package/DWM1001_on_board_package_R2.0/dwm/examples/dwm_Tag/output/compiler/hal_log.o
LOAD C:/Users/Jacob/Desktop/H60/DWM1001/Source_Code/DWM1001_on_board_package/DWM1001_on_board_package_R2.0/dwm/examples/dwm_Tag/output/compiler/test.o
LOAD C:/Users/Jacob/Desktop/H60/DWM1001/Source_Code/DWM1001_on_board_package/DWM1001_on_board_package_R2.0/dwm/examples/dwm_Tag/output/compiler/test_util.o
LOAD C:/Users/Jacob/Desktop/H60/DWM1001/Source_Code/DWM1001_on_board_package/DWM1001_on_board_package_R2.0/dwm/examples/dwm_Tag/../../lib/dwm.o
LOAD C:/Users/Jacob/Desktop/H60/DWM1001/Source_Code/DWM1001_on_board_package/DWM1001_on_board_package_R2.0/dwm/examples/dwm_Tag/../../lib/libdwm.a
LOAD c:/program files (x86)/gnu tools arm embedded/5.4 2016q3/bin/../lib/gcc/arm-none-eabi/5.4.1/../../../../arm-none-eabi/lib/armv7e-m/fpu\libm.a
LOAD c:/program files (x86)/gnu tools arm embedded/5.4 2016q3/bin/../lib/gcc/arm-none-eabi/5.4.1/armv7e-m/fpu\libgcc.a
LOAD c:/program files (x86)/gnu tools arm embedded/5.4 2016q3/bin/../lib/gcc/arm-none-eabi/5.4.1/../../../../arm-none-eabi/lib/armv7e-m/fpu\libc.a
LOAD c:/program files (x86)/gnu tools arm embedded/5.4 2016q3/bin/../lib/gcc/arm-none-eabi/5.4.1/../../../../arm-none-eabi/lib/armv7e-m/fpu\libnosys.a
LOAD C:/Users/Jacob/Desktop/H60/DWM1001/Source_Code/DWM1001_on_board_package/DWM1001_on_board_package_R2.0/dwm/examples/dwm_Tag/../../lib\extras.o
START GROUP
LOAD C:/Users/Jacob/Desktop/H60/DWM1001/Source_Code/DWM1001_on_board_package/DWM1001_on_board_package_R2.0/dwm/examples/dwm_Tag/../../lib\libtarget.a
LOAD c:/program files (x86)/gnu tools arm embedded/5.4 2016q3/bin/../lib/gcc/arm-none-eabi/5.4.1/armv7e-m/fpu\libgcc.a
LOAD c:/program files (x86)/gnu tools arm embedded/5.4 2016q3/bin/../lib/gcc/arm-none-eabi/5.4.1/../../../../arm-none-eabi/lib/armv7e-m/fpu\libsupc++.a
END GROUP

.debug_aranges  0x00000000       0x30
 *(.debug_aranges)
 .debug_aranges
                0x00000000       0x30 C:/Users/Jacob/Desktop/H60/DWM1001/Source_Code/DWM1001_on_board_package/DWM1001_on_board_package_R2.0/dwm/examples/dwm_Tag/output/compiler/dwm-simple.o

.debug_pubnames
 *(.debug_pubnames)

.debug_info     0x00000000      0x5ce
 *(.debug_info)
 .debug_info    0x00000000      0x5ce C:/Users/Jacob/Desktop/H60/DWM1001/Source_Code/DWM1001_on_board_package/DWM1001_on_board_package_R2.0/dwm/examples/dwm_Tag/output/compiler/dwm-simple.o

.debug_abbrev   0x00000000      0x1a8
 *(.debug_abbrev)
 .debug_abbrev  0x00000000      0x1a8 C:/Users/Jacob/Desktop/H60/DWM1001/Source_Code/DWM1001_on_board_package/DWM1001_on_board_package_R2.0/dwm/examples/dwm_Tag/output/compiler/dwm-simple.o

.debug_line     0x00000000      0x1d3
 *(.debug_line)
 .debug_line    0x00000000      0x1d3 C:/Users/Jacob/Desktop/H60/DWM1001/Source_Code/DWM1001_on_board_package/DWM1001_on_board_package_R2.0/dwm/examples/dwm_Tag/output/compiler/dwm-simple.o

.debug_frame    0x00000000     0x17f0
 *(.debug_frame)
 .debug_frame   0x00000000       0x80 C:/Users/Jacob/Desktop/H60/DWM1001/Source_Code/DWM1001_on_board_package/DWM1001_on_board_package_R2.0/dwm/examples/dwm_Tag/output/compiler/dwm-simple.o
 .debug_frame   0x00000080       0x30 c:/program files (x86)/gnu tools arm embedded/5.4 2016q3/bin/../lib/gcc/arm-none-eabi/5.4.1/../../../../arm-none-eabi/lib/armv7e-m/fpu\libm.a(lib_a-s_ceil.o)
 .debug_frame   0x000000b0       0x30 c:/program files (x86)/gnu tools arm embedded/5.4 2016q3/bin/../lib/gcc/arm-none-eabi/5.4.1/../../../../arm-none-eabi/lib/armv7e-m/fpu\libm.a(lib_a-s_floor.o)
 .debug_frame   0x000000e0       0x58 c:/program files (x86)/gnu tools arm embedded/5.4 2016q3/bin/../lib/gcc/arm-none-eabi/5.4.1/../../../../arm-none-eabi/lib/armv7e-m/fpu\libm.a(lib_a-w_sqrt.o)
 .debug_frame   0x00000138       0x30 c:/program files (x86)/gnu tools arm embedded/5.4 2016q3/bin/../lib/gcc/arm-none-eabi/5.4.1/../../../../arm-none-eabi/lib/armv7e-m/fpu\libm.a(lib_a-e_sqrt.o)
 .debug_frame   0x00000168       0x20 c:/program files (x86)/gnu tools arm embedded/5.4 2016q3/bin/../lib/gcc/arm-none-eabi/5.4.1/../../../../arm-none-eabi/lib/armv7e-m/fpu\libm.a(lib_a-s_matherr.o)
 .debug_frame   0x00000188       0x44 c:/program files (x86)/gnu tools arm embedded/5.4 2016q3/bin/../lib/gcc/arm-none-eabi/5.4.1/armv7e-m/fpu\libgcc.a(_aeabi_ldivmod.o)
 .debug_frame   0x000001cc       0x2c c:/program files (x86)/gnu tools arm embedded/5.4 2016q3/bin/../lib/gcc/arm-none-eabi/5.4.1/armv7e-m/fpu\libgcc.a(_aeabi_uldivmod.o)
 .debug_frame   0x000001f8       0x2c c:/program files (x86)/gnu tools arm embedded/5.4 2016q3/bin/../lib/gcc/arm-none-eabi/5.4.1/armv7e-m/fpu\libgcc.a(_fixunssfdi.o)
 .debug_frame   0x00000224       0x2c c:/program files (x86)/gnu tools arm embedded/5.4 2016q3/bin/../lib/gcc/arm-none-eabi/5.4.1/armv7e-m/fpu\libgcc.a(_fixunsdfdi.o)
 .debug_frame   0x00000250       0x34 c:/program files (x86)/gnu tools arm embedded/5.4 2016q3/bin/../lib/gcc/arm-none-eabi/5.4.1/armv7e-m/fpu\libgcc.a(_udivmoddi4.o)
 .debug_frame   0x00000284       0x30 c:/program files (x86)/gnu tools arm embedded/5.4 2016q3/bin/../lib/gcc/arm-none-eabi/5.4.1/../../../../arm-none-eabi/lib/armv7e-m/fpu\libc.a(lib_a-atoi.o)
 .debug_frame   0x000002b4       0x20 c:/program files (x86)/gnu tools arm embedded/5.4 2016q3/bin/../lib/gcc/arm-none-eabi/5.4.1/../../../../arm-none-eabi/lib/armv7e-m/fpu\libc.a(lib_a-calloc.o)
 .debug_frame   0x000002d4       0x28 c:/program files (x86)/gnu tools arm embedded/5.4 2016q3/bin/../lib/gcc/arm-none-eabi/5.4.1/../../../../arm-none-eabi/lib/armv7e-m/fpu\libc.a(lib_a-callocr.o)
 .debug_frame   0x000002fc       0x20 c:/program files (x86)/gnu tools arm embedded/5.4 2016q3/bin/../lib/gcc/arm-none-eabi/5.4.1/../../../../arm-none-eabi/lib/armv7e-m/fpu\libc.a(lib_a-errno.o)
 .debug_frame   0x0000031c       0x44 c:/program files (x86)/gnu tools arm embedded/5.4 2016q3/bin/../lib/gcc/arm-none-eabi/5.4.1/../../../../arm-none-eabi/lib/armv7e-m/fpu\libc.a(lib_a-fclose.o)
 .debug_frame   0x00000360       0x6c c:/program files (x86)/gnu tools arm embedded/5.4 2016q3/bin/../lib/gcc/arm-none-eabi/5.4.1/../../../../arm-none-eabi/lib/armv7e-m/fpu\libc.a(lib_a-fflush.o)
 .debug_frame   0x000003cc      0x124 c:/program files (x86)/gnu tools arm embedded/5.4 2016q3/bin/../lib/gcc/arm-none-eabi/5.4.1/../../../../arm-none-eabi/lib/armv7e-m/fpu\libc.a(lib_a-findfp.o)
 .debug_frame   0x000004f0       0x74 c:/program files (x86)/gnu tools arm embedded/5.4 2016q3/bin/../lib/gcc/arm-none-eabi/5.4.1/../../../../arm-none-eabi/lib/armv7e-m/fpu\libc.a(lib_a-freer.o)
 .debug_frame   0x00000564       0x2c c:/program files (x86)/gnu tools arm embedded/5.4 2016q3/bin/../lib/gcc/arm-none-eabi/5.4.1/../../../../arm-none-eabi/lib/armv7e-m/fpu\libc.a(lib_a-fstatr.o)
 .debug_frame   0x00000590       0x54 c:/program files (x86)/gnu tools arm embedded/5.4 2016q3/bin/../lib/gcc/arm-none-eabi/5.4.1/../../../../arm-none-eabi/lib/armv7e-m/fpu\libc.a(lib_a-fwalk.o)
 .debug_frame   0x000005e4       0x68 c:/program files (x86)/gnu tools arm embedded/5.4 2016q3/bin/../lib/gcc/arm-none-eabi/5.4.1/../../../../arm-none-eabi/lib/armv7e-m/fpu\libc.a(lib_a-makebuf.o)
 .debug_frame   0x0000064c       0x30 c:/program files (x86)/gnu tools arm embedded/5.4 2016q3/bin/../lib/gcc/arm-none-eabi/5.4.1/../../../../arm-none-eabi/lib/armv7e-m/fpu\libc.a(lib_a-malloc.o)
 .debug_frame   0x0000067c       0x58 c:/program files (x86)/gnu tools arm embedded/5.4 2016q3/bin/../lib/gcc/arm-none-eabi/5.4.1/../../../../arm-none-eabi/lib/armv7e-m/fpu\libc.a(lib_a-mallocr.o)
 .debug_frame   0x000006d4       0x38 c:/program files (x86)/gnu tools arm embedded/5.4 2016q3/bin/../lib/gcc/arm-none-eabi/5.4.1/../../../../arm-none-eabi/lib/armv7e-m/fpu\libc.a(lib_a-memcmp.o)
 .debug_frame   0x0000070c       0x34 c:/program files (x86)/gnu tools arm embedded/5.4 2016q3/bin/../lib/gcc/arm-none-eabi/5.4.1/../../../../arm-none-eabi/lib/armv7e-m/fpu\libc.a(lib_a-memset.o)
 .debug_frame   0x00000740       0x30 c:/program files (x86)/gnu tools arm embedded/5.4 2016q3/bin/../lib/gcc/arm-none-eabi/5.4.1/../../../../arm-none-eabi/lib/armv7e-m/fpu\libc.a(lib_a-mlock.o)
 .debug_frame   0x00000770       0x80 c:/program files (x86)/gnu tools arm embedded/5.4 2016q3/bin/../lib/gcc/arm-none-eabi/5.4.1/../../../../arm-none-eabi/lib/armv7e-m/fpu\libc.a(lib_a-mstats.o)
 .debug_frame   0x000007f0       0x74 c:/program files (x86)/gnu tools arm embedded/5.4 2016q3/bin/../lib/gcc/arm-none-eabi/5.4.1/../../../../arm-none-eabi/lib/armv7e-m/fpu\libc.a(lib_a-printf.o)
 .debug_frame   0x00000864       0x30 c:/program files (x86)/gnu tools arm embedded/5.4 2016q3/bin/../lib/gcc/arm-none-eabi/5.4.1/../../../../arm-none-eabi/lib/armv7e-m/fpu\libc.a(lib_a-putchar.o)
 .debug_frame   0x00000894       0x48 c:/program files (x86)/gnu tools arm embedded/5.4 2016q3/bin/../lib/gcc/arm-none-eabi/5.4.1/../../../../arm-none-eabi/lib/armv7e-m/fpu\libc.a(lib_a-puts.o)
 .debug_frame   0x000008dc       0x58 c:/program files (x86)/gnu tools arm embedded/5.4 2016q3/bin/../lib/gcc/arm-none-eabi/5.4.1/../../../../arm-none-eabi/lib/armv7e-m/fpu\libc.a(lib_a-reent.o)
 .debug_frame   0x00000934       0x2c c:/program files (x86)/gnu tools arm embedded/5.4 2016q3/bin/../lib/gcc/arm-none-eabi/5.4.1/../../../../arm-none-eabi/lib/armv7e-m/fpu\libc.a(lib_a-sbrkr.o)
 .debug_frame   0x00000960       0xd0 c:/program files (x86)/gnu tools arm embedded/5.4 2016q3/bin/../lib/gcc/arm-none-eabi/5.4.1/../../../../arm-none-eabi/lib/armv7e-m/fpu\libc.a(lib_a-snprintf.o)
 .debug_frame   0x00000a30       0x88 c:/program files (x86)/gnu tools arm embedded/5.4 2016q3/bin/../lib/gcc/arm-none-eabi/5.4.1/../../../../arm-none-eabi/lib/armv7e-m/fpu\libc.a(lib_a-stdio.o)
 .debug_frame   0x00000ab8       0x68 c:/program files (x86)/gnu tools arm embedded/5.4 2016q3/bin/../lib/gcc/arm-none-eabi/5.4.1/../../../../arm-none-eabi/lib/armv7e-m/fpu\libc.a(lib_a-strcmp.o)
 .debug_frame   0x00000b20       0x54 c:/program files (x86)/gnu tools arm embedded/5.4 2016q3/bin/../lib/gcc/arm-none-eabi/5.4.1/../../../../arm-none-eabi/lib/armv7e-m/fpu\libc.a(lib_a-strncmp.o)
 .debug_frame   0x00000b74       0x30 c:/program files (x86)/gnu tools arm embedded/5.4 2016q3/bin/../lib/gcc/arm-none-eabi/5.4.1/../../../../arm-none-eabi/lib/armv7e-m/fpu\libc.a(lib_a-strnlen.o)
 .debug_frame   0x00000ba4       0x20 c:/program files (x86)/gnu tools arm embedded/5.4 2016q3/bin/../lib/gcc/arm-none-eabi/5.4.1/../../../../arm-none-eabi/lib/armv7e-m/fpu\libc.a(lib_a-strtok.o)
 .debug_frame   0x00000bc4       0x48 c:/program files (x86)/gnu tools arm embedded/5.4 2016q3/bin/../lib/gcc/arm-none-eabi/5.4.1/../../../../arm-none-eabi/lib/armv7e-m/fpu\libc.a(lib_a-strtok_r.o)
 .debug_frame   0x00000c0c       0x98 c:/program files (x86)/gnu tools arm embedded/5.4 2016q3/bin/../lib/gcc/arm-none-eabi/5.4.1/../../../../arm-none-eabi/lib/armv7e-m/fpu\libc.a(lib_a-strtol.o)
 .debug_frame   0x00000ca4       0x98 c:/program files (x86)/gnu tools arm embedded/5.4 2016q3/bin/../lib/gcc/arm-none-eabi/5.4.1/../../../../arm-none-eabi/lib/armv7e-m/fpu\libc.a(lib_a-strtoul.o)
 .debug_frame   0x00000d3c       0x44 c:/program files (x86)/gnu tools arm embedded/5.4 2016q3/bin/../lib/gcc/arm-none-eabi/5.4.1/../../../../arm-none-eabi/lib/armv7e-m/fpu\libc.a(lib_a-svfprintf.o)
 .debug_frame   0x00000d80       0x88 c:/program files (x86)/gnu tools arm embedded/5.4 2016q3/bin/../lib/gcc/arm-none-eabi/5.4.1/../../../../arm-none-eabi/lib/armv7e-m/fpu\libc.a(lib_a-vfprintf.o)
 .debug_frame   0x00000e08       0x2c c:/program files (x86)/gnu tools arm embedded/5.4 2016q3/bin/../lib/gcc/arm-none-eabi/5.4.1/../../../../arm-none-eabi/lib/armv7e-m/fpu\libc.a(lib_a-writer.o)
 .debug_frame   0x00000e34       0x2c c:/program files (x86)/gnu tools arm embedded/5.4 2016q3/bin/../lib/gcc/arm-none-eabi/5.4.1/../../../../arm-none-eabi/lib/armv7e-m/fpu\libc.a(lib_a-wsetup.o)
 .debug_frame   0x00000e60       0x2c c:/program files (x86)/gnu tools arm embedded/5.4 2016q3/bin/../lib/gcc/arm-none-eabi/5.4.1/../../../../arm-none-eabi/lib/armv7e-m/fpu\libc.a(lib_a-closer.o)
 .debug_frame   0x00000e8c       0x88 c:/program files (x86)/gnu tools arm embedded/5.4 2016q3/bin/../lib/gcc/arm-none-eabi/5.4.1/../../../../arm-none-eabi/lib/armv7e-m/fpu\libc.a(lib_a-dtoa.o)
 .debug_frame   0x00000f14       0x68 c:/program files (x86)/gnu tools arm embedded/5.4 2016q3/bin/../lib/gcc/arm-none-eabi/5.4.1/../../../../arm-none-eabi/lib/armv7e-m/fpu\libc.a(lib_a-fvwrite.o)
 .debug_frame   0x00000f7c       0x2c c:/program files (x86)/gnu tools arm embedded/5.4 2016q3/bin/../lib/gcc/arm-none-eabi/5.4.1/../../../../arm-none-eabi/lib/armv7e-m/fpu\libc.a(lib_a-isattyr.o)
 .debug_frame   0x00000fa8       0x84 c:/program files (x86)/gnu tools arm embedded/5.4 2016q3/bin/../lib/gcc/arm-none-eabi/5.4.1/../../../../arm-none-eabi/lib/armv7e-m/fpu\libc.a(lib_a-locale.o)
 .debug_frame   0x0000102c       0x40 c:/program files (x86)/gnu tools arm embedded/5.4 2016q3/bin/../lib/gcc/arm-none-eabi/5.4.1/../../../../arm-none-eabi/lib/armv7e-m/fpu\libc.a(lib_a-localeconv.o)
 .debug_frame   0x0000106c       0x2c c:/program files (x86)/gnu tools arm embedded/5.4 2016q3/bin/../lib/gcc/arm-none-eabi/5.4.1/../../../../arm-none-eabi/lib/armv7e-m/fpu\libc.a(lib_a-lseekr.o)
 .debug_frame   0x00001098       0x50 c:/program files (x86)/gnu tools arm embedded/5.4 2016q3/bin/../lib/gcc/arm-none-eabi/5.4.1/../../../../arm-none-eabi/lib/armv7e-m/fpu\libc.a(lib_a-mallinfor.o)
 .debug_frame   0x000010e8       0x4c c:/program files (x86)/gnu tools arm embedded/5.4 2016q3/bin/../lib/gcc/arm-none-eabi/5.4.1/../../../../arm-none-eabi/lib/armv7e-m/fpu\libc.a(lib_a-mbtowc_r.o)
 .debug_frame   0x00001134       0x30 c:/program files (x86)/gnu tools arm embedded/5.4 2016q3/bin/../lib/gcc/arm-none-eabi/5.4.1/../../../../arm-none-eabi/lib/armv7e-m/fpu\libc.a(lib_a-memmove.o)
 .debug_frame   0x00001164      0x264 c:/program files (x86)/gnu tools arm embedded/5.4 2016q3/bin/../lib/gcc/arm-none-eabi/5.4.1/../../../../arm-none-eabi/lib/armv7e-m/fpu\libc.a(lib_a-mprec.o)
 .debug_frame   0x000013c8       0x58 c:/program files (x86)/gnu tools arm embedded/5.4 2016q3/bin/../lib/gcc/arm-none-eabi/5.4.1/../../../../arm-none-eabi/lib/armv7e-m/fpu\libc.a(lib_a-putc.o)
 .debug_frame   0x00001420       0x2c c:/program files (x86)/gnu tools arm embedded/5.4 2016q3/bin/../lib/gcc/arm-none-eabi/5.4.1/../../../../arm-none-eabi/lib/armv7e-m/fpu\libc.a(lib_a-readr.o)
 .debug_frame   0x0000144c       0x60 c:/program files (x86)/gnu tools arm embedded/5.4 2016q3/bin/../lib/gcc/arm-none-eabi/5.4.1/../../../../arm-none-eabi/lib/armv7e-m/fpu\libc.a(lib_a-reallocr.o)
 .debug_frame   0x000014ac       0x78 c:/program files (x86)/gnu tools arm embedded/5.4 2016q3/bin/../lib/gcc/arm-none-eabi/5.4.1/../../../../arm-none-eabi/lib/armv7e-m/fpu\libc.a(lib_a-svfiprintf.o)
 .debug_frame   0x00001524       0xc8 c:/program files (x86)/gnu tools arm embedded/5.4 2016q3/bin/../lib/gcc/arm-none-eabi/5.4.1/../../../../arm-none-eabi/lib/armv7e-m/fpu\libc.a(lib_a-vfiprintf.o)
 .debug_frame   0x000015ec       0x40 c:/program files (x86)/gnu tools arm embedded/5.4 2016q3/bin/../lib/gcc/arm-none-eabi/5.4.1/../../../../arm-none-eabi/lib/armv7e-m/fpu\libc.a(lib_a-wbuf.o)
 .debug_frame   0x0000162c       0x3c c:/program files (x86)/gnu tools arm embedded/5.4 2016q3/bin/../lib/gcc/arm-none-eabi/5.4.1/../../../../arm-none-eabi/lib/armv7e-m/fpu\libc.a(lib_a-wctomb_r.o)
 .debug_frame   0x00001668       0x8c c:/program files (x86)/gnu tools arm embedded/5.4 2016q3/bin/../lib/gcc/arm-none-eabi/5.4.1/../../../../arm-none-eabi/lib/armv7e-m/fpu\libc.a(lib_a-fputwc.o)
 .debug_frame   0x000016f4       0x5c c:/program files (x86)/gnu tools arm embedded/5.4 2016q3/bin/../lib/gcc/arm-none-eabi/5.4.1/../../../../arm-none-eabi/lib/armv7e-m/fpu\libc.a(lib_a-wcrtomb.o)
 .debug_frame   0x00001750       0x20 c:/program files (x86)/gnu tools arm embedded/5.4 2016q3/bin/../lib/gcc/arm-none-eabi/5.4.1/../../../../arm-none-eabi/lib/armv7e-m/fpu\libnosys.a(close.o)
 .debug_frame   0x00001770       0x20 c:/program files (x86)/gnu tools arm embedded/5.4 2016q3/bin/../lib/gcc/arm-none-eabi/5.4.1/../../../../arm-none-eabi/lib/armv7e-m/fpu\libnosys.a(fstat.o)
 .debug_frame   0x00001790       0x20 c:/program files (x86)/gnu tools arm embedded/5.4 2016q3/bin/../lib/gcc/arm-none-eabi/5.4.1/../../../../arm-none-eabi/lib/armv7e-m/fpu\libnosys.a(isatty.o)
 .debug_frame   0x000017b0       0x20 c:/program files (x86)/gnu tools arm embedded/5.4 2016q3/bin/../lib/gcc/arm-none-eabi/5.4.1/../../../../arm-none-eabi/lib/armv7e-m/fpu\libnosys.a(lseek.o)
 .debug_frame   0x000017d0       0x20 c:/program files (x86)/gnu tools arm embedded/5.4 2016q3/bin/../lib/gcc/arm-none-eabi/5.4.1/../../../../arm-none-eabi/lib/armv7e-m/fpu\libsupc++.a(atexit_arm.o)

.debug_str      0x00000000      0x54e
 *(.debug_str)
 .debug_str     0x00000000      0x54e C:/Users/Jacob/Desktop/H60/DWM1001/Source_Code/DWM1001_on_board_package/DWM1001_on_board_package_R2.0/dwm/examples/dwm_Tag/output/compiler/dwm-simple.o
                                0x5c1 (size before relaxing)

.debug_loc
 *(.debug_loc)

.debug_macinfo
 *(.debug_macinfo)

.note.arm.ident
 *(.note.arm.ident)

/DISCARD/
 *(.fini_array*)

.rom_vectors    0x00044000        0x8
                0x00044000                __rom_vectors_vma = ABSOLUTE (.)
                0x00044000                . = .
 *(.vectors)
 .vectors       0x00044000        0x8 C:/Users/Jacob/Desktop/H60/DWM1001/Source_Code/DWM1001_on_board_package/DWM1001_on_board_package_R2.0/dwm/examples/dwm_Tag/../../lib\vectors.o
                0x00044000                __rom_vectors_lma = LOADADDR (.rom_vectors)

.rel.text
 *(.rel.text)
 *(.rel.text.*)
 *(.rel.gnu.linkonce.t*)

.rela.text
 *(.rela.text)
 *(.rela.text.*)
 *(.rela.gnu.linkonce.t*)

.rel.data
 *(.rel.data)
 *(.rel.data.*)
 *(.rel.gnu.linkonce.d*)

.rela.data
 *(.rela.data)
 *(.rela.data.*)
 *(.rela.gnu.linkonce.d*)

.rel.rodata
 *(.rel.rodata)
 *(.rel.rodata.*)
 *(.rel.gnu.linkonce.r*)

.rela.rodata
 *(.rela.rodata)
 *(.rela.rodata.*)
 *(.rela.gnu.linkonce.r*)

.rel.got
 *(.rel.got)

.rela.got
 *(.rela.got)

.rel.ctors
 *(.rel.ctors)

.rela.ctors
 *(.rela.ctors)

.rel.dtors
 *(.rel.dtors)

.rela.dtors
 *(.rela.dtors)

.rel.init
 *(.rel.init)

.rela.init
 *(.rela.init)

.rel.fini
 *(.rel.fini)

.rela.fini
 *(.rela.fini)

.rel.bss
 *(.rel.bss)

.rela.bss
 *(.rela.bss)

.rel.plt
 *(.rel.plt)

.rela.plt
 *(.rela.plt)

.rel.dyn        0x00044008        0x0
 *(.rel.dyn)
 .rel.iplt      0x00044008        0x0 C:/Users/Jacob/Desktop/H60/DWM1001/Source_Code/DWM1001_on_board_package/DWM1001_on_board_package_R2.0/dwm/examples/dwm_Tag/../../lib\vectors.o

.ARM.extab      0x00044008        0x0
                [!provide]                PROVIDE (__stext, ABSOLUTE (.))
                0x00044008                _stext = ABSOLUTE (.)
                0x00044008                . = .
 *(.ARM.extab* .gnu.linkonce.armextab.*)
                0x00044008                . = ALIGN (0x8)
                0x00044008                __exidx_start = ABSOLUTE (.)

.ARM.exidx      0x00044008        0x8
 *(.ARM.exidx* .gnu.linkonce.armexidx.*)
 .ARM.exidx     0x00044008        0x8 c:/program files (x86)/gnu tools arm embedded/5.4 2016q3/bin/../lib/gcc/arm-none-eabi/5.4.1/armv7e-m/fpu\libgcc.a(_udivmoddi4.o)
 .ARM.exidx.text.__aeabi_atexit
                0x00044010        0x0 c:/program files (x86)/gnu tools arm embedded/5.4 2016q3/bin/../lib/gcc/arm-none-eabi/5.4.1/../../../../arm-none-eabi/lib/armv7e-m/fpu\libsupc++.a(atexit_arm.o)
                                  0x8 (size before relaxing)
                0x00044010                . = .
                0x00044010                __exidx_end = ABSOLUTE (.)

.text           0x00044010    0x2cb14
 *(.text*)
 .text          0x00044010       0xec C:/Users/Jacob/Desktop/H60/DWM1001/Source_Code/DWM1001_on_board_package/DWM1001_on_board_package_R2.0/dwm/examples/dwm_Tag/../../lib\vectors.o
                0x00044010                reset_vector
                0x0004401c                hal_switch_state_vsr
                0x0004403c                hal_default_exception_vsr
                0x0004406e                hal_default_interrupt_vsr
                0x00044082                hal_pendable_svc_vsr
                0x000440a8                hal_interrupt_end_done
                0x000440ac                hal_interrupt_end_vsr
                0x000440ba                hal_call_dsrs_vsr
                0x000440be                hal_default_svc_vsr
                0x000440cc                hal_usagefault_exception_vsr
                0x000440f4                hal_boot_jump_asm
 .text.app_thread_entry
                0x000440fc       0x64 C:/Users/Jacob/Desktop/H60/DWM1001/Source_Code/DWM1001_on_board_package/DWM1001_on_board_package_R2.0/dwm/examples/dwm_Tag/output/compiler/dwm-simple.o
                0x000440fc                app_thread_entry
 .text.dwm_user_start
                0x00044160       0x98 C:/Users/Jacob/Desktop/H60/DWM1001/Source_Code/DWM1001_on_board_package/DWM1001_on_board_package_R2.0/dwm/examples/dwm_Tag/output/compiler/dwm-simple.o
                0x00044160                dwm_user_start
 .text.user_thread_create
                0x000441f8       0x84 C:/Users/Jacob/Desktop/H60/DWM1001/Source_Code/DWM1001_on_board_package/DWM1001_on_board_package_R2.0/dwm/examples/dwm_Tag/../../lib/dwm.o
                0x000441f8                user_thread_create
 .text.user_thread_resume
                0x0004427c       0x38 C:/Users/Jacob/Desktop/H60/DWM1001/Source_Code/DWM1001_on_board_package/DWM1001_on_board_package_R2.0/dwm/examples/dwm_Tag/../../lib/dwm.o
                0x0004427c                user_thread_resume
 .text.dwm_shell_add_commands
                0x000442b4       0x6c C:/Users/Jacob/Desktop/H60/DWM1001/Source_Code/DWM1001_on_board_package/DWM1001_on_board_package_R2.0/dwm/examples/dwm_Tag/../../lib/dwm.o
                0x000442b4                dwm_shell_add_commands
 .text.cyg_user_start
                0x00044320      0x13c C:/Users/Jacob/Desktop/H60/DWM1001/Source_Code/DWM1001_on_board_package/DWM1001_on_board_package_R2.0/dwm/examples/dwm_Tag/../../lib/dwm.o
                0x00044320                cyg_user_start
 .text.sd_ble_gap_addr_set
                0x0004445c        0x4 C:/Users/Jacob/Desktop/H60/DWM1001/Source_Code/DWM1001_on_board_package/DWM1001_on_board_package_R2.0/dwm/examples/dwm_Tag/../../lib/libdwm.a(ble-server.o)
 .text.sd_ble_gap_addr_get
                0x00044460        0x4 C:/Users/Jacob/Desktop/H60/DWM1001/Source_Code/DWM1001_on_board_package/DWM1001_on_board_package_R2.0/dwm/examples/dwm_Tag/../../lib/libdwm.a(ble-server.o)
 .text.sd_ble_gap_disconnect
                0x00044464        0x4 C:/Users/Jacob/Desktop/H60/DWM1001/Source_Code/DWM1001_on_board_package/DWM1001_on_board_package_R2.0/dwm/examples/dwm_Tag/../../lib/libdwm.a(ble-server.o)
 .text.sd_ble_gap_device_name_set
                0x00044468        0x4 C:/Users/Jacob/Desktop/H60/DWM1001/Source_Code/DWM1001_on_board_package/DWM1001_on_board_package_R2.0/dwm/examples/dwm_Tag/../../lib/libdwm.a(ble-server.o)
 .text.sd_ble_gatts_service_add
                0x0004446c        0x4 C:/Users/Jacob/Desktop/H60/DWM1001/Source_Code/DWM1001_on_board_package/DWM1001_on_board_package_R2.0/dwm/examples/dwm_Tag/../../lib/libdwm.a(ble-server.o)
 .text.sd_ble_gatts_characteristic_add
                0x00044470        0x4 C:/Users/Jacob/Desktop/H60/DWM1001/Source_Code/DWM1001_on_board_package/DWM1001_on_board_package_R2.0/dwm/examples/dwm_Tag/../../lib/libdwm.a(ble-server.o)
 .text.sd_ble_gatts_value_set
                0x00044474        0x4 C:/Users/Jacob/Desktop/H60/DWM1001/Source_Code/DWM1001_on_board_package/DWM1001_on_board_package_R2.0/dwm/examples/dwm_Tag/../../lib/libdwm.a(ble-server.o)
 .text.sd_ble_gatts_value_get
                0x00044478        0x4 C:/Users/Jacob/Desktop/H60/DWM1001/Source_Code/DWM1001_on_board_package/DWM1001_on_board_package_R2.0/dwm/examples/dwm_Tag/../../lib/libdwm.a(ble-server.o)
 .text.sd_ble_gatts_hvx
                0x0004447c        0x4 C:/Users/Jacob/Desktop/H60/DWM1001/Source_Code/DWM1001_on_board_package/DWM1001_on_board_package_R2.0/dwm/examples/dwm_Tag/../../lib/libdwm.a(ble-server.o)
 .text.sd_ble_gatts_exchange_mtu_reply
                0x00044480        0x4 C:/Users/Jacob/Desktop/H60/DWM1001/Source_Code/DWM1001_on_board_package/DWM1001_on_board_package_R2.0/dwm/examples/dwm_Tag/../../lib/libdwm.a(ble-server.o)
 .text.sd_ble_tx_packet_count_get
                0x00044484        0x4 C:/Users/Jacob/Desktop/H60/DWM1001/Source_Code/DWM1001_on_board_package/DWM1001_on_board_package_R2.0/dwm/examples/dwm_Tag/../../lib/libdwm.a(ble-server.o)
 .text.sd_ble_uuid_vs_add
                0x00044488        0x4 C:/Users/Jacob/Desktop/H60/DWM1001/Source_Code/DWM1001_on_board_package/DWM1001_on_board_package_R2.0/dwm/examples/dwm_Tag/../../lib/libdwm.a(ble-server.o)
 .text.NVIC_SystemReset
                0x0004448c       0x24 C:/Users/Jacob/Desktop/H60/DWM1001/Source_Code/DWM1001_on_board_package/DWM1001_on_board_package_R2.0/dwm/examples/dwm_Tag/../../lib/libdwm.a(ble-server.o)
 .text.sd_clock_hfclk_release
                0x000444b0        0x4 C:/Users/Jacob/Desktop/H60/DWM1001/Source_Code/DWM1001_on_board_package/DWM1001_on_board_package_R2.0/dwm/examples/dwm_Tag/../../lib/libdwm.a(ble-server.o)
 .text.sd_clock_hfclk_is_running
                0x000444b4        0x4 C:/Users/Jacob/Desktop/H60/DWM1001/Source_Code/DWM1001_on_board_package/DWM1001_on_board_package_R2.0/dwm/examples/dwm_Tag/../../lib/libdwm.a(ble-server.o)
 .text.sd_softdevice_disable
                0x000444b8        0x4 C:/Users/Jacob/Desktop/H60/DWM1001/Source_Code/DWM1001_on_board_package/DWM1001_on_board_package_R2.0/dwm/examples/dwm_Tag/../../lib/libdwm.a(ble-server.o)
 .text.conn_params_error_handler
                0x000444bc        0x2 C:/Users/Jacob/Desktop/H60/DWM1001/Source_Code/DWM1001_on_board_package/DWM1001_on_board_package_R2.0/dwm/examples/dwm_Tag/../../lib/libdwm.a(ble-server.o)
 *fill*         0x000444be        0x2 
 .text.opt_flag_set
                0x000444c0       0x18 C:/Users/Jacob/Desktop/H60/DWM1001/Source_Code/DWM1001_on_board_package/DWM1001_on_board_package_R2.0/dwm/examples/dwm_Tag/../../lib/libdwm.a(ble-server.o)
 .text.opt_flag_clear
                0x000444d8       0x18 C:/Users/Jacob/Desktop/H60/DWM1001/Source_Code/DWM1001_on_board_package/DWM1001_on_board_package_R2.0/dwm/examples/dwm_Tag/../../lib/libdwm.a(ble-server.o)
 .text.ch_read  0x000444f0       0x24 C:/Users/Jacob/Desktop/H60/DWM1001/Source_Code/DWM1001_on_board_package/DWM1001_on_board_package_R2.0/dwm/examples/dwm_Tag/../../lib/libdwm.a(ble-server.o)
 .text.ch_write
                0x00044514       0x16 C:/Users/Jacob/Desktop/H60/DWM1001/Source_Code/DWM1001_on_board_package/DWM1001_on_board_package_R2.0/dwm/examples/dwm_Tag/../../lib/libdwm.a(ble-server.o)
 *fill*         0x0004452a        0x2 
 .text._ble_mac_stat_set
                0x0004452c       0x40 C:/Users/Jacob/Desktop/H60/DWM1001/Source_Code/DWM1001_on_board_package/DWM1001_on_board_package_R2.0/dwm/examples/dwm_Tag/../../lib/libdwm.a(ble-server.o)
 .text.advertising_counter_inc
                0x0004456c       0x30 C:/Users/Jacob/Desktop/H60/DWM1001/Source_Code/DWM1001_on_board_package/DWM1001_on_board_package_R2.0/dwm/examples/dwm_Tag/../../lib/libdwm.a(ble-server.o)
 .text._ble_pan_id_set
                0x0004459c       0x38 C:/Users/Jacob/Desktop/H60/DWM1001/Source_Code/DWM1001_on_board_package/DWM1001_on_board_package_R2.0/dwm/examples/dwm_Tag/../../lib/libdwm.a(ble-server.o)
 .text.ble_pm_suspend
                0x000445d4       0x38 C:/Users/Jacob/Desktop/H60/DWM1001/Source_Code/DWM1001_on_board_package/DWM1001_on_board_package_R2.0/dwm/examples/dwm_Tag/../../lib/libdwm.a(ble-server.o)
 .text.on_advertising_evt
                0x0004460c        0x8 C:/Users/Jacob/Desktop/H60/DWM1001/Source_Code/DWM1001_on_board_package/DWM1001_on_board_package_R2.0/dwm/examples/dwm_Tag/../../lib/libdwm.a(ble-server.o)
 .text._ble_addr_set
                0x00044614       0x18 C:/Users/Jacob/Desktop/H60/DWM1001/Source_Code/DWM1001_on_board_package/DWM1001_on_board_package_R2.0/dwm/examples/dwm_Tag/../../lib/libdwm.a(ble-server.o)
 .text._add_shell_cmds
                0x0004462c       0x10 C:/Users/Jacob/Desktop/H60/DWM1001/Source_Code/DWM1001_on_board_package/DWM1001_on_board_package_R2.0/dwm/examples/dwm_Tag/../../lib/libdwm.a(ble-server.o)
 .text.uwbmac_cb
                0x0004463c       0xc8 C:/Users/Jacob/Desktop/H60/DWM1001/Source_Code/DWM1001_on_board_package/DWM1001_on_board_package_R2.0/dwm/examples/dwm_Tag/../../lib/libdwm.a(ble-server.o)
 .text.ch_notify
                0x00044704       0x44 C:/Users/Jacob/Desktop/H60/DWM1001/Source_Code/DWM1001_on_board_package/DWM1001_on_board_package_R2.0/dwm/examples/dwm_Tag/../../lib/libdwm.a(ble-server.o)
 .text.fwup_resp_notify
                0x00044748       0x50 C:/Users/Jacob/Desktop/H60/DWM1001/Source_Code/DWM1001_on_board_package/DWM1001_on_board_package_R2.0/dwm/examples/dwm_Tag/../../lib/libdwm.a(ble-server.o)
 .text.encode_dist.part.1
                0x00044798       0x62 C:/Users/Jacob/Desktop/H60/DWM1001/Source_Code/DWM1001_on_board_package/DWM1001_on_board_package_R2.0/dwm/examples/dwm_Tag/../../lib/libdwm.a(ble-server.o)
 *fill*         0x000447fa        0x2 
 .text._ble_proxy_set
                0x000447fc       0x90 C:/Users/Jacob/Desktop/H60/DWM1001/Source_Code/DWM1001_on_board_package/DWM1001_on_board_package_R2.0/dwm/examples/dwm_Tag/../../lib/libdwm.a(ble-server.o)
                0x000447fc                _ble_proxy_set
 .text._ble_label_set
                0x0004488c       0x30 C:/Users/Jacob/Desktop/H60/DWM1001/Source_Code/DWM1001_on_board_package/DWM1001_on_board_package_R2.0/dwm/examples/dwm_Tag/../../lib/libdwm.a(ble-server.o)
                0x0004488c                _ble_label_set
 .text._ble_ur_set
                0x000448bc       0x50 C:/Users/Jacob/Desktop/H60/DWM1001/Source_Code/DWM1001_on_board_package/DWM1001_on_board_package_R2.0/dwm/examples/dwm_Tag/../../lib/libdwm.a(ble-server.o)
 .text.on_conn_params_evt
                0x0004490c       0x68 C:/Users/Jacob/Desktop/H60/DWM1001/Source_Code/DWM1001_on_board_package/DWM1001_on_board_package_R2.0/dwm/examples/dwm_Tag/../../lib/libdwm.a(ble-server.o)
 .text._ble_an_list_set
                0x00044974       0x58 C:/Users/Jacob/Desktop/H60/DWM1001/Source_Code/DWM1001_on_board_package/DWM1001_on_board_package_R2.0/dwm/examples/dwm_Tag/../../lib/libdwm.a(ble-server.o)
 .text._ble_mac_cl_info_set
                0x000449cc       0x48 C:/Users/Jacob/Desktop/H60/DWM1001/Source_Code/DWM1001_on_board_package/DWM1001_on_board_package_R2.0/dwm/examples/dwm_Tag/../../lib/libdwm.a(ble-server.o)
 .text._ble_addr_get
                0x00044a14       0x48 C:/Users/Jacob/Desktop/H60/DWM1001/Source_Code/DWM1001_on_board_package/DWM1001_on_board_package_R2.0/dwm/examples/dwm_Tag/../../lib/libdwm.a(ble-server.o)
 .text._ble_stop
                0x00044a5c       0x20 C:/Users/Jacob/Desktop/H60/DWM1001/Source_Code/DWM1001_on_board_package/DWM1001_on_board_package_R2.0/dwm/examples/dwm_Tag/../../lib/libdwm.a(ble-server.o)
 .text.ble_register_wakeup_button
                0x00044a7c       0x28 C:/Users/Jacob/Desktop/H60/DWM1001/Source_Code/DWM1001_on_board_package/DWM1001_on_board_package_R2.0/dwm/examples/dwm_Tag/../../lib/libdwm.a(ble-server.o)
 .text._ble_start
                0x00044aa4       0x4a C:/Users/Jacob/Desktop/H60/DWM1001/Source_Code/DWM1001_on_board_package/DWM1001_on_board_package_R2.0/dwm/examples/dwm_Tag/../../lib/libdwm.a(ble-server.o)
 .text.ch_uuid_vs_add.isra.22
                0x00044aee       0xee C:/Users/Jacob/Desktop/H60/DWM1001/Source_Code/DWM1001_on_board_package/DWM1001_on_board_package_R2.0/dwm/examples/dwm_Tag/../../lib/libdwm.a(ble-server.o)
 .text.on_advertising_error
                0x00044bdc        0x2 C:/Users/Jacob/Desktop/H60/DWM1001/Source_Code/DWM1001_on_board_package/DWM1001_on_board_package_R2.0/dwm/examples/dwm_Tag/../../lib/libdwm.a(ble-server.o)
 .text.gpio_ble_wakeup_intr
                0x00044bde       0x1e C:/Users/Jacob/Desktop/H60/DWM1001/Source_Code/DWM1001_on_board_package/DWM1001_on_board_package_R2.0/dwm/examples/dwm_Tag/../../lib/libdwm.a(ble-server.o)
 .text.ble_uuid128_service_get
                0x00044bfc        0x8 C:/Users/Jacob/Desktop/H60/DWM1001/Source_Code/DWM1001_on_board_package/DWM1001_on_board_package_R2.0/dwm/examples/dwm_Tag/../../lib/libdwm.a(ble-server.o)
                0x00044bfc                ble_uuid128_service_get
 .text.ble_adv_is_enabled
                0x00044c04        0xc C:/Users/Jacob/Desktop/H60/DWM1001/Source_Code/DWM1001_on_board_package/DWM1001_on_board_package_R2.0/dwm/examples/dwm_Tag/../../lib/libdwm.a(ble-server.o)
                0x00044c04                ble_adv_is_enabled
 .text.ble_add_shell_cmds
                0x00044c10       0x10 C:/Users/Jacob/Desktop/H60/DWM1001/Source_Code/DWM1001_on_board_package/DWM1001_on_board_package_R2.0/dwm/examples/dwm_Tag/../../lib/libdwm.a(ble-server.o)
                0x00044c10                ble_add_shell_cmds
 .text.ble_start
                0x00044c20       0x10 C:/Users/Jacob/Desktop/H60/DWM1001/Source_Code/DWM1001_on_board_package/DWM1001_on_board_package_R2.0/dwm/examples/dwm_Tag/../../lib/libdwm.a(ble-server.o)
                0x00044c20                ble_start
 .text.ble_stop
                0x00044c30       0x10 C:/Users/Jacob/Desktop/H60/DWM1001/Source_Code/DWM1001_on_board_package/DWM1001_on_board_package_R2.0/dwm/examples/dwm_Tag/../../lib/libdwm.a(ble-server.o)
                0x00044c30                ble_stop
 .text.ble_req_stop
                0x00044c40       0x10 C:/Users/Jacob/Desktop/H60/DWM1001/Source_Code/DWM1001_on_board_package/DWM1001_on_board_package_R2.0/dwm/examples/dwm_Tag/../../lib/libdwm.a(ble-server.o)
                0x00044c40                ble_req_stop
 .text.ble_stop_is_needed
                0x00044c50        0xc C:/Users/Jacob/Desktop/H60/DWM1001/Source_Code/DWM1001_on_board_package/DWM1001_on_board_package_R2.0/dwm/examples/dwm_Tag/../../lib/libdwm.a(ble-server.o)
                0x00044c50                ble_stop_is_needed
 .text.ble_autosuspend_disable
                0x00044c5c        0xc C:/Users/Jacob/Desktop/H60/DWM1001/Source_Code/DWM1001_on_board_package/DWM1001_on_board_package_R2.0/dwm/examples/dwm_Tag/../../lib/libdwm.a(ble-server.o)
                0x00044c5c                ble_autosuspend_disable
 .text.ble_autosuspend_enable
                0x00044c68        0xc C:/Users/Jacob/Desktop/H60/DWM1001/Source_Code/DWM1001_on_board_package/DWM1001_on_board_package_R2.0/dwm/examples/dwm_Tag/../../lib/libdwm.a(ble-server.o)
                0x00044c68                ble_autosuspend_enable
 .text.ble_pos_dist_set
                0x00044c74      0x15c C:/Users/Jacob/Desktop/H60/DWM1001/Source_Code/DWM1001_on_board_package/DWM1001_on_board_package_R2.0/dwm/examples/dwm_Tag/../../lib/libdwm.a(ble-server.o)
                0x00044c74                ble_pos_dist_set
 .text.ble_label_set
                0x00044dd0       0x10 C:/Users/Jacob/Desktop/H60/DWM1001/Source_Code/DWM1001_on_board_package/DWM1001_on_board_package_R2.0/dwm/examples/dwm_Tag/../../lib/libdwm.a(ble-server.o)
                0x00044dd0                ble_label_set
 .text.ble_ur_set
                0x00044de0       0x10 C:/Users/Jacob/Desktop/H60/DWM1001/Source_Code/DWM1001_on_board_package/DWM1001_on_board_package_R2.0/dwm/examples/dwm_Tag/../../lib/libdwm.a(ble-server.o)
                0x00044de0                ble_ur_set
 .text.ble_pan_id_set
                0x00044df0       0x10 C:/Users/Jacob/Desktop/H60/DWM1001/Source_Code/DWM1001_on_board_package/DWM1001_on_board_package_R2.0/dwm/examples/dwm_Tag/../../lib/libdwm.a(ble-server.o)
                0x00044df0                ble_pan_id_set
 .text.ble_addr_set
                0x00044e00       0x14 C:/Users/Jacob/Desktop/H60/DWM1001/Source_Code/DWM1001_on_board_package/DWM1001_on_board_package_R2.0/dwm/examples/dwm_Tag/../../lib/libdwm.a(ble-server.o)
                0x00044e00                ble_addr_set
 .text.ble_addr_get
                0x00044e14       0x14 C:/Users/Jacob/Desktop/H60/DWM1001/Source_Code/DWM1001_on_board_package/DWM1001_on_board_package_R2.0/dwm/examples/dwm_Tag/../../lib/libdwm.a(ble-server.o)
                0x00044e14                ble_addr_get
 .text._ble_sys_info
                0x00044e28       0x90 C:/Users/Jacob/Desktop/H60/DWM1001/Source_Code/DWM1001_on_board_package/DWM1001_on_board_package_R2.0/dwm/examples/dwm_Tag/../../lib/libdwm.a(ble-server.o)
 .text.ble_an_list_set
                0x00044eb8       0x10 C:/Users/Jacob/Desktop/H60/DWM1001/Source_Code/DWM1001_on_board_package/DWM1001_on_board_package_R2.0/dwm/examples/dwm_Tag/../../lib/libdwm.a(ble-server.o)
                0x00044eb8                ble_an_list_set
 .text.ble_mac_cl_info_set
                0x00044ec8       0x10 C:/Users/Jacob/Desktop/H60/DWM1001/Source_Code/DWM1001_on_board_package/DWM1001_on_board_package_R2.0/dwm/examples/dwm_Tag/../../lib/libdwm.a(ble-server.o)
                0x00044ec8                ble_mac_cl_info_set
 .text.ble_mac_stat_set
                0x00044ed8       0x10 C:/Users/Jacob/Desktop/H60/DWM1001/Source_Code/DWM1001_on_board_package/DWM1001_on_board_package_R2.0/dwm/examples/dwm_Tag/../../lib/libdwm.a(ble-server.o)
                0x00044ed8                ble_mac_stat_set
 .text.ble_proxy_set
                0x00044ee8       0x14 C:/Users/Jacob/Desktop/H60/DWM1001/Source_Code/DWM1001_on_board_package/DWM1001_on_board_package_R2.0/dwm/examples/dwm_Tag/../../lib/libdwm.a(ble-server.o)
                0x00044ee8                ble_proxy_set
 .text.ble_advertising_enable
                0x00044efc       0x60 C:/Users/Jacob/Desktop/H60/DWM1001/Source_Code/DWM1001_on_board_package/DWM1001_on_board_package_R2.0/dwm/examples/dwm_Tag/../../lib/libdwm.a(ble-server.o)
                0x00044efc                ble_advertising_enable
 .text.ble_server_on_ble_evt
                0x00044f5c      0x9a4 C:/Users/Jacob/Desktop/H60/DWM1001/Source_Code/DWM1001_on_board_package/DWM1001_on_board_package_R2.0/dwm/examples/dwm_Tag/../../lib/libdwm.a(ble-server.o)
                0x00044f5c                ble_server_on_ble_evt
 .text.ble_sys_info
                0x00045900       0x10 C:/Users/Jacob/Desktop/H60/DWM1001/Source_Code/DWM1001_on_board_package/DWM1001_on_board_package_R2.0/dwm/examples/dwm_Tag/../../lib/libdwm.a(ble-server.o)
                0x00045900                ble_sys_info
 .text.ble_compile
                0x00045910       0xc0 C:/Users/Jacob/Desktop/H60/DWM1001/Source_Code/DWM1001_on_board_package/DWM1001_on_board_package_R2.0/dwm/examples/dwm_Tag/../../lib/libdwm.a(ble-server.o)
                0x00045910                ble_compile
 .text.ble_server_init
                0x000459d0      0x690 C:/Users/Jacob/Desktop/H60/DWM1001/Source_Code/DWM1001_on_board_package/DWM1001_on_board_package_R2.0/dwm/examples/dwm_Tag/../../lib/libdwm.a(ble-server.o)
                0x000459d0                ble_server_init
 .text.ble_server_uninit
                0x00046060       0x2c C:/Users/Jacob/Desktop/H60/DWM1001/Source_Code/DWM1001_on_board_package/DWM1001_on_board_package_R2.0/dwm/examples/dwm_Tag/../../lib/libdwm.a(ble-server.o)
                0x00046060                ble_server_uninit
 .text.ble_srv_is_notification_enabled
                0x0004608c        0x8 C:/Users/Jacob/Desktop/H60/DWM1001/Source_Code/DWM1001_on_board_package/DWM1001_on_board_package_R2.0/dwm/examples/dwm_Tag/../../lib/libdwm.a(ble_srv_common.o)
                0x0004608c                ble_srv_is_notification_enabled
 *fill*         0x00046094        0x4 
 .text.dw_usec_to_devt
                0x00046098       0x20 C:/Users/Jacob/Desktop/H60/DWM1001/Source_Code/DWM1001_on_board_package/DWM1001_on_board_package_R2.0/dwm/examples/dwm_Tag/../../lib/libdwm.a(dw1000.o)
                0x00046098                dw_usec_to_devt
 .text.dw_read_sys_time
                0x000460b8       0x40 C:/Users/Jacob/Desktop/H60/DWM1001/Source_Code/DWM1001_on_board_package/DWM1001_on_board_package_R2.0/dwm/examples/dwm_Tag/../../lib/libdwm.a(dw1000.o)
                0x000460b8                dw_read_sys_time
 .text.dw_rand  0x000460f8       0x18 C:/Users/Jacob/Desktop/H60/DWM1001/Source_Code/DWM1001_on_board_package/DWM1001_on_board_package_R2.0/dwm/examples/dwm_Tag/../../lib/libdwm.a(dw1000.o)
                0x000460f8                dw_rand
 .text.dw_near_timeout
                0x00046110       0x50 C:/Users/Jacob/Desktop/H60/DWM1001/Source_Code/DWM1001_on_board_package/DWM1001_on_board_package_R2.0/dwm/examples/dwm_Tag/../../lib/libdwm.a(dw1000.o)
                0x00046110                dw_near_timeout
 .text.dw_tx_reset
                0x00046160       0x3a C:/Users/Jacob/Desktop/H60/DWM1001/Source_Code/DWM1001_on_board_package/DWM1001_on_board_package_R2.0/dwm/examples/dwm_Tag/../../lib/libdwm.a(dw1000.o)
                0x00046160                dw_tx_reset
 .text.dw_buf_write
                0x0004619a       0xd4 C:/Users/Jacob/Desktop/H60/DWM1001/Source_Code/DWM1001_on_board_package/DWM1001_on_board_package_R2.0/dwm/examples/dwm_Tag/../../lib/libdwm.a(dw1000.o)
                0x0004619a                dw_buf_write
 .text.dw_buf_start
                0x0004626e       0x90 C:/Users/Jacob/Desktop/H60/DWM1001/Source_Code/DWM1001_on_board_package/DWM1001_on_board_package_R2.0/dwm/examples/dwm_Tag/../../lib/libdwm.a(dw1000.o)
                0x0004626e                dw_buf_start
 .text.dw_buf_await_send
                0x000462fe       0x54 C:/Users/Jacob/Desktop/H60/DWM1001/Source_Code/DWM1001_on_board_package/DWM1001_on_board_package_R2.0/dwm/examples/dwm_Tag/../../lib/libdwm.a(dw1000.o)
                0x000462fe                dw_buf_await_send
 .text.dw_buf_send
                0x00046352       0x1e C:/Users/Jacob/Desktop/H60/DWM1001/Source_Code/DWM1001_on_board_package/DWM1001_on_board_package_R2.0/dwm/examples/dwm_Tag/../../lib/libdwm.a(dw1000.o)
                0x00046352                dw_buf_send
 .text.dw_rx_on
                0x00046370       0x20 C:/Users/Jacob/Desktop/H60/DWM1001/Source_Code/DWM1001_on_board_package/DWM1001_on_board_package_R2.0/dwm/examples/dwm_Tag/../../lib/libdwm.a(dw1000.o)
                0x00046370                dw_rx_on
 .text.dw_rxto_on
                0x00046390       0x40 C:/Users/Jacob/Desktop/H60/DWM1001/Source_Code/DWM1001_on_board_package/DWM1001_on_board_package_R2.0/dwm/examples/dwm_Tag/../../lib/libdwm.a(dw1000.o)
                0x00046390                dw_rxto_on
 .text.dw_get_preamble_len
                0x000463d0       0x18 C:/Users/Jacob/Desktop/H60/DWM1001/Source_Code/DWM1001_on_board_package/DWM1001_on_board_package_R2.0/dwm/examples/dwm_Tag/../../lib/libdwm.a(dw1000.o)
                0x000463d0                dw_get_preamble_len
 .text.dw_get_frame_len
                0x000463e8      0x124 C:/Users/Jacob/Desktop/H60/DWM1001/Source_Code/DWM1001_on_board_package/DWM1001_on_board_package_R2.0/dwm/examples/dwm_Tag/../../lib/libdwm.a(dw1000.o)
                0x000463e8                dw_get_frame_len
 *fill*         0x0004650c        0x4 
 .text.dw_get_qf
                0x00046510      0x16c C:/Users/Jacob/Desktop/H60/DWM1001/Source_Code/DWM1001_on_board_package/DWM1001_on_board_package_R2.0/dwm/examples/dwm_Tag/../../lib/libdwm.a(dw1000.o)
                0x00046510                dw_get_qf
 *fill*         0x0004667c        0x4 
 .text.dw_get_rssi
                0x00046680       0xb8 C:/Users/Jacob/Desktop/H60/DWM1001/Source_Code/DWM1001_on_board_package/DWM1001_on_board_package_R2.0/dwm/examples/dwm_Tag/../../lib/libdwm.a(dw1000.o)
                0x00046680                dw_get_rssi
 .text.dw_set_ch_cfg
                0x00046738        0xa C:/Users/Jacob/Desktop/H60/DWM1001/Source_Code/DWM1001_on_board_package/DWM1001_on_board_package_R2.0/dwm/examples/dwm_Tag/../../lib/libdwm.a(dw1000.o)
                0x00046738                dw_set_ch_cfg
 .text.dw_set_tx_cfg
                0x00046742       0x1a C:/Users/Jacob/Desktop/H60/DWM1001/Source_Code/DWM1001_on_board_package/DWM1001_on_board_package_R2.0/dwm/examples/dwm_Tag/../../lib/libdwm.a(dw1000.o)
                0x00046742                dw_set_tx_cfg
 .text.dw_set_ant_tx_delay
                0x0004675c        0x8 C:/Users/Jacob/Desktop/H60/DWM1001/Source_Code/DWM1001_on_board_package/DWM1001_on_board_package_R2.0/dwm/examples/dwm_Tag/../../lib/libdwm.a(dw1000.o)
                0x0004675c                dw_set_ant_tx_delay
 .text.dw_get_temp
                0x00046764       0x36 C:/Users/Jacob/Desktop/H60/DWM1001/Source_Code/DWM1001_on_board_package/DWM1001_on_board_package_R2.0/dwm/examples/dwm_Tag/../../lib/libdwm.a(dw1000.o)
                0x00046764                dw_get_temp
 .text.dw_rsl_workaround
                0x0004679a       0x1c C:/Users/Jacob/Desktop/H60/DWM1001/Source_Code/DWM1001_on_board_package/DWM1001_on_board_package_R2.0/dwm/examples/dwm_Tag/../../lib/libdwm.a(dw1000.o)
                0x0004679a                dw_rsl_workaround
 *fill*         0x000467b6        0x2 
 .text.dw_bw_txpwr_comp
                0x000467b8      0x1f8 C:/Users/Jacob/Desktop/H60/DWM1001/Source_Code/DWM1001_on_board_package/DWM1001_on_board_package_R2.0/dwm/examples/dwm_Tag/../../lib/libdwm.a(dw1000.o)
                0x000467b8                dw_bw_txpwr_comp
 .text.dw_tx_cb
                0x000469b0       0x7c C:/Users/Jacob/Desktop/H60/DWM1001/Source_Code/DWM1001_on_board_package/DWM1001_on_board_package_R2.0/dwm/examples/dwm_Tag/../../lib/libdwm.a(dw1000.o)
                0x000469b0                dw_tx_cb
 .text.dw_rx_cb
                0x00046a2c      0x18a C:/Users/Jacob/Desktop/H60/DWM1001/Source_Code/DWM1001_on_board_package/DWM1001_on_board_package_R2.0/dwm/examples/dwm_Tag/../../lib/libdwm.a(dw1000.o)
                0x00046a2c                dw_rx_cb
 .text.dw_sleep
                0x00046bb6       0x54 C:/Users/Jacob/Desktop/H60/DWM1001/Source_Code/DWM1001_on_board_package/DWM1001_on_board_package_R2.0/dwm/examples/dwm_Tag/../../lib/libdwm.a(dw1000.o)
                0x00046bb6                dw_sleep
 .text.dw_rxdata_read
                0x00046c0a       0x10 C:/Users/Jacob/Desktop/H60/DWM1001/Source_Code/DWM1001_on_board_package/DWM1001_on_board_package_R2.0/dwm/examples/dwm_Tag/../../lib/libdwm.a(dw1000.o)
                0x00046c0a                dw_rxdata_read
 *fill*         0x00046c1a        0x2 
 .text.dw_init  0x00046c1c       0xac C:/Users/Jacob/Desktop/H60/DWM1001/Source_Code/DWM1001_on_board_package/DWM1001_on_board_package_R2.0/dwm/examples/dwm_Tag/../../lib/libdwm.a(dw1000.o)
                0x00046c1c                dw_init
 .text.dw_set_src_addr
                0x00046cc8       0x7a C:/Users/Jacob/Desktop/H60/DWM1001/Source_Code/DWM1001_on_board_package/DWM1001_on_board_package_R2.0/dwm/examples/dwm_Tag/../../lib/libdwm.a(dw1000.o)
                0x00046cc8                dw_set_src_addr
 .text.dw_get_src_addr
                0x00046d42        0xc C:/Users/Jacob/Desktop/H60/DWM1001/Source_Code/DWM1001_on_board_package/DWM1001_on_board_package_R2.0/dwm/examples/dwm_Tag/../../lib/libdwm.a(dw1000.o)
                0x00046d42                dw_get_src_addr
 .text.dw_get_event
                0x00046d4e       0x70 C:/Users/Jacob/Desktop/H60/DWM1001/Source_Code/DWM1001_on_board_package/DWM1001_on_board_package_R2.0/dwm/examples/dwm_Tag/../../lib/libdwm.a(dw1000.o)
                0x00046d4e                dw_get_event
 *fill*         0x00046dbe        0x2 
 .text.uwb_get_if
                0x00046dc0       0x10 C:/Users/Jacob/Desktop/H60/DWM1001/Source_Code/DWM1001_on_board_package/DWM1001_on_board_package_R2.0/dwm/examples/dwm_Tag/../../lib/libdwm.a(dw1000.o)
                0x00046dc0                uwb_get_if
 .text.dw1000_init
                0x00046dd0       0xd8 C:/Users/Jacob/Desktop/H60/DWM1001/Source_Code/DWM1001_on_board_package/DWM1001_on_board_package_R2.0/dwm/examples/dwm_Tag/../../lib/libdwm.a(dw1000.o)
                0x00046dd0                dw1000_init
 .text.dw_dump_cfg
                0x00046ea8      0x278 C:/Users/Jacob/Desktop/H60/DWM1001/Source_Code/DWM1001_on_board_package/DWM1001_on_board_package_R2.0/dwm/examples/dwm_Tag/../../lib/libdwm.a(dw1000.o)
                0x00046ea8                dw_dump_cfg
 .text.uwb_sys_info
                0x00047120      0x100 C:/Users/Jacob/Desktop/H60/DWM1001/Source_Code/DWM1001_on_board_package/DWM1001_on_board_package_R2.0/dwm/examples/dwm_Tag/../../lib/libdwm.a(dw1000.o)
                0x00047120                uwb_sys_info
 .text.fact     0x00047220       0x12 C:/Users/Jacob/Desktop/H60/DWM1001/Source_Code/DWM1001_on_board_package/DWM1001_on_board_package_R2.0/dwm/examples/dwm_Tag/../../lib/libdwm.a(dwm-math.o)
                0x00047220                fact
 *fill*         0x00047232        0x2 
 .text.flog10   0x00047234       0x28 C:/Users/Jacob/Desktop/H60/DWM1001/Source_Code/DWM1001_on_board_package/DWM1001_on_board_package_R2.0/dwm/examples/dwm_Tag/../../lib/libdwm.a(dwm-math.o)
                0x00047234                flog10
 .text.get_dist
                0x0004725c       0xc4 C:/Users/Jacob/Desktop/H60/DWM1001/Source_Code/DWM1001_on_board_package/DWM1001_on_board_package_R2.0/dwm/examples/dwm_Tag/../../lib/libdwm.a(dwm-math.o)
                0x0004725c                get_dist
 .text.dwm_pm_init
                0x00047320       0x34 C:/Users/Jacob/Desktop/H60/DWM1001/Source_Code/DWM1001_on_board_package/DWM1001_on_board_package_R2.0/dwm/examples/dwm_Tag/../../lib/libdwm.a(dwm.o)
 .text.uwbmac_cb
                0x00047354      0x204 C:/Users/Jacob/Desktop/H60/DWM1001/Source_Code/DWM1001_on_board_package/DWM1001_on_board_package_R2.0/dwm/examples/dwm_Tag/../../lib/libdwm.a(dwm.o)
 .text.dwm_pm_lock
                0x00047558       0x20 C:/Users/Jacob/Desktop/H60/DWM1001/Source_Code/DWM1001_on_board_package/DWM1001_on_board_package_R2.0/dwm/examples/dwm_Tag/../../lib/libdwm.a(dwm.o)
 .text.dwm_thread_create
                0x00047578       0x20 C:/Users/Jacob/Desktop/H60/DWM1001/Source_Code/DWM1001_on_board_package/DWM1001_on_board_package_R2.0/dwm/examples/dwm_Tag/../../lib/libdwm.a(dwm.o)
                0x00047578                dwm_thread_create
 .text.dwm_thread_resume
                0x00047598       0x10 C:/Users/Jacob/Desktop/H60/DWM1001/Source_Code/DWM1001_on_board_package/DWM1001_on_board_package_R2.0/dwm/examples/dwm_Tag/../../lib/libdwm.a(dwm.o)
                0x00047598                dwm_thread_resume
 .text.dwm_cfg_anchor_set
                0x000475a8       0x52 C:/Users/Jacob/Desktop/H60/DWM1001/Source_Code/DWM1001_on_board_package/DWM1001_on_board_package_R2.0/dwm/examples/dwm_Tag/../../lib/libdwm.a(dwm.o)
                0x000475a8                dwm_cfg_anchor_set
 .text.dwm_cfg_tag_set
                0x000475fa       0x66 C:/Users/Jacob/Desktop/H60/DWM1001/Source_Code/DWM1001_on_board_package/DWM1001_on_board_package_R2.0/dwm/examples/dwm_Tag/../../lib/libdwm.a(dwm.o)
                0x000475fa                dwm_cfg_tag_set
 .text.dwm_stnry_cfg_set
                0x00047660       0x1c C:/Users/Jacob/Desktop/H60/DWM1001/Source_Code/DWM1001_on_board_package/DWM1001_on_board_package_R2.0/dwm/examples/dwm_Tag/../../lib/libdwm.a(dwm.o)
                0x00047660                dwm_stnry_cfg_set
 .text.dwm_pos_set
                0x0004767c       0x2e C:/Users/Jacob/Desktop/H60/DWM1001/Source_Code/DWM1001_on_board_package/DWM1001_on_board_package_R2.0/dwm/examples/dwm_Tag/../../lib/libdwm.a(dwm.o)
                0x0004767c                dwm_pos_set
 .text.dwm_pos_get
                0x000476aa       0x36 C:/Users/Jacob/Desktop/H60/DWM1001/Source_Code/DWM1001_on_board_package/DWM1001_on_board_package_R2.0/dwm/examples/dwm_Tag/../../lib/libdwm.a(dwm.o)
                0x000476aa                dwm_pos_get
 .text.dwm_upd_rate_set
                0x000476e0       0x20 C:/Users/Jacob/Desktop/H60/DWM1001/Source_Code/DWM1001_on_board_package/DWM1001_on_board_package_R2.0/dwm/examples/dwm_Tag/../../lib/libdwm.a(dwm.o)
                0x000476e0                dwm_upd_rate_set
 .text.dwm_upd_rate_get
                0x00047700       0x34 C:/Users/Jacob/Desktop/H60/DWM1001/Source_Code/DWM1001_on_board_package/DWM1001_on_board_package_R2.0/dwm/examples/dwm_Tag/../../lib/libdwm.a(dwm.o)
                0x00047700                dwm_upd_rate_get
 .text.dwm_panid_set
                0x00047734       0x22 C:/Users/Jacob/Desktop/H60/DWM1001/Source_Code/DWM1001_on_board_package/DWM1001_on_board_package_R2.0/dwm/examples/dwm_Tag/../../lib/libdwm.a(dwm.o)
                0x00047734                dwm_panid_set
 .text.dwm_nvm_usr_data_get
                0x00047756       0x2c C:/Users/Jacob/Desktop/H60/DWM1001/Source_Code/DWM1001_on_board_package/DWM1001_on_board_package_R2.0/dwm/examples/dwm_Tag/../../lib/libdwm.a(dwm.o)
                0x00047756                dwm_nvm_usr_data_get
 .text.dwm_nvm_usr_data_set
                0x00047782       0x22 C:/Users/Jacob/Desktop/H60/DWM1001/Source_Code/DWM1001_on_board_package/DWM1001_on_board_package_R2.0/dwm/examples/dwm_Tag/../../lib/libdwm.a(dwm.o)
                0x00047782                dwm_nvm_usr_data_set
 .text.dwm_evt_listener_register
                0x000477a4       0x20 C:/Users/Jacob/Desktop/H60/DWM1001/Source_Code/DWM1001_on_board_package/DWM1001_on_board_package_R2.0/dwm/examples/dwm_Tag/../../lib/libdwm.a(dwm.o)
                0x000477a4                dwm_evt_listener_register
 .text.dwm_evt_wait
                0x000477c4       0x78 C:/Users/Jacob/Desktop/H60/DWM1001/Source_Code/DWM1001_on_board_package/DWM1001_on_board_package_R2.0/dwm/examples/dwm_Tag/../../lib/libdwm.a(dwm.o)
                0x000477c4                dwm_evt_wait
 .text.dwm_ble_compile
                0x0004783c        0x4 C:/Users/Jacob/Desktop/H60/DWM1001/Source_Code/DWM1001_on_board_package/DWM1001_on_board_package_R2.0/dwm/examples/dwm_Tag/../../lib/libdwm.a(dwm.o)
                0x0004783c                dwm_ble_compile
 .text.dwm_le_compile
                0x00047840        0x4 C:/Users/Jacob/Desktop/H60/DWM1001/Source_Code/DWM1001_on_board_package/DWM1001_on_board_package_R2.0/dwm/examples/dwm_Tag/../../lib/libdwm.a(dwm.o)
                0x00047840                dwm_le_compile
 .text.dwm_serial_spi_compile
                0x00047844        0x4 C:/Users/Jacob/Desktop/H60/DWM1001/Source_Code/DWM1001_on_board_package/DWM1001_on_board_package_R2.0/dwm/examples/dwm_Tag/../../lib/libdwm.a(dwm.o)
                0x00047844                dwm_serial_spi_compile
 .text.dwm_shell_compile
                0x00047848        0x4 C:/Users/Jacob/Desktop/H60/DWM1001/Source_Code/DWM1001_on_board_package/DWM1001_on_board_package_R2.0/dwm/examples/dwm_Tag/../../lib/libdwm.a(dwm.o)
                0x00047848                dwm_shell_compile
 .text.env_get_end
                0x0004784c       0x28 C:/Users/Jacob/Desktop/H60/DWM1001/Source_Code/DWM1001_on_board_package/DWM1001_on_board_package_R2.0/dwm/examples/dwm_Tag/../../lib/libdwm.a(env-tlv.o)
 .text.env_save
                0x00047874       0x60 C:/Users/Jacob/Desktop/H60/DWM1001/Source_Code/DWM1001_on_board_package/DWM1001_on_board_package_R2.0/dwm/examples/dwm_Tag/../../lib/libdwm.a(env-tlv.o)
                0x00047874                env_save
 .text.env_load
                0x000478d4       0xe4 C:/Users/Jacob/Desktop/H60/DWM1001/Source_Code/DWM1001_on_board_package/DWM1001_on_board_package_R2.0/dwm/examples/dwm_Tag/../../lib/libdwm.a(env-tlv.o)
                0x000478d4                env_load
 .text.env_clear
                0x000479b8       0x48 C:/Users/Jacob/Desktop/H60/DWM1001/Source_Code/DWM1001_on_board_package/DWM1001_on_board_package_R2.0/dwm/examples/dwm_Tag/../../lib/libdwm.a(env-tlv.o)
                0x000479b8                env_clear
 .text.env_get  0x00047a00       0x30 C:/Users/Jacob/Desktop/H60/DWM1001/Source_Code/DWM1001_on_board_package/DWM1001_on_board_package_R2.0/dwm/examples/dwm_Tag/../../lib/libdwm.a(env-tlv.o)
                0x00047a00                env_get
 .text.env_set  0x00047a30       0xa8 C:/Users/Jacob/Desktop/H60/DWM1001/Source_Code/DWM1001_on_board_package/DWM1001_on_board_package_R2.0/dwm/examples/dwm_Tag/../../lib/libdwm.a(env-tlv.o)
                0x00047a30                env_set
 .text.fwup_reset
                0x00047ad8        0x8 C:/Users/Jacob/Desktop/H60/DWM1001/Source_Code/DWM1001_on_board_package/DWM1001_on_board_package_R2.0/dwm/examples/dwm_Tag/../../lib/libdwm.a(fwup.o)
                0x00047ad8                fwup_reset
 .text.fwup_sndr_init
                0x00047ae0       0x6a C:/Users/Jacob/Desktop/H60/DWM1001/Source_Code/DWM1001_on_board_package/DWM1001_on_board_package_R2.0/dwm/examples/dwm_Tag/../../lib/libdwm.a(fwup.o)
                0x00047ae0                fwup_sndr_init
 .text.fwup_rcvr_in_progress
                0x00047b4a       0x1a C:/Users/Jacob/Desktop/H60/DWM1001/Source_Code/DWM1001_on_board_package/DWM1001_on_board_package_R2.0/dwm/examples/dwm_Tag/../../lib/libdwm.a(fwup.o)
                0x00047b4a                fwup_rcvr_in_progress
 .text.fwup_rcvr_stop
                0x00047b64       0x16 C:/Users/Jacob/Desktop/H60/DWM1001/Source_Code/DWM1001_on_board_package/DWM1001_on_board_package_R2.0/dwm/examples/dwm_Tag/../../lib/libdwm.a(fwup.o)
                0x00047b64                fwup_rcvr_stop
 .text.fwup_rcvr_start
                0x00047b7a       0x4c C:/Users/Jacob/Desktop/H60/DWM1001/Source_Code/DWM1001_on_board_package/DWM1001_on_board_package_R2.0/dwm/examples/dwm_Tag/../../lib/libdwm.a(fwup.o)
                0x00047b7a                fwup_rcvr_start
 .text.fwup_rcvr_rxbuf_space
                0x00047bc6       0x12 C:/Users/Jacob/Desktop/H60/DWM1001/Source_Code/DWM1001_on_board_package/DWM1001_on_board_package_R2.0/dwm/examples/dwm_Tag/../../lib/libdwm.a(fwup.o)
                0x00047bc6                fwup_rcvr_rxbuf_space
 .text.fwup_rcvr_data_handler
                0x00047bd8       0x60 C:/Users/Jacob/Desktop/H60/DWM1001/Source_Code/DWM1001_on_board_package/DWM1001_on_board_package_R2.0/dwm/examples/dwm_Tag/../../lib/libdwm.a(fwup.o)
                0x00047bd8                fwup_rcvr_data_handler
 .text.fwup_rcvr_data_write
                0x00047c38      0x160 C:/Users/Jacob/Desktop/H60/DWM1001/Source_Code/DWM1001_on_board_package/DWM1001_on_board_package_R2.0/dwm/examples/dwm_Tag/../../lib/libdwm.a(fwup.o)
                0x00047c38                fwup_rcvr_data_write
 .text.fwup_rcvr_is_finished
                0x00047d98       0x36 C:/Users/Jacob/Desktop/H60/DWM1001/Source_Code/DWM1001_on_board_package/DWM1001_on_board_package_R2.0/dwm/examples/dwm_Tag/../../lib/libdwm.a(fwup.o)
                0x00047d98                fwup_rcvr_is_finished
 .text.nrf_gpio_pins_toggle
                0x00047dce       0x18 C:/Users/Jacob/Desktop/H60/DWM1001/Source_Code/DWM1001_on_board_package/DWM1001_on_board_package_R2.0/dwm/examples/dwm_Tag/../../lib/libdwm.a(hal.o)
 .text.sd_rand_application_bytes_available_get
                0x00047de6        0x4 C:/Users/Jacob/Desktop/H60/DWM1001/Source_Code/DWM1001_on_board_package/DWM1001_on_board_package_R2.0/dwm/examples/dwm_Tag/../../lib/libdwm.a(hal.o)
 .text.sd_rand_application_vector_get
                0x00047dea        0x4 C:/Users/Jacob/Desktop/H60/DWM1001/Source_Code/DWM1001_on_board_package/DWM1001_on_board_package_R2.0/dwm/examples/dwm_Tag/../../lib/libdwm.a(hal.o)
 .text.sd_clock_hfclk_request
                0x00047dee        0x4 C:/Users/Jacob/Desktop/H60/DWM1001/Source_Code/DWM1001_on_board_package/DWM1001_on_board_package_R2.0/dwm/examples/dwm_Tag/../../lib/libdwm.a(hal.o)
 .text.sd_clock_hfclk_release
                0x00047df2        0x4 C:/Users/Jacob/Desktop/H60/DWM1001/Source_Code/DWM1001_on_board_package/DWM1001_on_board_package_R2.0/dwm/examples/dwm_Tag/../../lib/libdwm.a(hal.o)
 .text.sd_app_evt_wait
                0x00047df6        0x4 C:/Users/Jacob/Desktop/H60/DWM1001/Source_Code/DWM1001_on_board_package/DWM1001_on_board_package_R2.0/dwm/examples/dwm_Tag/../../lib/libdwm.a(hal.o)
 .text.sd_ecb_block_encrypt
                0x00047dfa        0x4 C:/Users/Jacob/Desktop/H60/DWM1001/Source_Code/DWM1001_on_board_package/DWM1001_on_board_package_R2.0/dwm/examples/dwm_Tag/../../lib/libdwm.a(hal.o)
 .text.sd_temp_get
                0x00047dfe        0x4 C:/Users/Jacob/Desktop/H60/DWM1001/Source_Code/DWM1001_on_board_package/DWM1001_on_board_package_R2.0/dwm/examples/dwm_Tag/../../lib/libdwm.a(hal.o)
 .text._led_dummy
                0x00047e02        0x2 C:/Users/Jacob/Desktop/H60/DWM1001/Source_Code/DWM1001_on_board_package/DWM1001_on_board_package_R2.0/dwm/examples/dwm_Tag/../../lib/libdwm.a(hal.o)
 .text._led_orange_on
                0x00047e04        0xe C:/Users/Jacob/Desktop/H60/DWM1001/Source_Code/DWM1001_on_board_package/DWM1001_on_board_package_R2.0/dwm/examples/dwm_Tag/../../lib/libdwm.a(hal.o)
 .text._led_orange_off
                0x00047e12        0xe C:/Users/Jacob/Desktop/H60/DWM1001/Source_Code/DWM1001_on_board_package/DWM1001_on_board_package_R2.0/dwm/examples/dwm_Tag/../../lib/libdwm.a(hal.o)
 .text._led_orange_toggle
                0x00047e20        0x8 C:/Users/Jacob/Desktop/H60/DWM1001/Source_Code/DWM1001_on_board_package/DWM1001_on_board_package_R2.0/dwm/examples/dwm_Tag/../../lib/libdwm.a(hal.o)
 .text._led_red_on
                0x00047e28        0xe C:/Users/Jacob/Desktop/H60/DWM1001/Source_Code/DWM1001_on_board_package/DWM1001_on_board_package_R2.0/dwm/examples/dwm_Tag/../../lib/libdwm.a(hal.o)
 .text._led_red_off
                0x00047e36        0xe C:/Users/Jacob/Desktop/H60/DWM1001/Source_Code/DWM1001_on_board_package/DWM1001_on_board_package_R2.0/dwm/examples/dwm_Tag/../../lib/libdwm.a(hal.o)
 .text._led_red_toggle
                0x00047e44        0x8 C:/Users/Jacob/Desktop/H60/DWM1001/Source_Code/DWM1001_on_board_package/DWM1001_on_board_package_R2.0/dwm/examples/dwm_Tag/../../lib/libdwm.a(hal.o)
 .text._led_green_on
                0x00047e4c        0xe C:/Users/Jacob/Desktop/H60/DWM1001/Source_Code/DWM1001_on_board_package/DWM1001_on_board_package_R2.0/dwm/examples/dwm_Tag/../../lib/libdwm.a(hal.o)
 .text._led_green_off
                0x00047e5a        0xe C:/Users/Jacob/Desktop/H60/DWM1001/Source_Code/DWM1001_on_board_package/DWM1001_on_board_package_R2.0/dwm/examples/dwm_Tag/../../lib/libdwm.a(hal.o)
 .text._led_green_toggle
                0x00047e68        0x8 C:/Users/Jacob/Desktop/H60/DWM1001/Source_Code/DWM1001_on_board_package/DWM1001_on_board_package_R2.0/dwm/examples/dwm_Tag/../../lib/libdwm.a(hal.o)
 .text.wdt_handler
                0x00047e70        0x2 C:/Users/Jacob/Desktop/H60/DWM1001/Source_Code/DWM1001_on_board_package/DWM1001_on_board_package_R2.0/dwm/examples/dwm_Tag/../../lib/libdwm.a(hal.o)
 *fill*         0x00047e72        0x2 
 .text.hal_factory_reset
                0x00047e74       0x30 C:/Users/Jacob/Desktop/H60/DWM1001/Source_Code/DWM1001_on_board_package/DWM1001_on_board_package_R2.0/dwm/examples/dwm_Tag/../../lib/libdwm.a(hal.o)
                0x00047e74                hal_factory_reset
 .text.is_user_app_pin
                0x00047ea4       0x5c C:/Users/Jacob/Desktop/H60/DWM1001/Source_Code/DWM1001_on_board_package/DWM1001_on_board_package_R2.0/dwm/examples/dwm_Tag/../../lib/libdwm.a(hal.o)
                0x00047ea4                is_user_app_pin
 .text.hal_sd_enabled
                0x00047f00        0x8 C:/Users/Jacob/Desktop/H60/DWM1001/Source_Code/DWM1001_on_board_package/DWM1001_on_board_package_R2.0/dwm/examples/dwm_Tag/../../lib/libdwm.a(hal.o)
                0x00047f00                hal_sd_enabled
 .text.hal_flash_erase
                0x00047f08       0x14 C:/Users/Jacob/Desktop/H60/DWM1001/Source_Code/DWM1001_on_board_package/DWM1001_on_board_package_R2.0/dwm/examples/dwm_Tag/../../lib/libdwm.a(hal.o)
                0x00047f08                hal_flash_erase
 .text.hal_flash_write_page
                0x00047f1c        0x6 C:/Users/Jacob/Desktop/H60/DWM1001/Source_Code/DWM1001_on_board_package/DWM1001_on_board_package_R2.0/dwm/examples/dwm_Tag/../../lib/libdwm.a(hal.o)
                0x00047f1c                hal_flash_write_page
 .text.hal_fw_get_chksum
                0x00047f22       0x42 C:/Users/Jacob/Desktop/H60/DWM1001/Source_Code/DWM1001_on_board_package/DWM1001_on_board_package_R2.0/dwm/examples/dwm_Tag/../../lib/libdwm.a(hal.o)
                0x00047f22                hal_fw_get_chksum
 .text.hal_fw_is_compat
                0x00047f64       0x10 C:/Users/Jacob/Desktop/H60/DWM1001/Source_Code/DWM1001_on_board_package/DWM1001_on_board_package_R2.0/dwm/examples/dwm_Tag/../../lib/libdwm.a(hal.o)
                0x00047f64                hal_fw_is_compat
 .text.hal_time_hfclk_start
                0x00047f74       0x1a C:/Users/Jacob/Desktop/H60/DWM1001/Source_Code/DWM1001_on_board_package/DWM1001_on_board_package_R2.0/dwm/examples/dwm_Tag/../../lib/libdwm.a(hal.o)
                0x00047f74                hal_time_hfclk_start
 .text.hal_time_hfclk_stop
                0x00047f8e       0x1c C:/Users/Jacob/Desktop/H60/DWM1001/Source_Code/DWM1001_on_board_package/DWM1001_on_board_package_R2.0/dwm/examples/dwm_Tag/../../lib/libdwm.a(hal.o)
                0x00047f8e                hal_time_hfclk_stop
 *fill*         0x00047faa        0x2 
 .text.hal_wdt_app_init
                0x00047fac       0x10 C:/Users/Jacob/Desktop/H60/DWM1001/Source_Code/DWM1001_on_board_package/DWM1001_on_board_package_R2.0/dwm/examples/dwm_Tag/../../lib/libdwm.a(hal.o)
                0x00047fac                hal_wdt_app_init
 .text.hal_wdt_app_reset
                0x00047fbc        0x4 C:/Users/Jacob/Desktop/H60/DWM1001/Source_Code/DWM1001_on_board_package/DWM1001_on_board_package_R2.0/dwm/examples/dwm_Tag/../../lib/libdwm.a(hal.o)
                0x00047fbc                hal_wdt_app_reset
 .text.hal_temp_get
                0x00047fc0       0x80 C:/Users/Jacob/Desktop/H60/DWM1001/Source_Code/DWM1001_on_board_package/DWM1001_on_board_package_R2.0/dwm/examples/dwm_Tag/../../lib/libdwm.a(hal.o)
                0x00047fc0                hal_temp_get
 .text.hal_sleep
                0x00048040       0xe4 C:/Users/Jacob/Desktop/H60/DWM1001/Source_Code/DWM1001_on_board_package/DWM1001_on_board_package_R2.0/dwm/examples/dwm_Tag/../../lib/libdwm.a(hal.o)
                0x00048040                hal_sleep
 .text.hal_uptime
                0x00048124       0x20 C:/Users/Jacob/Desktop/H60/DWM1001/Source_Code/DWM1001_on_board_package/DWM1001_on_board_package_R2.0/dwm/examples/dwm_Tag/../../lib/libdwm.a(hal.o)
                0x00048124                hal_uptime
 .text.hal_print_ps
                0x00048144       0x80 C:/Users/Jacob/Desktop/H60/DWM1001/Source_Code/DWM1001_on_board_package/DWM1001_on_board_package_R2.0/dwm/examples/dwm_Tag/../../lib/libdwm.a(hal.o)
                0x00048144                hal_print_ps
 .text.hal_print_free
                0x000481c4       0x50 C:/Users/Jacob/Desktop/H60/DWM1001/Source_Code/DWM1001_on_board_package/DWM1001_on_board_package_R2.0/dwm/examples/dwm_Tag/../../lib/libdwm.a(hal.o)
                0x000481c4                hal_print_free
 .text.hal_print_uptime
                0x00048214       0xbc C:/Users/Jacob/Desktop/H60/DWM1001/Source_Code/DWM1001_on_board_package/DWM1001_on_board_package_R2.0/dwm/examples/dwm_Tag/../../lib/libdwm.a(hal.o)
                0x00048214                hal_print_uptime
 .text.hal_print_sys_info
                0x000482d0      0x130 C:/Users/Jacob/Desktop/H60/DWM1001/Source_Code/DWM1001_on_board_package/DWM1001_on_board_package_R2.0/dwm/examples/dwm_Tag/../../lib/libdwm.a(hal.o)
                0x000482d0                hal_print_sys_info
 .text.hal_critical_region_enter
                0x00048400       0x58 C:/Users/Jacob/Desktop/H60/DWM1001/Source_Code/DWM1001_on_board_package/DWM1001_on_board_package_R2.0/dwm/examples/dwm_Tag/../../lib/libdwm.a(hal.o)
                0x00048400                hal_critical_region_enter
 .text.hal_critical_region_exit
                0x00048458       0x38 C:/Users/Jacob/Desktop/H60/DWM1001/Source_Code/DWM1001_on_board_package/DWM1001_on_board_package_R2.0/dwm/examples/dwm_Tag/../../lib/libdwm.a(hal.o)
                0x00048458                hal_critical_region_exit
 .text.leds_enable
                0x00048490       0xbc C:/Users/Jacob/Desktop/H60/DWM1001/Source_Code/DWM1001_on_board_package/DWM1001_on_board_package_R2.0/dwm/examples/dwm_Tag/../../lib/libdwm.a(hal.o)
                0x00048490                leds_enable
 .text.leds_disable
                0x0004854c       0x74 C:/Users/Jacob/Desktop/H60/DWM1001/Source_Code/DWM1001_on_board_package/DWM1001_on_board_package_R2.0/dwm/examples/dwm_Tag/../../lib/libdwm.a(hal.o)
                0x0004854c                leds_disable
 .text.hal_crypto_rng_get
                0x000485c0       0xa8 C:/Users/Jacob/Desktop/H60/DWM1001/Source_Code/DWM1001_on_board_package/DWM1001_on_board_package_R2.0/dwm/examples/dwm_Tag/../../lib/libdwm.a(hal.o)
                0x000485c0                hal_crypto_rng_get
 .text.hal_crypto_set_key
                0x00048668       0x60 C:/Users/Jacob/Desktop/H60/DWM1001/Source_Code/DWM1001_on_board_package/DWM1001_on_board_package_R2.0/dwm/examples/dwm_Tag/../../lib/libdwm.a(hal.o)
                0x00048668                hal_crypto_set_key
 .text.hal_crypto_mac_get
                0x000486c8      0x128 C:/Users/Jacob/Desktop/H60/DWM1001/Source_Code/DWM1001_on_board_package/DWM1001_on_board_package_R2.0/dwm/examples/dwm_Tag/../../lib/libdwm.a(hal.o)
                0x000486c8                hal_crypto_mac_get
 .text.hal_crypto_crypt
                0x000487f0       0xc8 C:/Users/Jacob/Desktop/H60/DWM1001/Source_Code/DWM1001_on_board_package/DWM1001_on_board_package_R2.0/dwm/examples/dwm_Tag/../../lib/libdwm.a(hal.o)
                0x000487f0                hal_crypto_crypt
 .text._read    0x000488b8        0x8 C:/Users/Jacob/Desktop/H60/DWM1001/Source_Code/DWM1001_on_board_package/DWM1001_on_board_package_R2.0/dwm/examples/dwm_Tag/../../lib/libdwm.a(hal.o)
                0x000488b8                _read
 .text._write   0x000488c0       0x2a C:/Users/Jacob/Desktop/H60/DWM1001/Source_Code/DWM1001_on_board_package/DWM1001_on_board_package_R2.0/dwm/examples/dwm_Tag/../../lib/libdwm.a(hal.o)
                0x000488c0                _write
 *fill*         0x000488ea        0x2 
 .text._sbrk    0x000488ec       0x2c C:/Users/Jacob/Desktop/H60/DWM1001/Source_Code/DWM1001_on_board_package/DWM1001_on_board_package_R2.0/dwm/examples/dwm_Tag/../../lib/libdwm.a(hal.o)
                0x000488ec                _sbrk
 .text.rng_isr  0x00048918       0x14 C:/Users/Jacob/Desktop/H60/DWM1001/Source_Code/DWM1001_on_board_package/DWM1001_on_board_package_R2.0/dwm/examples/dwm_Tag/../../lib/libdwm.a(nrf_drv_rng.o)
 .text.rng_start
                0x0004892c       0x38 C:/Users/Jacob/Desktop/H60/DWM1001/Source_Code/DWM1001_on_board_package/DWM1001_on_board_package_R2.0/dwm/examples/dwm_Tag/../../lib/libdwm.a(nrf_drv_rng.o)
 .text.nrf_drv_rng_init
                0x00048964       0x98 C:/Users/Jacob/Desktop/H60/DWM1001/Source_Code/DWM1001_on_board_package/DWM1001_on_board_package_R2.0/dwm/examples/dwm_Tag/../../lib/libdwm.a(nrf_drv_rng.o)
                0x00048964                nrf_drv_rng_init
 .text.nrf_drv_rng_bytes_available
                0x000489fc       0x14 C:/Users/Jacob/Desktop/H60/DWM1001/Source_Code/DWM1001_on_board_package/DWM1001_on_board_package_R2.0/dwm/examples/dwm_Tag/../../lib/libdwm.a(nrf_drv_rng.o)
                0x000489fc                nrf_drv_rng_bytes_available
 .text.nrf_drv_rng_rand
                0x00048a10       0x3c C:/Users/Jacob/Desktop/H60/DWM1001/Source_Code/DWM1001_on_board_package/DWM1001_on_board_package_R2.0/dwm/examples/dwm_Tag/../../lib/libdwm.a(nrf_drv_rng.o)
                0x00048a10                nrf_drv_rng_rand
 .text.RNG_IRQHandler
                0x00048a4c       0x54 C:/Users/Jacob/Desktop/H60/DWM1001/Source_Code/DWM1001_on_board_package/DWM1001_on_board_package_R2.0/dwm/examples/dwm_Tag/../../lib/libdwm.a(nrf_drv_rng.o)
                0x00048a4c                RNG_IRQHandler
 .text.rng_dsr  0x00048aa0       0x10 C:/Users/Jacob/Desktop/H60/DWM1001/Source_Code/DWM1001_on_board_package/DWM1001_on_board_package_R2.0/dwm/examples/dwm_Tag/../../lib/libdwm.a(nrf_drv_rng.o)
 .text.pm_can_sleep
                0x00048ab0       0x44 C:/Users/Jacob/Desktop/H60/DWM1001/Source_Code/DWM1001_on_board_package/DWM1001_on_board_package_R2.0/dwm/examples/dwm_Tag/../../lib/libdwm.a(pm.o)
                0x00048ab0                pm_can_sleep
 .text.pm_task_get_next
                0x00048af4       0x54 C:/Users/Jacob/Desktop/H60/DWM1001/Source_Code/DWM1001_on_board_package/DWM1001_on_board_package_R2.0/dwm/examples/dwm_Tag/../../lib/libdwm.a(pm.o)
                0x00048af4                pm_task_get_next
 .text.pm_sched_signal
                0x00048b48        0xc C:/Users/Jacob/Desktop/H60/DWM1001/Source_Code/DWM1001_on_board_package/DWM1001_on_board_package_R2.0/dwm/examples/dwm_Tag/../../lib/libdwm.a(pm.o)
                0x00048b48                pm_sched_signal
 .text.pm_sched_wait
                0x00048b54        0xc C:/Users/Jacob/Desktop/H60/DWM1001/Source_Code/DWM1001_on_board_package/DWM1001_on_board_package_R2.0/dwm/examples/dwm_Tag/../../lib/libdwm.a(pm.o)
                0x00048b54                pm_sched_wait
 .text.pm_task_lock
                0x00048b60       0x26 C:/Users/Jacob/Desktop/H60/DWM1001/Source_Code/DWM1001_on_board_package/DWM1001_on_board_package_R2.0/dwm/examples/dwm_Tag/../../lib/libdwm.a(pm.o)
                0x00048b60                pm_task_lock
 .text.pm_task_unlock
                0x00048b86       0x2c C:/Users/Jacob/Desktop/H60/DWM1001/Source_Code/DWM1001_on_board_package/DWM1001_on_board_package_R2.0/dwm/examples/dwm_Tag/../../lib/libdwm.a(pm.o)
                0x00048b86                pm_task_unlock
 *fill*         0x00048bb2        0x2 
 .text.pm_task_unlock_set_alarm
                0x00048bb4       0x98 C:/Users/Jacob/Desktop/H60/DWM1001/Source_Code/DWM1001_on_board_package/DWM1001_on_board_package_R2.0/dwm/examples/dwm_Tag/../../lib/libdwm.a(pm.o)
                0x00048bb4                pm_task_unlock_set_alarm
 .text.pm_task_wakeup
                0x00048c4c        0x4 C:/Users/Jacob/Desktop/H60/DWM1001/Source_Code/DWM1001_on_board_package/DWM1001_on_board_package_R2.0/dwm/examples/dwm_Tag/../../lib/libdwm.a(pm.o)
                0x00048c4c                pm_task_wakeup
 .text.pm_task_alloc
                0x00048c50       0x64 C:/Users/Jacob/Desktop/H60/DWM1001/Source_Code/DWM1001_on_board_package/DWM1001_on_board_package_R2.0/dwm/examples/dwm_Tag/../../lib/libdwm.a(pm.o)
                0x00048c50                pm_task_alloc
 .text.pm_task_free
                0x00048cb4       0x58 C:/Users/Jacob/Desktop/H60/DWM1001/Source_Code/DWM1001_on_board_package/DWM1001_on_board_package_R2.0/dwm/examples/dwm_Tag/../../lib/libdwm.a(pm.o)
                0x00048cb4                pm_task_free
 .text.pm_init  0x00048d0c       0x54 C:/Users/Jacob/Desktop/H60/DWM1001/Source_Code/DWM1001_on_board_package/DWM1001_on_board_package_R2.0/dwm/examples/dwm_Tag/../../lib/libdwm.a(pm.o)
                0x00048d0c                pm_init
 .text.pm_dump  0x00048d60       0x84 C:/Users/Jacob/Desktop/H60/DWM1001/Source_Code/DWM1001_on_board_package/DWM1001_on_board_package_R2.0/dwm/examples/dwm_Tag/../../lib/libdwm.a(pm.o)
                0x00048d60                pm_dump
 .text.api_thread_start
                0x00048de4       0x10 C:/Users/Jacob/Desktop/H60/DWM1001/Source_Code/DWM1001_on_board_package/DWM1001_on_board_package_R2.0/dwm/examples/dwm_Tag/../../lib/libdwm.a(process-api.o)
                0x00048de4                api_thread_start
 .text.api_thread_init
                0x00048df4       0x3c C:/Users/Jacob/Desktop/H60/DWM1001/Source_Code/DWM1001_on_board_package/DWM1001_on_board_package_R2.0/dwm/examples/dwm_Tag/../../lib/libdwm.a(process-api.o)
                0x00048df4                api_thread_init
 .text.ble_thread_entry
                0x00048e30       0x78 C:/Users/Jacob/Desktop/H60/DWM1001/Source_Code/DWM1001_on_board_package/DWM1001_on_board_package_R2.0/dwm/examples/dwm_Tag/../../lib/libdwm.a(process-ble.o)
 .text.ble_server_evt_put
                0x00048ea8       0x1c C:/Users/Jacob/Desktop/H60/DWM1001/Source_Code/DWM1001_on_board_package/DWM1001_on_board_package_R2.0/dwm/examples/dwm_Tag/../../lib/libdwm.a(process-ble.o)
                0x00048ea8                ble_server_evt_put
 .text.ble_server_thread_start
                0x00048ec4       0x10 C:/Users/Jacob/Desktop/H60/DWM1001/Source_Code/DWM1001_on_board_package/DWM1001_on_board_package_R2.0/dwm/examples/dwm_Tag/../../lib/libdwm.a(process-ble.o)
                0x00048ec4                ble_server_thread_start
 .text.ble_server_thread_stop
                0x00048ed4       0x38 C:/Users/Jacob/Desktop/H60/DWM1001/Source_Code/DWM1001_on_board_package/DWM1001_on_board_package_R2.0/dwm/examples/dwm_Tag/../../lib/libdwm.a(process-ble.o)
                0x00048ed4                ble_server_thread_stop
 .text.ble_server_thread_init
                0x00048f0c       0x4c C:/Users/Jacob/Desktop/H60/DWM1001/Source_Code/DWM1001_on_board_package/DWM1001_on_board_package_R2.0/dwm/examples/dwm_Tag/../../lib/libdwm.a(process-ble.o)
                0x00048f0c                ble_server_thread_init
 .text.ble_init_ready
                0x00048f58        0xc C:/Users/Jacob/Desktop/H60/DWM1001/Source_Code/DWM1001_on_board_package/DWM1001_on_board_package_R2.0/dwm/examples/dwm_Tag/../../lib/libdwm.a(process-ble.o)
                0x00048f58                ble_init_ready
 .text.le_print_disable
                0x00048f64       0x10 C:/Users/Jacob/Desktop/H60/DWM1001/Source_Code/DWM1001_on_board_package/DWM1001_on_board_package_R2.0/dwm/examples/dwm_Tag/../../lib/libdwm.a(process-le.o)
 .text.nole_thread_entry
                0x00048f74      0x2a8 C:/Users/Jacob/Desktop/H60/DWM1001/Source_Code/DWM1001_on_board_package/DWM1001_on_board_package_R2.0/dwm/examples/dwm_Tag/../../lib/libdwm.a(process-le.o)
 *fill*         0x0004921c        0x4 
 .text.le_thread_entry
                0x00049220      0x48c C:/Users/Jacob/Desktop/H60/DWM1001/Source_Code/DWM1001_on_board_package/DWM1001_on_board_package_R2.0/dwm/examples/dwm_Tag/../../lib/libdwm.a(process-le.o)
 .text.le_post_loc_data
                0x000496ac       0x60 C:/Users/Jacob/Desktop/H60/DWM1001/Source_Code/DWM1001_on_board_package/DWM1001_on_board_package_R2.0/dwm/examples/dwm_Tag/../../lib/libdwm.a(process-le.o)
                0x000496ac                le_post_loc_data
 .text.le_init  0x0004970c       0x7c C:/Users/Jacob/Desktop/H60/DWM1001/Source_Code/DWM1001_on_board_package/DWM1001_on_board_package_R2.0/dwm/examples/dwm_Tag/../../lib/libdwm.a(process-le.o)
                0x0004970c                le_init
 .text.le_start
                0x00049788       0x18 C:/Users/Jacob/Desktop/H60/DWM1001/Source_Code/DWM1001_on_board_package/DWM1001_on_board_package_R2.0/dwm/examples/dwm_Tag/../../lib/libdwm.a(process-le.o)
                0x00049788                le_start
 .text.le_post_meas
                0x000497a0       0x78 C:/Users/Jacob/Desktop/H60/DWM1001/Source_Code/DWM1001_on_board_package/DWM1001_on_board_package_R2.0/dwm/examples/dwm_Tag/../../lib/libdwm.a(process-le.o)
                0x000497a0                le_post_meas
 .text.le_pos_get
                0x00049818       0x64 C:/Users/Jacob/Desktop/H60/DWM1001/Source_Code/DWM1001_on_board_package/DWM1001_on_board_package_R2.0/dwm/examples/dwm_Tag/../../lib/libdwm.a(process-le.o)
                0x00049818                le_pos_get
 .text.le_loc_get
                0x0004987c      0x104 C:/Users/Jacob/Desktop/H60/DWM1001/Source_Code/DWM1001_on_board_package/DWM1001_on_board_package_R2.0/dwm/examples/dwm_Tag/../../lib/libdwm.a(process-le.o)
                0x0004987c                le_loc_get
 .text.le_loc_print_toggle
                0x00049980       0x28 C:/Users/Jacob/Desktop/H60/DWM1001/Source_Code/DWM1001_on_board_package/DWM1001_on_board_package_R2.0/dwm/examples/dwm_Tag/../../lib/libdwm.a(process-le.o)
                0x00049980                le_loc_print_toggle
 .text.le_loc_ts_print_toggle
                0x000499a8       0x24 C:/Users/Jacob/Desktop/H60/DWM1001/Source_Code/DWM1001_on_board_package/DWM1001_on_board_package_R2.0/dwm/examples/dwm_Tag/../../lib/libdwm.a(process-le.o)
                0x000499a8                le_loc_ts_print_toggle
 .text.le_loc_csv_print_toggle
                0x000499cc       0x28 C:/Users/Jacob/Desktop/H60/DWM1001/Source_Code/DWM1001_on_board_package/DWM1001_on_board_package_R2.0/dwm/examples/dwm_Tag/../../lib/libdwm.a(process-le.o)
                0x000499cc                le_loc_csv_print_toggle
 .text.le_loc_csv_ts_print_toggle
                0x000499f4       0x28 C:/Users/Jacob/Desktop/H60/DWM1001/Source_Code/DWM1001_on_board_package/DWM1001_on_board_package_R2.0/dwm/examples/dwm_Tag/../../lib/libdwm.a(process-le.o)
                0x000499f4                le_loc_csv_ts_print_toggle
 .text.le_pos_csv_print_toggle
                0x00049a1c       0x24 C:/Users/Jacob/Desktop/H60/DWM1001/Source_Code/DWM1001_on_board_package/DWM1001_on_board_package_R2.0/dwm/examples/dwm_Tag/../../lib/libdwm.a(process-le.o)
                0x00049a1c                le_pos_csv_print_toggle
 .text.le_compile
                0x00049a40       0x18 C:/Users/Jacob/Desktop/H60/DWM1001/Source_Code/DWM1001_on_board_package/DWM1001_on_board_package_R2.0/dwm/examples/dwm_Tag/../../lib/libdwm.a(process-le.o)
                0x00049a40                le_compile
 .text.pm_thread_entry
                0x00049a58       0x98 C:/Users/Jacob/Desktop/H60/DWM1001/Source_Code/DWM1001_on_board_package/DWM1001_on_board_package_R2.0/dwm/examples/dwm_Tag/../../lib/libdwm.a(process-pm.o)
 .text.hal_pm_init
                0x00049af0       0x70 C:/Users/Jacob/Desktop/H60/DWM1001/Source_Code/DWM1001_on_board_package/DWM1001_on_board_package_R2.0/dwm/examples/dwm_Tag/../../lib/libdwm.a(process-pm.o)
                0x00049af0                hal_pm_init
 .text.hal_pm_start
                0x00049b60        0xc C:/Users/Jacob/Desktop/H60/DWM1001/Source_Code/DWM1001_on_board_package/DWM1001_on_board_package_R2.0/dwm/examples/dwm_Tag/../../lib/libdwm.a(process-pm.o)
                0x00049b60                hal_pm_start
 .text.uwb0_recover.part.0
                0x00049b6c       0x1c C:/Users/Jacob/Desktop/H60/DWM1001/Source_Code/DWM1001_on_board_package/DWM1001_on_board_package_R2.0/dwm/examples/dwm_Tag/../../lib/libdwm.a(process-svc.o)
 .text.svc_thread_entry
                0x00049b88      0x2b0 C:/Users/Jacob/Desktop/H60/DWM1001/Source_Code/DWM1001_on_board_package/DWM1001_on_board_package_R2.0/dwm/examples/dwm_Tag/../../lib/libdwm.a(process-svc.o)
 .text.svc_init
                0x00049e38       0x3c C:/Users/Jacob/Desktop/H60/DWM1001/Source_Code/DWM1001_on_board_package/DWM1001_on_board_package_R2.0/dwm/examples/dwm_Tag/../../lib/libdwm.a(process-svc.o)
                0x00049e38                svc_init
 .text.svc_start
                0x00049e74        0xc C:/Users/Jacob/Desktop/H60/DWM1001/Source_Code/DWM1001_on_board_package/DWM1001_on_board_package_R2.0/dwm/examples/dwm_Tag/../../lib/libdwm.a(process-svc.o)
                0x00049e74                svc_start
 .text.svc_post_event
                0x00049e80       0x64 C:/Users/Jacob/Desktop/H60/DWM1001/Source_Code/DWM1001_on_board_package/DWM1001_on_board_package_R2.0/dwm/examples/dwm_Tag/../../lib/libdwm.a(process-svc.o)
                0x00049e80                svc_post_event
 .text.svc_suspend
                0x00049ee4       0x30 C:/Users/Jacob/Desktop/H60/DWM1001/Source_Code/DWM1001_on_board_package/DWM1001_on_board_package_R2.0/dwm/examples/dwm_Tag/../../lib/libdwm.a(process-svc.o)
                0x00049ee4                svc_suspend
 .text.svc_resume
                0x00049f14       0x28 C:/Users/Jacob/Desktop/H60/DWM1001/Source_Code/DWM1001_on_board_package/DWM1001_on_board_package_R2.0/dwm/examples/dwm_Tag/../../lib/libdwm.a(process-svc.o)
                0x00049f14                svc_resume
 .text.uwbmac_wkr_thread_entry
                0x00049f3c       0x1c C:/Users/Jacob/Desktop/H60/DWM1001/Source_Code/DWM1001_on_board_package/DWM1001_on_board_package_R2.0/dwm/examples/dwm_Tag/../../lib/libdwm.a(process-uwbmac.o)
 .text.uwbmac_thread_entry
                0x00049f58      0x12c C:/Users/Jacob/Desktop/H60/DWM1001/Source_Code/DWM1001_on_board_package/DWM1001_on_board_package_R2.0/dwm/examples/dwm_Tag/../../lib/libdwm.a(process-uwbmac.o)
 .text.uwbmac_init
                0x0004a084       0x6c C:/Users/Jacob/Desktop/H60/DWM1001/Source_Code/DWM1001_on_board_package/DWM1001_on_board_package_R2.0/dwm/examples/dwm_Tag/../../lib/libdwm.a(process-uwbmac.o)
                0x0004a084                uwbmac_init
 .text.uwbmac_start
                0x0004a0f0       0x18 C:/Users/Jacob/Desktop/H60/DWM1001/Source_Code/DWM1001_on_board_package/DWM1001_on_board_package_R2.0/dwm/examples/dwm_Tag/../../lib/libdwm.a(process-uwbmac.o)
                0x0004a0f0                uwbmac_start
 .text.dw_intr  0x0004a108        0xc C:/Users/Jacob/Desktop/H60/DWM1001/Source_Code/DWM1001_on_board_package/DWM1001_on_board_package_R2.0/dwm/examples/dwm_Tag/../../lib/libdwm.a(process-uwb.o)
                0x0004a108                dw_intr
 .text.uwb_init_uwb0
                0x0004a114      0x42c C:/Users/Jacob/Desktop/H60/DWM1001/Source_Code/DWM1001_on_board_package/DWM1001_on_board_package_R2.0/dwm/examples/dwm_Tag/../../lib/libdwm.a(process-uwb.o)
                0x0004a114                uwb_init_uwb0
 .text.uwb_thread_entry
                0x0004a540       0xac C:/Users/Jacob/Desktop/H60/DWM1001/Source_Code/DWM1001_on_board_package/DWM1001_on_board_package_R2.0/dwm/examples/dwm_Tag/../../lib/libdwm.a(process-uwb.o)
 .text.uwb_init
                0x0004a5ec       0x3c C:/Users/Jacob/Desktop/H60/DWM1001/Source_Code/DWM1001_on_board_package/DWM1001_on_board_package_R2.0/dwm/examples/dwm_Tag/../../lib/libdwm.a(process-uwb.o)
                0x0004a5ec                uwb_init
 .text.uwb_start
                0x0004a628        0xc C:/Users/Jacob/Desktop/H60/DWM1001/Source_Code/DWM1001_on_board_package/DWM1001_on_board_package_R2.0/dwm/examples/dwm_Tag/../../lib/libdwm.a(process-uwb.o)
                0x0004a628                uwb_start
 .text.uwb_init_ready_await
                0x0004a634       0x18 C:/Users/Jacob/Desktop/H60/DWM1001/Source_Code/DWM1001_on_board_package/DWM1001_on_board_package_R2.0/dwm/examples/dwm_Tag/../../lib/libdwm.a(process-uwb.o)
                0x0004a634                uwb_init_ready_await
 .text.uart_timeout_handler
                0x0004a64c       0x10 C:/Users/Jacob/Desktop/H60/DWM1001/Source_Code/DWM1001_on_board_package/DWM1001_on_board_package_R2.0/dwm/examples/dwm_Tag/../../lib/libdwm.a(serial.o)
 .text.uart_init
                0x0004a65c       0x10 C:/Users/Jacob/Desktop/H60/DWM1001/Source_Code/DWM1001_on_board_package/DWM1001_on_board_package_R2.0/dwm/examples/dwm_Tag/../../lib/libdwm.a(serial.o)
 .text.spis_gpio_set
                0x0004a66c       0x20 C:/Users/Jacob/Desktop/H60/DWM1001/Source_Code/DWM1001_on_board_package/DWM1001_on_board_package_R2.0/dwm/examples/dwm_Tag/../../lib/libdwm.a(serial.o)
 .text.spis_init
                0x0004a68c       0x10 C:/Users/Jacob/Desktop/H60/DWM1001/Source_Code/DWM1001_on_board_package/DWM1001_on_board_package_R2.0/dwm/examples/dwm_Tag/../../lib/libdwm.a(serial.o)
 .text.pm_serial_suspend
                0x0004a69c       0x58 C:/Users/Jacob/Desktop/H60/DWM1001/Source_Code/DWM1001_on_board_package/DWM1001_on_board_package_R2.0/dwm/examples/dwm_Tag/../../lib/libdwm.a(serial.o)
 .text.gpio_wakeup_intr
                0x0004a6f4        0xc C:/Users/Jacob/Desktop/H60/DWM1001/Source_Code/DWM1001_on_board_package/DWM1001_on_board_package_R2.0/dwm/examples/dwm_Tag/../../lib/libdwm.a(serial.o)
 .text._serial_status_change_ntfy
                0x0004a700       0x3c C:/Users/Jacob/Desktop/H60/DWM1001/Source_Code/DWM1001_on_board_package/DWM1001_on_board_package_R2.0/dwm/examples/dwm_Tag/../../lib/libdwm.a(serial.o)
 .text._serial_start
                0x0004a73c       0x1c C:/Users/Jacob/Desktop/H60/DWM1001/Source_Code/DWM1001_on_board_package/DWM1001_on_board_package_R2.0/dwm/examples/dwm_Tag/../../lib/libdwm.a(serial.o)
 .text._on_spis_evt
                0x0004a758       0x78 C:/Users/Jacob/Desktop/H60/DWM1001/Source_Code/DWM1001_on_board_package/DWM1001_on_board_package_R2.0/dwm/examples/dwm_Tag/../../lib/libdwm.a(serial.o)
 .text.spis_api_cb
                0x0004a7d0       0x60 C:/Users/Jacob/Desktop/H60/DWM1001/Source_Code/DWM1001_on_board_package/DWM1001_on_board_package_R2.0/dwm/examples/dwm_Tag/../../lib/libdwm.a(serial.o)
 .text._spis_init
                0x0004a830       0x2c C:/Users/Jacob/Desktop/H60/DWM1001/Source_Code/DWM1001_on_board_package/DWM1001_on_board_package_R2.0/dwm/examples/dwm_Tag/../../lib/libdwm.a(serial.o)
 .text._serial_sleep
                0x0004a85c       0x1c C:/Users/Jacob/Desktop/H60/DWM1001/Source_Code/DWM1001_on_board_package/DWM1001_on_board_package_R2.0/dwm/examples/dwm_Tag/../../lib/libdwm.a(serial.o)
 .text.spis_event_handler
                0x0004a878      0x1d0 C:/Users/Jacob/Desktop/H60/DWM1001/Source_Code/DWM1001_on_board_package/DWM1001_on_board_package_R2.0/dwm/examples/dwm_Tag/../../lib/libdwm.a(serial.o)
 .text.serial_sleep
                0x0004aa48       0x10 C:/Users/Jacob/Desktop/H60/DWM1001/Source_Code/DWM1001_on_board_package/DWM1001_on_board_package_R2.0/dwm/examples/dwm_Tag/../../lib/libdwm.a(serial.o)
                0x0004aa48                serial_sleep
 .text.serial_uart_reinit
                0x0004aa58       0x10 C:/Users/Jacob/Desktop/H60/DWM1001/Source_Code/DWM1001_on_board_package/DWM1001_on_board_package_R2.0/dwm/examples/dwm_Tag/../../lib/libdwm.a(serial.o)
                0x0004aa58                serial_uart_reinit
 .text.serial_status_change_ntfy
                0x0004aa68       0x10 C:/Users/Jacob/Desktop/H60/DWM1001/Source_Code/DWM1001_on_board_package/DWM1001_on_board_package_R2.0/dwm/examples/dwm_Tag/../../lib/libdwm.a(serial.o)
                0x0004aa68                serial_status_change_ntfy
 .text.serial_thread_entry
                0x0004aa78      0x168 C:/Users/Jacob/Desktop/H60/DWM1001/Source_Code/DWM1001_on_board_package/DWM1001_on_board_package_R2.0/dwm/examples/dwm_Tag/../../lib/libdwm.a(serial.o)
                0x0004aa78                serial_thread_entry
 .text.serial_start
                0x0004abe0       0x10 C:/Users/Jacob/Desktop/H60/DWM1001/Source_Code/DWM1001_on_board_package/DWM1001_on_board_package_R2.0/dwm/examples/dwm_Tag/../../lib/libdwm.a(serial.o)
                0x0004abe0                serial_start
 .text.serial_compile_spi
                0x0004abf0       0x58 C:/Users/Jacob/Desktop/H60/DWM1001/Source_Code/DWM1001_on_board_package/DWM1001_on_board_package_R2.0/dwm/examples/dwm_Tag/../../lib/libdwm.a(serial.o)
                0x0004abf0                serial_compile_spi
 .text.serial_is_uart_compiled
                0x0004ac48        0xc C:/Users/Jacob/Desktop/H60/DWM1001/Source_Code/DWM1001_on_board_package/DWM1001_on_board_package_R2.0/dwm/examples/dwm_Tag/../../lib/libdwm.a(serial.o)
                0x0004ac48                serial_is_uart_compiled
 .text.serial_is_compiled
                0x0004ac54        0xc C:/Users/Jacob/Desktop/H60/DWM1001/Source_Code/DWM1001_on_board_package/DWM1001_on_board_package_R2.0/dwm/examples/dwm_Tag/../../lib/libdwm.a(serial.o)
                0x0004ac54                serial_is_compiled
 .text.cmd_enc_key_clear
                0x0004ac60       0x34 C:/Users/Jacob/Desktop/H60/DWM1001/Source_Code/DWM1001_on_board_package/DWM1001_on_board_package_R2.0/dwm/examples/dwm_Tag/../../lib/libdwm.a(shell-api.o)
                0x0004ac60                cmd_enc_key_clear
 .text.cmd_nvm_usr_data_clear
                0x0004ac94       0x38 C:/Users/Jacob/Desktop/H60/DWM1001/Source_Code/DWM1001_on_board_package/DWM1001_on_board_package_R2.0/dwm/examples/dwm_Tag/../../lib/libdwm.a(shell-api.o)
 .text.cmd_nvm_usr_data_set
                0x0004accc       0xb8 C:/Users/Jacob/Desktop/H60/DWM1001/Source_Code/DWM1001_on_board_package/DWM1001_on_board_package_R2.0/dwm/examples/dwm_Tag/../../lib/libdwm.a(shell-api.o)
 .text.cmd_tlv  0x0004ad84       0xb0 C:/Users/Jacob/Desktop/H60/DWM1001/Source_Code/DWM1001_on_board_package/DWM1001_on_board_package_R2.0/dwm/examples/dwm_Tag/../../lib/libdwm.a(shell-api.o)
 .text.api_cb   0x0004ae34       0x44 C:/Users/Jacob/Desktop/H60/DWM1001/Source_Code/DWM1001_on_board_package/DWM1001_on_board_package_R2.0/dwm/examples/dwm_Tag/../../lib/libdwm.a(shell-api.o)